******************************************************************************
                  TI ARM Linker PC v16.9.3                     
******************************************************************************
>> Linked Fri Apr 13 12:52:08 2018

OUTPUT FILE NAME:   <Practica4_PAE.out>
ENTRY POINT SYMBOL: "_c_int00"  address: 00004211


MEMORY CONFIGURATION

         name            origin    length      used     unused   attr    fill
----------------------  --------  ---------  --------  --------  ----  --------
  MAIN                  00000000   00040000  000054d7  0003ab29  R  X
  INFO                  00200000   00004000  00000000  00004000  R  X
  SRAM_CODE             01000000   00010000  0000067f  0000f981  RW X
  SRAM_DATA             20000000   00010000  0000067f  0000f981  RW  


SEGMENT ALLOCATION MAP

run origin  load origin   length   init length attrs members
----------  ----------- ---------- ----------- ----- -------
00000000    00000000    000054d8   000054d8    r-x
  00000000    00000000    000000e4   000000e4    r-- .intvecs
  000000e4    000000e4    000043ec   000043ec    r-x .text
  000044d0    000044d0    00000f9f   00000f9f    r-- .const
  00005470    00005470    00000068   00000068    r-- .cinit
20000000    20000000    00000480   00000000    rw-
  20000000    20000000    00000423   00000000    rw- .bss
  20000424    20000424    0000005c   00000000    rw- .data
2000fe00    2000fe00    00000200   00000000    rw-
  2000fe00    2000fe00    00000200   00000000    rw- .stack


SECTION ALLOCATION MAP

 output                                  attributes/
section   page    origin      length       input sections
--------  ----  ----------  ----------   ----------------
.intvecs   0    00000000    000000e4     
                  00000000    000000e4     startup_msp432p401r_ccs.obj (.intvecs:retain)

.binit     0    00000000    00000000     

.text      0    000000e4    000043ec     
                  000000e4    0000113e     rtsv7M4_T_le_v4SPD16_eabi.lib : _printfi.obj (.text)
                  00001222    00000002                                   : mpu_init.obj (.text)
                  00001224    0000104c     lib_PAE2.lib : graphics.obj (.text)
                  00002270    000008a8                  : lcd.obj (.text)
                  00002b18    00000730     main.obj (.text)
                  00003248    0000032c     system_msp432p401r.obj (.text)
                  00003574    000001f4     rtsv7M4_T_le_v4SPD16_eabi.lib : ull_div_t2.obj (.text)
                  00003768    000001b6                                   : fd_add_t2.obj (.text)
                  0000391e    00000002                                   : startup.obj (.text)
                  00003920    00000188     lib_PAE2.lib : msp_LCD.obj (.text)
                  00003aa8    00000136     rtsv7M4_T_le_v4SPD16_eabi.lib : fd_div_t2.obj (.text)
                  00003bde    000000fc                                   : fd_mul_t2.obj (.text)
                  00003cda    00000002     --HOLE-- [fill = 0]
                  00003cdc    000000fc                                   : s_scalbn.obj (.text)
                  00003dd8    0000009c                                   : memcpy_t2.obj (.text)
                  00003e74    00000086                                   : fd_cmp_t2.obj (.text:__aeabi_cdcmple)
                  00003efa    00000086                                   : fd_cmp_t2.obj (.text:__aeabi_cdrcmple)
                  00003f80    0000007a                                   : memset_t2.obj (.text)
                  00003ffa    00000002     --HOLE-- [fill = 0]
                  00003ffc    00000078     lib_PAE2.lib : Inicializacion.obj (.text)
                  00004074    00000070     rtsv7M4_T_le_v4SPD16_eabi.lib : autoinit.obj (.text)
                  000040e4    00000068                                   : copy_decompress_lzss.obj (.text:decompress:lzss)
                  0000414c    00000064                                   : s_frexp.obj (.text)
                  000041b0    00000060                                   : sprintf.obj (.text)
                  00004210    00000054                                   : boot.obj (.text)
                  00004264    00000054                                   : exit.obj (.text)
                  000042b8    00000054                                   : ltoa.obj (.text)
                  0000430c    0000004c                                   : atoi.obj (.text)
                  00004358    0000004c                                   : cpy_tbl.obj (.text)
                  000043a4    00000048                                   : fd_toi_t2.obj (.text)
                  000043ec    0000002e                                   : i_tofd_t2.obj (.text)
                  0000441a    0000001c                                   : memccpy.obj (.text)
                  00004436    00000002     --HOLE-- [fill = 0]
                  00004438    00000018                                   : args_main.obj (.text)
                  00004450    00000016                                   : strchr.obj (.text)
                  00004466    00000002     --HOLE-- [fill = 0]
                  00004468    00000014                                   : _lock.obj (.text)
                  0000447c    00000014                                   : s_copysign.obj (.text)
                  00004490    00000014                                   : strlen.obj (.text)
                  000044a4    0000000e                                   : copy_decompress_none.obj (.text:decompress:none)
                  000044b2    0000000e     startup_msp432p401r_ccs.obj (.text)
                  000044c0    0000000c     rtsv7M4_T_le_v4SPD16_eabi.lib : copy_zero_init.obj (.text:decompress:ZI)
                  000044cc    00000004                                   : pre_init.obj (.text)

.const     0    000044d0    00000f9f     
                  000044d0    0000082a     lib_PAE2.lib : graphics.obj (.const:font_11x16)
                  00004cfa    00000474                  : graphics.obj (.const:font_8x12)
                  0000516e    000001e0                  : graphics.obj (.const:font_5x7)
                  0000534e    00000101     rtsv7M4_T_le_v4SPD16_eabi.lib : ctype.obj (.const:.string:_ctypes_)
                  0000544f    00000010     lib_PAE2.lib : lcd.obj (.const:.string:$P$T0$1)
                  0000545f    00000010                  : lcd.obj (.const:.string:$P$T1$2)

.cinit     0    00005470    00000068     
                  00005470    00000040     (.cinit..data.load) [load image, compression = lzss]
                  000054b0    0000000c     (__TI_handler_table)
                  000054bc    00000004     --HOLE-- [fill = 0]
                  000054c0    00000008     (.cinit..bss.load) [load image, compression = zero_init]
                  000054c8    00000010     (__TI_cinit_table)

.init_array 
*          0    00000000    00000000     UNINITIALIZED

.bss       0    20000000    00000423     UNINITIALIZED
                  20000000    00000400     lib_PAE2.lib : graphics.obj (.bss:g_pulConvertedPalette)
                  20000400    00000023     (.common:readPacket)

.data      0    20000424    0000005c     UNINITIALIZED
                  20000424    00000010     main.obj (.data:borrado)
                  20000434    00000010     main.obj (.data:saludo)
                  20000444    0000000c     rtsv7M4_T_le_v4SPD16_eabi.lib : exit.obj (.data:$O1$$)
                  20000450    0000000b     main.obj (.data)
                  2000045b    00000001     --HOLE--
                  2000045c    0000000a     lib_PAE2.lib : lcd.obj (.data)
                  20000466    00000002     --HOLE--
                  20000468    00000008     rtsv7M4_T_le_v4SPD16_eabi.lib : _lock.obj (.data:$O1$$)
                  20000470    00000004     lib_PAE2.lib : graphics.obj (.data)
                  20000474    00000004     rtsv7M4_T_le_v4SPD16_eabi.lib : errno.obj (.data)
                  20000478    00000004                                   : stkdepth_vars.obj (.data)
                  2000047c    00000004     system_msp432p401r.obj (.data)

.stack     0    2000fe00    00000200     UNINITIALIZED
                  2000fe00    00000200     --HOLE--

MODULE SUMMARY

       Module                        code    ro data   rw data
       ------                        ----    -------   -------
    .\
       main.obj                      1840    0         156    
       system_msp432p401r.obj        812     0         8      
       startup_msp432p401r_ccs.obj   14      228       0      
    +--+-----------------------------+-------+---------+---------+
       Total:                        2666    228       164    
                                                              
    ../lib_PAE2.lib
       graphics.obj                  4172    3710      2056   
       lcd.obj                       2216    32        20     
       msp_LCD.obj                   392     0         0      
       Inicializacion.obj            120     0         0      
    +--+-----------------------------+-------+---------+---------+
       Total:                        6900    3742      2076   
                                                              
    C:\ti\ccsv7\tools\compiler\ti-cgt-arm_16.9.3.LTS\lib\rtsv7M4_T_le_v4SPD16_eabi.lib
       _printfi.obj                  4414    0         0      
       ull_div_t2.obj                500     0         0      
       fd_add_t2.obj                 438     0         0      
       fd_div_t2.obj                 310     0         0      
       fd_cmp_t2.obj                 268     0         0      
       ctype.obj                     0       257       0      
       fd_mul_t2.obj                 252     0         0      
       s_scalbn.obj                  252     0         0      
       memcpy_t2.obj                 156     0         0      
       memset_t2.obj                 122     0         0      
       autoinit.obj                  112     0         0      
       exit.obj                      84      0         24     
       copy_decompress_lzss.obj      104     0         0      
       s_frexp.obj                   100     0         0      
       sprintf.obj                   96      0         0      
       boot.obj                      84      0         0      
       ltoa.obj                      84      0         0      
       atoi.obj                      76      0         0      
       cpy_tbl.obj                   76      0         0      
       fd_toi_t2.obj                 72      0         0      
       i_tofd_t2.obj                 46      0         0      
       _lock.obj                     20      0         16     
       memccpy.obj                   28      0         0      
       args_main.obj                 24      0         0      
       strchr.obj                    22      0         0      
       s_copysign.obj                20      0         0      
       strlen.obj                    20      0         0      
       copy_decompress_none.obj      14      0         0      
       copy_zero_init.obj            12      0         0      
       errno.obj                     0       0         8      
       stkdepth_vars.obj             0       0         8      
       pre_init.obj                  4       0         0      
       mpu_init.obj                  2       0         0      
       startup.obj                   2       0         0      
    +--+-----------------------------+-------+---------+---------+
       Total:                        7814    257       56     
                                                              
       Stack:                        0       0         1024   
       Linker Generated:             0       100       0      
    +--+-----------------------------+-------+---------+---------+
       Grand Total:                  17380   4327      3320   


LINKER GENERATED COPY TABLES

__TI_cinit_table @ 000054c8 records: 2, size/record: 8, table size: 16
	.data: load addr=00005470, load size=00000040 bytes, run addr=20000424, run size=0000005c bytes, compression=lzss
	.bss: load addr=000054c0, load size=00000008 bytes, run addr=20000000, run size=00000423 bytes, compression=zero_init


LINKER GENERATED HANDLER TABLE

__TI_handler_table @ 000054b0 records: 3, size/record: 4, table size: 12
	index: 0, handler: __TI_decompress_lzss
	index: 1, handler: __TI_decompress_none
	index: 2, handler: __TI_zero_init


GLOBAL SYMBOLS: SORTED ALPHABETICALLY BY Name 

address   name                           
-------   ----                           
000044bf  ADC14_IRQHandler               
000044bf  AES256_IRQHandler              
000044bf  BusFault_Handler               
20000452  Byte_Recibido                  
00004265  C$$EXIT                        
000044bf  COMP_E0_IRQHandler             
000044bf  COMP_E1_IRQHandler             
000044bf  CS_IRQHandler                  
2000045e  Color_Fondo                    
20000462  Color_Fondo_Inv                
20000460  Color_Texto                    
20000464  Color_Texto_Inv                
000044bf  DMA_ERR_IRQHandler             
000044bf  DMA_INT0_IRQHandler            
000044bf  DMA_INT1_IRQHandler            
000044bf  DMA_INT2_IRQHandler            
000044bf  DMA_INT3_IRQHandler            
000044bf  DebugMon_Handler               
000044bf  Default_Handler                
000044bf  EUSCIA0_IRQHandler             
000044bf  EUSCIA1_IRQHandler             
00003063  EUSCIA2_IRQHandler             
00003063  EUSCIA2_IRQHandler             
000044bf  EUSCIA3_IRQHandler             
000044bf  EUSCIB0_IRQHandler             
000044bf  EUSCIB1_IRQHandler             
000044bf  EUSCIB2_IRQHandler             
000044bf  EUSCIB3_IRQHandler             
000044bf  FLCTL_IRQHandler               
000044bf  FPU_IRQHandler                 
2000045d  Fuente                         
000044bf  HardFault_Handler              
000044bf  MemManage_Handler              
000044bf  NMI_Handler                    
000044bf  PCM_IRQHandler                 
000044bf  PORT1_IRQHandler               
000044bf  PORT2_IRQHandler               
000044bf  PORT3_IRQHandler               
000044bf  PORT4_IRQHandler               
000044bf  PORT5_IRQHandler               
000044bf  PORT6_IRQHandler               
000044bf  PSS_IRQHandler                 
000044bf  PendSV_Handler                 
000044bf  RTC_C_IRQHandler               
000044b3  Reset_Handler                  
00002c33  RxPacket                       
UNDEFED   SHT$$INIT_ARRAY$$Base          
UNDEFED   SHT$$INIT_ARRAY$$Limit         
000044bf  SVC_Handler                    
00002c1b  Sentit_Dades_Rx                
00002c27  Sentit_Dades_Tx                
000044bf  SysTick_Handler                
2000047c  SystemCoreClock                
00003249  SystemCoreClockUpdate          
000034bd  SystemInit                     
000044bf  T32_INT1_IRQHandler            
000044bf  T32_INT2_IRQHandler            
000044bf  T32_INTC_IRQHandler            
0000303b  TA0_0_IRQHandler               
0000303b  TA0_0_IRQHandler               
000044bf  TA0_N_IRQHandler               
000044bf  TA1_0_IRQHandler               
000044bf  TA1_N_IRQHandler               
000044bf  TA2_0_IRQHandler               
000044bf  TA2_N_IRQHandler               
000044bf  TA3_0_IRQHandler               
000044bf  TA3_N_IRQHandler               
00002cdb  TxPacket                       
00002db1  TxPacket2                      
00002c77  TxUAC2                         
00002cbf  TxUAC2_2                       
000044bf  UsageFault_Handler             
4000480c  WDTCTL_SYM                     
000044bf  WDT_A_IRQHandler               
20010000  __STACK_END                    
00000200  __STACK_SIZE                   
000054c8  __TI_CINIT_Base                
000054d8  __TI_CINIT_Limit               
000054b0  __TI_Handler_Table_Base        
000054bc  __TI_Handler_Table_Limit       
00004075  __TI_auto_init                 
20000444  __TI_cleanup_ptr               
000040e5  __TI_decompress_lzss           
000044a5  __TI_decompress_none           
20000448  __TI_dtors_ptr                 
2000044c  __TI_enable_exit_profile_output
ffffffff  __TI_pprof_out_hndl            
00000929  __TI_printfi                   
ffffffff  __TI_prof_data_size            
ffffffff  __TI_prof_data_start           
00000000  __TI_static_base__             
000044c1  __TI_zero_init                 
00003e75  __aeabi_cdcmpeq                
00003e75  __aeabi_cdcmple                
00003efb  __aeabi_cdrcmple               
000043a5  __aeabi_d2iz                   
00003773  __aeabi_dadd                   
00003aa9  __aeabi_ddiv                   
00003bdf  __aeabi_dmul                   
00003769  __aeabi_dsub                   
000043ed  __aeabi_i2d                    
00003f81  __aeabi_memclr                 
00003f81  __aeabi_memclr4                
00003f81  __aeabi_memclr8                
00003dd9  __aeabi_memcpy                 
00003dd9  __aeabi_memcpy4                
00003dd9  __aeabi_memcpy8                
00003f83  __aeabi_memset                 
00003f83  __aeabi_memset4                
00003f83  __aeabi_memset8                
00003575  __aeabi_uldivmod               
ffffffff  __binit__                      
ffffffff  __c_args__                     
00001223  __mpu_init                     
2000fe00  __stack                        
00004439  _args_main                     
00004211  _c_int00                       
0000534e  _ctypes_                       
20000468  _lock                          
00004477  _nop                           
2000045c  _orientation                   
0000446f  _register_lock                 
00004469  _register_unlock               
0000391f  _system_post_cinit             
000044cd  _system_pre_init               
2000046c  _unlock                        
00004269  abort                          
0000430d  atoi                           
20000473  bgColorHighByte                
20000472  bgColorLowByte                 
ffffffff  binit                          
20000424  borrado                        
00002b3d  borrar                         
000026a1  cambiar_orientacion            
00001261  clearScreen                    
000012ef  clearScreenBkg                 
20000471  colorHighByte                  
20000470  colorLowByte                   
00004359  copy_in                        
0000447d  copysign                       
0000447d  copysignl                      
00003a45  delay                          
00002eb1  delay_t                        
00001661  drawCharLg                     
00001709  drawCharLgBkg                  
000017ed  drawCharMd                     
0000189b  drawCharMdBkg                  
000014e1  drawCharSm                     
00001587  drawCharSmBkg                  
00001edb  drawCircle                     
000019fd  drawImage                      
00001a15  drawImageLut                   
00001b23  drawImageMono                  
00001c81  drawLine                       
00001b41  drawLogicLine                  
00001377  drawPixel                      
00001e77  drawRect                       
000013a7  drawString                     
20000474  errno                          
00002b51  escribir                       
000031d9  escribirPacket                 
00004271  exit                           
000020f9  fillCircle                     
0000205b  fillRect                       
000044d0  font_11x16                     
0000516e  font_5x7                       
00004cfa  font_8x12                      
0000414d  frexp                          
0000414d  frexpl                         
0000231b  getAltura                      
000022c9  getColumna                     
00002277  getLinea                       
00002271  getOrientacion                 
00002f01  getPacket_MoveServo            
00002377  getScreenHeight                
00002361  getScreenWidth                 
00002831  halLcdClearLine                
000026cf  halLcdClearScreen              
000026f3  halLcdClearScreenBkg           
000029a5  halLcdDrawCircle               
00002aad  halLcdDrawImageLut             
000028f9  halLcdDrawLine                 
000028a7  halLcdDrawPixel                
0000294d  halLcdDrawRect                 
00002a51  halLcdFillCircle               
000029f5  halLcdFillRect                 
000026c3  halLcdInit                     
00002713  halLcdPrintLine                
00002793  halLcdPrintLineCol             
000024ed  initLCD                        
00002b31  init_LCD                       
00002bb3  init_UART                      
00002b19  init_interrupciones            
00003921  init_spi_lcd_tactil            
00002b67  init_timers                    
00003ffd  init_ucs_16MHz                 
00004035  init_ucs_24MHz                 
00003193  initializeReadPacket           
00000000  interruptVectors               
00003cdd  ldexp                          
00003cdd  ldexpl                         
20000450  linea                          
000042b9  ltoa                           
00002f79  main                           
20000478  main_func_sp                   
0000441b  memccpy                        
00003dd9  memcpy                         
00003f89  memset                         
20000458  readIndex                      
20000400  readPacket                     
2000045a  readingProcessState            
20000434  saludo                         
00003cdd  scalbn                         
00003cdd  scalbnl                        
0000238d  setArea                        
00001243  setBackgroundColor             
00001225  setColor                       
00002633  setOrientation                 
000041b1  sprintf                        
00004451  strchr                         
00004491  strlen                         
20000451  timer                          
20000459  toggleRead                     
20000456  velocidad_left                 
20000454  velocidad_right                
00003a1f  writeCommand                   
000039f9  writeData                      


GLOBAL SYMBOLS: SORTED BY Symbol Address 

address   name                           
-------   ----                           
00000000  __TI_static_base__             
00000000  interruptVectors               
00000200  __STACK_SIZE                   
00000929  __TI_printfi                   
00001223  __mpu_init                     
00001225  setColor                       
00001243  setBackgroundColor             
00001261  clearScreen                    
000012ef  clearScreenBkg                 
00001377  drawPixel                      
000013a7  drawString                     
000014e1  drawCharSm                     
00001587  drawCharSmBkg                  
00001661  drawCharLg                     
00001709  drawCharLgBkg                  
000017ed  drawCharMd                     
0000189b  drawCharMdBkg                  
000019fd  drawImage                      
00001a15  drawImageLut                   
00001b23  drawImageMono                  
00001b41  drawLogicLine                  
00001c81  drawLine                       
00001e77  drawRect                       
00001edb  drawCircle                     
0000205b  fillRect                       
000020f9  fillCircle                     
00002271  getOrientacion                 
00002277  getLinea                       
000022c9  getColumna                     
0000231b  getAltura                      
00002361  getScreenWidth                 
00002377  getScreenHeight                
0000238d  setArea                        
000024ed  initLCD                        
00002633  setOrientation                 
000026a1  cambiar_orientacion            
000026c3  halLcdInit                     
000026cf  halLcdClearScreen              
000026f3  halLcdClearScreenBkg           
00002713  halLcdPrintLine                
00002793  halLcdPrintLineCol             
00002831  halLcdClearLine                
000028a7  halLcdDrawPixel                
000028f9  halLcdDrawLine                 
0000294d  halLcdDrawRect                 
000029a5  halLcdDrawCircle               
000029f5  halLcdFillRect                 
00002a51  halLcdFillCircle               
00002aad  halLcdDrawImageLut             
00002b19  init_interrupciones            
00002b31  init_LCD                       
00002b3d  borrar                         
00002b51  escribir                       
00002b67  init_timers                    
00002bb3  init_UART                      
00002c1b  Sentit_Dades_Rx                
00002c27  Sentit_Dades_Tx                
00002c33  RxPacket                       
00002c77  TxUAC2                         
00002cbf  TxUAC2_2                       
00002cdb  TxPacket                       
00002db1  TxPacket2                      
00002eb1  delay_t                        
00002f01  getPacket_MoveServo            
00002f79  main                           
0000303b  TA0_0_IRQHandler               
0000303b  TA0_0_IRQHandler               
00003063  EUSCIA2_IRQHandler             
00003063  EUSCIA2_IRQHandler             
00003193  initializeReadPacket           
000031d9  escribirPacket                 
00003249  SystemCoreClockUpdate          
000034bd  SystemInit                     
00003575  __aeabi_uldivmod               
00003769  __aeabi_dsub                   
00003773  __aeabi_dadd                   
0000391f  _system_post_cinit             
00003921  init_spi_lcd_tactil            
000039f9  writeData                      
00003a1f  writeCommand                   
00003a45  delay                          
00003aa9  __aeabi_ddiv                   
00003bdf  __aeabi_dmul                   
00003cdd  ldexp                          
00003cdd  ldexpl                         
00003cdd  scalbn                         
00003cdd  scalbnl                        
00003dd9  __aeabi_memcpy                 
00003dd9  __aeabi_memcpy4                
00003dd9  __aeabi_memcpy8                
00003dd9  memcpy                         
00003e75  __aeabi_cdcmpeq                
00003e75  __aeabi_cdcmple                
00003efb  __aeabi_cdrcmple               
00003f81  __aeabi_memclr                 
00003f81  __aeabi_memclr4                
00003f81  __aeabi_memclr8                
00003f83  __aeabi_memset                 
00003f83  __aeabi_memset4                
00003f83  __aeabi_memset8                
00003f89  memset                         
00003ffd  init_ucs_16MHz                 
00004035  init_ucs_24MHz                 
00004075  __TI_auto_init                 
000040e5  __TI_decompress_lzss           
0000414d  frexp                          
0000414d  frexpl                         
000041b1  sprintf                        
00004211  _c_int00                       
00004265  C$$EXIT                        
00004269  abort                          
00004271  exit                           
000042b9  ltoa                           
0000430d  atoi                           
00004359  copy_in                        
000043a5  __aeabi_d2iz                   
000043ed  __aeabi_i2d                    
0000441b  memccpy                        
00004439  _args_main                     
00004451  strchr                         
00004469  _register_unlock               
0000446f  _register_lock                 
00004477  _nop                           
0000447d  copysign                       
0000447d  copysignl                      
00004491  strlen                         
000044a5  __TI_decompress_none           
000044b3  Reset_Handler                  
000044bf  ADC14_IRQHandler               
000044bf  AES256_IRQHandler              
000044bf  BusFault_Handler               
000044bf  COMP_E0_IRQHandler             
000044bf  COMP_E1_IRQHandler             
000044bf  CS_IRQHandler                  
000044bf  DMA_ERR_IRQHandler             
000044bf  DMA_INT0_IRQHandler            
000044bf  DMA_INT1_IRQHandler            
000044bf  DMA_INT2_IRQHandler            
000044bf  DMA_INT3_IRQHandler            
000044bf  DebugMon_Handler               
000044bf  Default_Handler                
000044bf  EUSCIA0_IRQHandler             
000044bf  EUSCIA1_IRQHandler             
000044bf  EUSCIA3_IRQHandler             
000044bf  EUSCIB0_IRQHandler             
000044bf  EUSCIB1_IRQHandler             
000044bf  EUSCIB2_IRQHandler             
000044bf  EUSCIB3_IRQHandler             
000044bf  FLCTL_IRQHandler               
000044bf  FPU_IRQHandler                 
000044bf  HardFault_Handler              
000044bf  MemManage_Handler              
000044bf  NMI_Handler                    
000044bf  PCM_IRQHandler                 
000044bf  PORT1_IRQHandler               
000044bf  PORT2_IRQHandler               
000044bf  PORT3_IRQHandler               
000044bf  PORT4_IRQHandler               
000044bf  PORT5_IRQHandler               
000044bf  PORT6_IRQHandler               
000044bf  PSS_IRQHandler                 
000044bf  PendSV_Handler                 
000044bf  RTC_C_IRQHandler               
000044bf  SVC_Handler                    
000044bf  SysTick_Handler                
000044bf  T32_INT1_IRQHandler            
000044bf  T32_INT2_IRQHandler            
000044bf  T32_INTC_IRQHandler            
000044bf  TA0_N_IRQHandler               
000044bf  TA1_0_IRQHandler               
000044bf  TA1_N_IRQHandler               
000044bf  TA2_0_IRQHandler               
000044bf  TA2_N_IRQHandler               
000044bf  TA3_0_IRQHandler               
000044bf  TA3_N_IRQHandler               
000044bf  UsageFault_Handler             
000044bf  WDT_A_IRQHandler               
000044c1  __TI_zero_init                 
000044cd  _system_pre_init               
000044d0  font_11x16                     
00004cfa  font_8x12                      
0000516e  font_5x7                       
0000534e  _ctypes_                       
000054b0  __TI_Handler_Table_Base        
000054bc  __TI_Handler_Table_Limit       
000054c8  __TI_CINIT_Base                
000054d8  __TI_CINIT_Limit               
20000400  readPacket                     
20000424  borrado                        
20000434  saludo                         
20000444  __TI_cleanup_ptr               
20000448  __TI_dtors_ptr                 
2000044c  __TI_enable_exit_profile_output
20000450  linea                          
20000451  timer                          
20000452  Byte_Recibido                  
20000454  velocidad_right                
20000456  velocidad_left                 
20000458  readIndex                      
20000459  toggleRead                     
2000045a  readingProcessState            
2000045c  _orientation                   
2000045d  Fuente                         
2000045e  Color_Fondo                    
20000460  Color_Texto                    
20000462  Color_Fondo_Inv                
20000464  Color_Texto_Inv                
20000468  _lock                          
2000046c  _unlock                        
20000470  colorLowByte                   
20000471  colorHighByte                  
20000472  bgColorLowByte                 
20000473  bgColorHighByte                
20000474  errno                          
20000478  main_func_sp                   
2000047c  SystemCoreClock                
2000fe00  __stack                        
20010000  __STACK_END                    
4000480c  WDTCTL_SYM                     
ffffffff  __TI_pprof_out_hndl            
ffffffff  __TI_prof_data_size            
ffffffff  __TI_prof_data_start           
ffffffff  __binit__                      
ffffffff  __c_args__                     
ffffffff  binit                          
UNDEFED   SHT$$INIT_ARRAY$$Base          
UNDEFED   SHT$$INIT_ARRAY$$Limit         

[227 symbols]
