<?xml version="1.0"?>
<link_info>
   <banner>TI ARM Linker PC v16.9.3.LTS</banner>
   <copyright>Copyright (c) 1996-2017 Texas Instruments Incorporated</copyright>
   <link_time>0x5ad08bd8</link_time>
   <link_errors>0x0</link_errors>
   <output_file>Practica4_PAE.out</output_file>
   <entry_point>
      <name>_c_int00</name>
      <address>0x4211</address>
   </entry_point>
   <input_file_list>
      <input_file id="fl-2">
         <path>.\</path>
         <kind>object</kind>
         <file>main.obj</file>
         <name>main.obj</name>
      </input_file>
      <input_file id="fl-3">
         <path>.\</path>
         <kind>object</kind>
         <file>startup_msp432p401r_ccs.obj</file>
         <name>startup_msp432p401r_ccs.obj</name>
      </input_file>
      <input_file id="fl-4">
         <path>.\</path>
         <kind>object</kind>
         <file>system_msp432p401r.obj</file>
         <name>system_msp432p401r.obj</name>
      </input_file>
      <input_file id="fl-9">
         <kind>object</kind>
         <file>&lt;internal&gt;</file>
         <name>&lt;internal&gt;</name>
      </input_file>
      <input_file id="fl-a">
         <path>..\</path>
         <kind>archive</kind>
         <file>lib_PAE2.lib</file>
         <name>Inicializacion.obj</name>
      </input_file>
      <input_file id="fl-b">
         <path>..\</path>
         <kind>archive</kind>
         <file>lib_PAE2.lib</file>
         <name>lcd.obj</name>
      </input_file>
      <input_file id="fl-c">
         <path>..\</path>
         <kind>archive</kind>
         <file>lib_PAE2.lib</file>
         <name>msp_LCD.obj</name>
      </input_file>
      <input_file id="fl-d">
         <path>..\</path>
         <kind>archive</kind>
         <file>lib_PAE2.lib</file>
         <name>graphics.obj</name>
      </input_file>
      <input_file id="fl-c3">
         <path>C:\ti\ccsv7\tools\compiler\ti-cgt-arm_16.9.3.LTS\lib\</path>
         <kind>archive</kind>
         <file>rtsv7M4_T_le_v4SPD16_eabi.lib</file>
         <name>boot.obj</name>
      </input_file>
      <input_file id="fl-c4">
         <path>C:\ti\ccsv7\tools\compiler\ti-cgt-arm_16.9.3.LTS\lib\</path>
         <kind>archive</kind>
         <file>rtsv7M4_T_le_v4SPD16_eabi.lib</file>
         <name>copy_decompress_lzss.obj</name>
      </input_file>
      <input_file id="fl-c5">
         <path>C:\ti\ccsv7\tools\compiler\ti-cgt-arm_16.9.3.LTS\lib\</path>
         <kind>archive</kind>
         <file>rtsv7M4_T_le_v4SPD16_eabi.lib</file>
         <name>copy_decompress_none.obj</name>
      </input_file>
      <input_file id="fl-c6">
         <path>C:\ti\ccsv7\tools\compiler\ti-cgt-arm_16.9.3.LTS\lib\</path>
         <kind>archive</kind>
         <file>rtsv7M4_T_le_v4SPD16_eabi.lib</file>
         <name>copy_zero_init.obj</name>
      </input_file>
      <input_file id="fl-c7">
         <path>C:\ti\ccsv7\tools\compiler\ti-cgt-arm_16.9.3.LTS\lib\</path>
         <kind>archive</kind>
         <file>rtsv7M4_T_le_v4SPD16_eabi.lib</file>
         <name>exit.obj</name>
      </input_file>
      <input_file id="fl-c8">
         <path>C:\ti\ccsv7\tools\compiler\ti-cgt-arm_16.9.3.LTS\lib\</path>
         <kind>archive</kind>
         <file>rtsv7M4_T_le_v4SPD16_eabi.lib</file>
         <name>memcpy_t2.obj</name>
      </input_file>
      <input_file id="fl-c9">
         <path>C:\ti\ccsv7\tools\compiler\ti-cgt-arm_16.9.3.LTS\lib\</path>
         <kind>archive</kind>
         <file>rtsv7M4_T_le_v4SPD16_eabi.lib</file>
         <name>memset_t2.obj</name>
      </input_file>
      <input_file id="fl-ca">
         <path>C:\ti\ccsv7\tools\compiler\ti-cgt-arm_16.9.3.LTS\lib\</path>
         <kind>archive</kind>
         <file>rtsv7M4_T_le_v4SPD16_eabi.lib</file>
         <name>mpu_init.obj</name>
      </input_file>
      <input_file id="fl-cb">
         <path>C:\ti\ccsv7\tools\compiler\ti-cgt-arm_16.9.3.LTS\lib\</path>
         <kind>archive</kind>
         <file>rtsv7M4_T_le_v4SPD16_eabi.lib</file>
         <name>pre_init.obj</name>
      </input_file>
      <input_file id="fl-cc">
         <path>C:\ti\ccsv7\tools\compiler\ti-cgt-arm_16.9.3.LTS\lib\</path>
         <kind>archive</kind>
         <file>rtsv7M4_T_le_v4SPD16_eabi.lib</file>
         <name>sprintf.obj</name>
      </input_file>
      <input_file id="fl-cd">
         <path>C:\ti\ccsv7\tools\compiler\ti-cgt-arm_16.9.3.LTS\lib\</path>
         <kind>archive</kind>
         <file>rtsv7M4_T_le_v4SPD16_eabi.lib</file>
         <name>stkdepth_vars.obj</name>
      </input_file>
      <input_file id="fl-ce">
         <path>C:\ti\ccsv7\tools\compiler\ti-cgt-arm_16.9.3.LTS\lib\</path>
         <kind>archive</kind>
         <file>rtsv7M4_T_le_v4SPD16_eabi.lib</file>
         <name>_lock.obj</name>
      </input_file>
      <input_file id="fl-cf">
         <path>C:\ti\ccsv7\tools\compiler\ti-cgt-arm_16.9.3.LTS\lib\</path>
         <kind>archive</kind>
         <file>rtsv7M4_T_le_v4SPD16_eabi.lib</file>
         <name>_printfi.obj</name>
      </input_file>
      <input_file id="fl-d0">
         <path>C:\ti\ccsv7\tools\compiler\ti-cgt-arm_16.9.3.LTS\lib\</path>
         <kind>archive</kind>
         <file>rtsv7M4_T_le_v4SPD16_eabi.lib</file>
         <name>args_main.obj</name>
      </input_file>
      <input_file id="fl-d1">
         <path>C:\ti\ccsv7\tools\compiler\ti-cgt-arm_16.9.3.LTS\lib\</path>
         <kind>archive</kind>
         <file>rtsv7M4_T_le_v4SPD16_eabi.lib</file>
         <name>atoi.obj</name>
      </input_file>
      <input_file id="fl-d2">
         <path>C:\ti\ccsv7\tools\compiler\ti-cgt-arm_16.9.3.LTS\lib\</path>
         <kind>archive</kind>
         <file>rtsv7M4_T_le_v4SPD16_eabi.lib</file>
         <name>autoinit.obj</name>
      </input_file>
      <input_file id="fl-d3">
         <path>C:\ti\ccsv7\tools\compiler\ti-cgt-arm_16.9.3.LTS\lib\</path>
         <kind>archive</kind>
         <file>rtsv7M4_T_le_v4SPD16_eabi.lib</file>
         <name>cpy_tbl.obj</name>
      </input_file>
      <input_file id="fl-d4">
         <path>C:\ti\ccsv7\tools\compiler\ti-cgt-arm_16.9.3.LTS\lib\</path>
         <kind>archive</kind>
         <file>rtsv7M4_T_le_v4SPD16_eabi.lib</file>
         <name>ctype.obj</name>
      </input_file>
      <input_file id="fl-d5">
         <path>C:\ti\ccsv7\tools\compiler\ti-cgt-arm_16.9.3.LTS\lib\</path>
         <kind>archive</kind>
         <file>rtsv7M4_T_le_v4SPD16_eabi.lib</file>
         <name>fd_add_t2.obj</name>
      </input_file>
      <input_file id="fl-d6">
         <path>C:\ti\ccsv7\tools\compiler\ti-cgt-arm_16.9.3.LTS\lib\</path>
         <kind>archive</kind>
         <file>rtsv7M4_T_le_v4SPD16_eabi.lib</file>
         <name>fd_cmp_t2.obj</name>
      </input_file>
      <input_file id="fl-d7">
         <path>C:\ti\ccsv7\tools\compiler\ti-cgt-arm_16.9.3.LTS\lib\</path>
         <kind>archive</kind>
         <file>rtsv7M4_T_le_v4SPD16_eabi.lib</file>
         <name>fd_div_t2.obj</name>
      </input_file>
      <input_file id="fl-d8">
         <path>C:\ti\ccsv7\tools\compiler\ti-cgt-arm_16.9.3.LTS\lib\</path>
         <kind>archive</kind>
         <file>rtsv7M4_T_le_v4SPD16_eabi.lib</file>
         <name>fd_mul_t2.obj</name>
      </input_file>
      <input_file id="fl-d9">
         <path>C:\ti\ccsv7\tools\compiler\ti-cgt-arm_16.9.3.LTS\lib\</path>
         <kind>archive</kind>
         <file>rtsv7M4_T_le_v4SPD16_eabi.lib</file>
         <name>fd_toi_t2.obj</name>
      </input_file>
      <input_file id="fl-da">
         <path>C:\ti\ccsv7\tools\compiler\ti-cgt-arm_16.9.3.LTS\lib\</path>
         <kind>archive</kind>
         <file>rtsv7M4_T_le_v4SPD16_eabi.lib</file>
         <name>i_tofd_t2.obj</name>
      </input_file>
      <input_file id="fl-db">
         <path>C:\ti\ccsv7\tools\compiler\ti-cgt-arm_16.9.3.LTS\lib\</path>
         <kind>archive</kind>
         <file>rtsv7M4_T_le_v4SPD16_eabi.lib</file>
         <name>ltoa.obj</name>
      </input_file>
      <input_file id="fl-dc">
         <path>C:\ti\ccsv7\tools\compiler\ti-cgt-arm_16.9.3.LTS\lib\</path>
         <kind>archive</kind>
         <file>rtsv7M4_T_le_v4SPD16_eabi.lib</file>
         <name>memccpy.obj</name>
      </input_file>
      <input_file id="fl-dd">
         <path>C:\ti\ccsv7\tools\compiler\ti-cgt-arm_16.9.3.LTS\lib\</path>
         <kind>archive</kind>
         <file>rtsv7M4_T_le_v4SPD16_eabi.lib</file>
         <name>s_frexp.obj</name>
      </input_file>
      <input_file id="fl-de">
         <path>C:\ti\ccsv7\tools\compiler\ti-cgt-arm_16.9.3.LTS\lib\</path>
         <kind>archive</kind>
         <file>rtsv7M4_T_le_v4SPD16_eabi.lib</file>
         <name>s_scalbn.obj</name>
      </input_file>
      <input_file id="fl-df">
         <path>C:\ti\ccsv7\tools\compiler\ti-cgt-arm_16.9.3.LTS\lib\</path>
         <kind>archive</kind>
         <file>rtsv7M4_T_le_v4SPD16_eabi.lib</file>
         <name>startup.obj</name>
      </input_file>
      <input_file id="fl-e0">
         <path>C:\ti\ccsv7\tools\compiler\ti-cgt-arm_16.9.3.LTS\lib\</path>
         <kind>archive</kind>
         <file>rtsv7M4_T_le_v4SPD16_eabi.lib</file>
         <name>strchr.obj</name>
      </input_file>
      <input_file id="fl-e1">
         <path>C:\ti\ccsv7\tools\compiler\ti-cgt-arm_16.9.3.LTS\lib\</path>
         <kind>archive</kind>
         <file>rtsv7M4_T_le_v4SPD16_eabi.lib</file>
         <name>strlen.obj</name>
      </input_file>
      <input_file id="fl-e2">
         <path>C:\ti\ccsv7\tools\compiler\ti-cgt-arm_16.9.3.LTS\lib\</path>
         <kind>archive</kind>
         <file>rtsv7M4_T_le_v4SPD16_eabi.lib</file>
         <name>ull_div_t2.obj</name>
      </input_file>
      <input_file id="fl-e3">
         <path>C:\ti\ccsv7\tools\compiler\ti-cgt-arm_16.9.3.LTS\lib\</path>
         <kind>archive</kind>
         <file>rtsv7M4_T_le_v4SPD16_eabi.lib</file>
         <name>errno.obj</name>
      </input_file>
      <input_file id="fl-e4">
         <path>C:\ti\ccsv7\tools\compiler\ti-cgt-arm_16.9.3.LTS\lib\</path>
         <kind>archive</kind>
         <file>rtsv7M4_T_le_v4SPD16_eabi.lib</file>
         <name>s_copysign.obj</name>
      </input_file>
   </input_file_list>
   <object_component_list>
      <object_component id="oc-2c">
         <name>.intvecs:retain</name>
         <load_address>0x0</load_address>
         <run_address>0x0</run_address>
         <size>0xe4</size>
         <input_file_ref idref="fl-3"/>
      </object_component>
      <object_component id="oc-13b">
         <name>.text</name>
         <load_address>0xe4</load_address>
         <run_address>0xe4</run_address>
         <size>0x113e</size>
         <input_file_ref idref="fl-cf"/>
      </object_component>
      <object_component id="oc-53">
         <name>.text</name>
         <load_address>0x1222</load_address>
         <run_address>0x1222</run_address>
         <size>0x2</size>
         <input_file_ref idref="fl-ca"/>
      </object_component>
      <object_component id="oc-11c">
         <name>.text</name>
         <load_address>0x1224</load_address>
         <run_address>0x1224</run_address>
         <size>0x104c</size>
         <input_file_ref idref="fl-d"/>
      </object_component>
      <object_component id="oc-be">
         <name>.text</name>
         <load_address>0x2270</load_address>
         <run_address>0x2270</run_address>
         <size>0x8a8</size>
         <input_file_ref idref="fl-b"/>
      </object_component>
      <object_component id="oc-7b">
         <name>.text</name>
         <load_address>0x2b18</load_address>
         <run_address>0x2b18</run_address>
         <size>0x730</size>
         <input_file_ref idref="fl-2"/>
      </object_component>
      <object_component id="oc-b7">
         <name>.text</name>
         <load_address>0x3248</load_address>
         <run_address>0x3248</run_address>
         <size>0x32c</size>
         <input_file_ref idref="fl-4"/>
      </object_component>
      <object_component id="oc-17a">
         <name>.text</name>
         <load_address>0x3574</load_address>
         <run_address>0x3574</run_address>
         <size>0x1f4</size>
         <input_file_ref idref="fl-e2"/>
      </object_component>
      <object_component id="oc-1a9">
         <name>.text</name>
         <load_address>0x3768</load_address>
         <run_address>0x3768</run_address>
         <size>0x1b6</size>
         <input_file_ref idref="fl-d5"/>
      </object_component>
      <object_component id="oc-a2">
         <name>.text</name>
         <load_address>0x391e</load_address>
         <run_address>0x391e</run_address>
         <size>0x2</size>
         <input_file_ref idref="fl-df"/>
      </object_component>
      <object_component id="oc-113">
         <name>.text</name>
         <load_address>0x3920</load_address>
         <run_address>0x3920</run_address>
         <size>0x188</size>
         <input_file_ref idref="fl-c"/>
      </object_component>
      <object_component id="oc-18f">
         <name>.text</name>
         <load_address>0x3aa8</load_address>
         <run_address>0x3aa8</run_address>
         <size>0x136</size>
         <input_file_ref idref="fl-d7"/>
      </object_component>
      <object_component id="oc-18a">
         <name>.text</name>
         <load_address>0x3bde</load_address>
         <run_address>0x3bde</run_address>
         <size>0xfc</size>
         <input_file_ref idref="fl-d8"/>
      </object_component>
      <object_component id="oc-1b4">
         <name>.text</name>
         <load_address>0x3cdc</load_address>
         <run_address>0x3cdc</run_address>
         <size>0xfc</size>
         <input_file_ref idref="fl-de"/>
      </object_component>
      <object_component id="oc-3b">
         <name>.text</name>
         <load_address>0x3dd8</load_address>
         <run_address>0x3dd8</run_address>
         <size>0x9c</size>
         <input_file_ref idref="fl-c8"/>
      </object_component>
      <object_component id="oc-185">
         <name>.text:__aeabi_cdcmple</name>
         <load_address>0x3e74</load_address>
         <run_address>0x3e74</run_address>
         <size>0x86</size>
         <input_file_ref idref="fl-d6"/>
      </object_component>
      <object_component id="oc-194">
         <name>.text:__aeabi_cdrcmple</name>
         <load_address>0x3efa</load_address>
         <run_address>0x3efa</run_address>
         <size>0x86</size>
         <input_file_ref idref="fl-d6"/>
      </object_component>
      <object_component id="oc-47">
         <name>.text</name>
         <load_address>0x3f80</load_address>
         <run_address>0x3f80</run_address>
         <size>0x7a</size>
         <input_file_ref idref="fl-c9"/>
      </object_component>
      <object_component id="oc-cd">
         <name>.text</name>
         <load_address>0x3ffc</load_address>
         <run_address>0x3ffc</run_address>
         <size>0x78</size>
         <input_file_ref idref="fl-a"/>
      </object_component>
      <object_component id="oc-5f">
         <name>.text</name>
         <load_address>0x4074</load_address>
         <run_address>0x4074</run_address>
         <size>0x70</size>
         <input_file_ref idref="fl-d2"/>
      </object_component>
      <object_component id="oc-14">
         <name>.text:decompress:lzss</name>
         <load_address>0x40e4</load_address>
         <run_address>0x40e4</run_address>
         <size>0x68</size>
         <input_file_ref idref="fl-c4"/>
      </object_component>
      <object_component id="oc-1ae">
         <name>.text</name>
         <load_address>0x414c</load_address>
         <run_address>0x414c</run_address>
         <size>0x64</size>
         <input_file_ref idref="fl-dd"/>
      </object_component>
      <object_component id="oc-d3">
         <name>.text</name>
         <load_address>0x41b0</load_address>
         <run_address>0x41b0</run_address>
         <size>0x60</size>
         <input_file_ref idref="fl-cc"/>
      </object_component>
      <object_component id="oc-26">
         <name>.text</name>
         <load_address>0x4210</load_address>
         <run_address>0x4210</run_address>
         <size>0x54</size>
         <input_file_ref idref="fl-c3"/>
      </object_component>
      <object_component id="oc-6b">
         <name>.text</name>
         <load_address>0x4264</load_address>
         <run_address>0x4264</run_address>
         <size>0x54</size>
         <input_file_ref idref="fl-c7"/>
      </object_component>
      <object_component id="oc-19e">
         <name>.text</name>
         <load_address>0x42b8</load_address>
         <run_address>0x42b8</run_address>
         <size>0x54</size>
         <input_file_ref idref="fl-db"/>
      </object_component>
      <object_component id="oc-1c0">
         <name>.text</name>
         <load_address>0x430c</load_address>
         <run_address>0x430c</run_address>
         <size>0x4c</size>
         <input_file_ref idref="fl-d1"/>
      </object_component>
      <object_component id="oc-9c">
         <name>.text</name>
         <load_address>0x4358</load_address>
         <run_address>0x4358</run_address>
         <size>0x4c</size>
         <input_file_ref idref="fl-d3"/>
      </object_component>
      <object_component id="oc-199">
         <name>.text</name>
         <load_address>0x43a4</load_address>
         <run_address>0x43a4</run_address>
         <size>0x48</size>
         <input_file_ref idref="fl-d9"/>
      </object_component>
      <object_component id="oc-1a4">
         <name>.text</name>
         <load_address>0x43ec</load_address>
         <run_address>0x43ec</run_address>
         <size>0x2e</size>
         <input_file_ref idref="fl-da"/>
      </object_component>
      <object_component id="oc-1c6">
         <name>.text</name>
         <load_address>0x441a</load_address>
         <run_address>0x441a</run_address>
         <size>0x1c</size>
         <input_file_ref idref="fl-dc"/>
      </object_component>
      <object_component id="oc-65">
         <name>.text</name>
         <load_address>0x4438</load_address>
         <run_address>0x4438</run_address>
         <size>0x18</size>
         <input_file_ref idref="fl-d0"/>
      </object_component>
      <object_component id="oc-1ba">
         <name>.text</name>
         <load_address>0x4450</load_address>
         <run_address>0x4450</run_address>
         <size>0x16</size>
         <input_file_ref idref="fl-e0"/>
      </object_component>
      <object_component id="oc-103">
         <name>.text</name>
         <load_address>0x4468</load_address>
         <run_address>0x4468</run_address>
         <size>0x14</size>
         <input_file_ref idref="fl-ce"/>
      </object_component>
      <object_component id="oc-1fe">
         <name>.text</name>
         <load_address>0x447c</load_address>
         <run_address>0x447c</run_address>
         <size>0x14</size>
         <input_file_ref idref="fl-e4"/>
      </object_component>
      <object_component id="oc-17f">
         <name>.text</name>
         <load_address>0x4490</load_address>
         <run_address>0x4490</run_address>
         <size>0x14</size>
         <input_file_ref idref="fl-e1"/>
      </object_component>
      <object_component id="oc-1a">
         <name>.text:decompress:none</name>
         <load_address>0x44a4</load_address>
         <run_address>0x44a4</run_address>
         <size>0xe</size>
         <input_file_ref idref="fl-c5"/>
      </object_component>
      <object_component id="oc-75">
         <name>.text</name>
         <load_address>0x44b2</load_address>
         <run_address>0x44b2</run_address>
         <size>0xe</size>
         <input_file_ref idref="fl-3"/>
      </object_component>
      <object_component id="oc-20">
         <name>.text:decompress:ZI</name>
         <load_address>0x44c0</load_address>
         <run_address>0x44c0</run_address>
         <size>0xc</size>
         <input_file_ref idref="fl-c6"/>
      </object_component>
      <object_component id="oc-59">
         <name>.text</name>
         <load_address>0x44cc</load_address>
         <run_address>0x44cc</run_address>
         <size>0x4</size>
         <input_file_ref idref="fl-cb"/>
      </object_component>
      <object_component id="oc-164">
         <name>.const:font_11x16</name>
         <load_address>0x44d0</load_address>
         <run_address>0x44d0</run_address>
         <size>0x82a</size>
         <input_file_ref idref="fl-d"/>
      </object_component>
      <object_component id="oc-167">
         <name>.const:font_8x12</name>
         <load_address>0x4cfa</load_address>
         <run_address>0x4cfa</run_address>
         <size>0x474</size>
         <input_file_ref idref="fl-d"/>
      </object_component>
      <object_component id="oc-161">
         <name>.const:font_5x7</name>
         <load_address>0x516e</load_address>
         <run_address>0x516e</run_address>
         <size>0x1e0</size>
         <input_file_ref idref="fl-d"/>
      </object_component>
      <object_component id="oc-20b">
         <name>.const:.string:_ctypes_</name>
         <load_address>0x534e</load_address>
         <run_address>0x534e</run_address>
         <size>0x101</size>
         <input_file_ref idref="fl-d4"/>
      </object_component>
      <object_component id="oc-122">
         <name>.const:.string:$P$T0$1</name>
         <load_address>0x544f</load_address>
         <run_address>0x544f</run_address>
         <size>0x10</size>
         <input_file_ref idref="fl-b"/>
      </object_component>
      <object_component id="oc-125">
         <name>.const:.string:$P$T1$2</name>
         <load_address>0x545f</load_address>
         <run_address>0x545f</run_address>
         <size>0x10</size>
         <input_file_ref idref="fl-b"/>
      </object_component>
      <object_component id="oc-256">
         <name>.cinit..data.load</name>
         <load_address>0x5470</load_address>
         <run_address>0x5470</run_address>
         <size>0x40</size>
      </object_component>
      <object_component id="oc-254">
         <name>__TI_handler_table</name>
         <load_address>0x54b0</load_address>
         <run_address>0x54b0</run_address>
         <size>0xc</size>
      </object_component>
      <object_component id="oc-257">
         <name>.cinit..bss.load</name>
         <load_address>0x54c0</load_address>
         <run_address>0x54c0</run_address>
         <size>0x8</size>
      </object_component>
      <object_component id="oc-255">
         <name>__TI_cinit_table</name>
         <load_address>0x54c8</load_address>
         <run_address>0x54c8</run_address>
         <size>0x10</size>
      </object_component>
      <object_component id="oc-231">
         <name>.binit</name>
         <load_address>0x0</load_address>
         <run_address>0x0</run_address>
         <size>0x0</size>
      </object_component>
      <object_component id="oc-d9">
         <name>.data:saludo</name>
         <load_address>0x20000434</load_address>
         <run_address>0x20000434</run_address>
         <size>0x10</size>
         <input_file_ref idref="fl-2"/>
      </object_component>
      <object_component id="oc-c4">
         <name>.data:borrado</name>
         <load_address>0x20000424</load_address>
         <run_address>0x20000424</run_address>
         <size>0x10</size>
         <input_file_ref idref="fl-2"/>
      </object_component>
      <object_component id="oc-c7">
         <name>.data</name>
         <load_address>0x20000450</load_address>
         <run_address>0x20000450</run_address>
         <size>0xb</size>
         <input_file_ref idref="fl-2"/>
      </object_component>
      <object_component id="oc-10f">
         <name>.data</name>
         <load_address>0x2000047c</load_address>
         <run_address>0x2000047c</run_address>
         <size>0x4</size>
         <input_file_ref idref="fl-4"/>
      </object_component>
      <object_component id="oc-119">
         <name>.data</name>
         <load_address>0x2000045c</load_address>
         <run_address>0x2000045c</run_address>
         <size>0xa</size>
         <input_file_ref idref="fl-b"/>
      </object_component>
      <object_component id="oc-15e">
         <name>.data</name>
         <load_address>0x20000470</load_address>
         <run_address>0x20000470</run_address>
         <size>0x4</size>
         <input_file_ref idref="fl-d"/>
      </object_component>
      <object_component id="oc-ac">
         <name>.data:$O1$$</name>
         <load_address>0x20000444</load_address>
         <run_address>0x20000444</run_address>
         <size>0xc</size>
         <input_file_ref idref="fl-c7"/>
      </object_component>
      <object_component id="oc-71">
         <name>.data</name>
         <load_address>0x20000478</load_address>
         <run_address>0x20000478</run_address>
         <size>0x4</size>
         <input_file_ref idref="fl-cd"/>
      </object_component>
      <object_component id="oc-af">
         <name>.data:$O1$$</name>
         <load_address>0x20000468</load_address>
         <run_address>0x20000468</run_address>
         <size>0x8</size>
         <input_file_ref idref="fl-ce"/>
      </object_component>
      <object_component id="oc-204">
         <name>.data</name>
         <load_address>0x20000474</load_address>
         <run_address>0x20000474</run_address>
         <size>0x4</size>
         <input_file_ref idref="fl-e3"/>
      </object_component>
      <object_component id="oc-16a">
         <name>.bss:g_pulConvertedPalette</name>
         <uninitialized>true</uninitialized>
         <run_address>0x20000000</run_address>
         <size>0x400</size>
         <input_file_ref idref="fl-d"/>
      </object_component>
      <object_component id="oc-ca">
         <name>.common:readPacket</name>
         <uninitialized>true</uninitialized>
         <run_address>0x20000400</run_address>
         <size>0x23</size>
      </object_component>
      <object_component id="oc-2f">
         <name>.stack</name>
         <uninitialized>true</uninitialized>
         <run_address>0x2000fe00</run_address>
         <size>0x0</size>
         <input_file_ref idref="fl-c3"/>
      </object_component>
      <object_component id="oc-258">
         <name>.stack</name>
         <uninitialized>true</uninitialized>
         <run_address>0x2000fe00</run_address>
         <size>0x0</size>
      </object_component>
      <object_component id="oc-cb">
         <name>.debug_info</name>
         <load_address>0x0</load_address>
         <run_address>0x0</run_address>
         <size>0x6e7</size>
         <input_file_ref idref="fl-2"/>
      </object_component>
      <object_component id="oc-da">
         <name>.debug_info</name>
         <load_address>0x6e7</load_address>
         <run_address>0x6e7</run_address>
         <size>0xb9</size>
         <input_file_ref idref="fl-2"/>
      </object_component>
      <object_component id="oc-c5">
         <name>.debug_info</name>
         <load_address>0x7a0</load_address>
         <run_address>0x7a0</run_address>
         <size>0xbb</size>
         <input_file_ref idref="fl-2"/>
      </object_component>
      <object_component id="oc-c8">
         <name>.debug_info</name>
         <load_address>0x85b</load_address>
         <run_address>0x85b</run_address>
         <size>0x1d8</size>
         <input_file_ref idref="fl-2"/>
      </object_component>
      <object_component id="oc-7c">
         <name>.debug_info</name>
         <load_address>0xa33</load_address>
         <run_address>0xa33</run_address>
         <size>0xd0f</size>
         <input_file_ref idref="fl-2"/>
      </object_component>
      <object_component id="oc-135">
         <name>.debug_info</name>
         <load_address>0x1742</load_address>
         <run_address>0x1742</run_address>
         <size>0x1055</size>
         <input_file_ref idref="fl-2"/>
      </object_component>
      <object_component id="oc-130">
         <name>.debug_info</name>
         <load_address>0x2797</load_address>
         <run_address>0x2797</run_address>
         <size>0x37cd</size>
         <input_file_ref idref="fl-2"/>
      </object_component>
      <object_component id="oc-e2">
         <name>.debug_info</name>
         <load_address>0x5f64</load_address>
         <run_address>0x5f64</run_address>
         <size>0x97</size>
         <input_file_ref idref="fl-2"/>
      </object_component>
      <object_component id="oc-36">
         <name>.debug_info</name>
         <load_address>0x5ffb</load_address>
         <run_address>0x5ffb</run_address>
         <size>0x84</size>
         <input_file_ref idref="fl-2"/>
      </object_component>
      <object_component id="oc-dd">
         <name>.debug_info</name>
         <load_address>0x607f</load_address>
         <run_address>0x607f</run_address>
         <size>0x18b</size>
         <input_file_ref idref="fl-2"/>
      </object_component>
      <object_component id="oc-143">
         <name>.debug_info</name>
         <load_address>0x620a</load_address>
         <run_address>0x620a</run_address>
         <size>0x4e</size>
         <input_file_ref idref="fl-2"/>
      </object_component>
      <object_component id="oc-83">
         <name>.debug_info</name>
         <load_address>0x6258</load_address>
         <run_address>0x6258</run_address>
         <size>0x2a2</size>
         <input_file_ref idref="fl-3"/>
      </object_component>
      <object_component id="oc-2d">
         <name>.debug_info</name>
         <load_address>0x64fa</load_address>
         <run_address>0x64fa</run_address>
         <size>0xe0</size>
         <input_file_ref idref="fl-3"/>
      </object_component>
      <object_component id="oc-76">
         <name>.debug_info</name>
         <load_address>0x65da</load_address>
         <run_address>0x65da</run_address>
         <size>0x1a7</size>
         <input_file_ref idref="fl-3"/>
      </object_component>
      <object_component id="oc-110">
         <name>.debug_info</name>
         <load_address>0x6781</load_address>
         <run_address>0x6781</run_address>
         <size>0xd9</size>
         <input_file_ref idref="fl-4"/>
      </object_component>
      <object_component id="oc-b8">
         <name>.debug_info</name>
         <load_address>0x685a</load_address>
         <run_address>0x685a</run_address>
         <size>0x24b</size>
         <input_file_ref idref="fl-4"/>
      </object_component>
      <object_component id="oc-ce">
         <name>.debug_info</name>
         <load_address>0x6aa5</load_address>
         <run_address>0x6aa5</run_address>
         <size>0x181</size>
         <input_file_ref idref="fl-a"/>
      </object_component>
      <object_component id="oc-129">
         <name>.debug_info</name>
         <load_address>0x6c26</load_address>
         <run_address>0x6c26</run_address>
         <size>0x689</size>
         <input_file_ref idref="fl-b"/>
      </object_component>
      <object_component id="oc-11a">
         <name>.debug_info</name>
         <load_address>0x72af</load_address>
         <run_address>0x72af</run_address>
         <size>0x19a</size>
         <input_file_ref idref="fl-b"/>
      </object_component>
      <object_component id="oc-123">
         <name>.debug_info</name>
         <load_address>0x7449</load_address>
         <run_address>0x7449</run_address>
         <size>0xc6</size>
         <input_file_ref idref="fl-b"/>
      </object_component>
      <object_component id="oc-126">
         <name>.debug_info</name>
         <load_address>0x750f</load_address>
         <run_address>0x750f</run_address>
         <size>0xc6</size>
         <input_file_ref idref="fl-b"/>
      </object_component>
      <object_component id="oc-bf">
         <name>.debug_info</name>
         <load_address>0x75d5</load_address>
         <run_address>0x75d5</run_address>
         <size>0x1818</size>
         <input_file_ref idref="fl-b"/>
      </object_component>
      <object_component id="oc-175">
         <name>.debug_info</name>
         <load_address>0x8ded</load_address>
         <run_address>0x8ded</run_address>
         <size>0x37cd</size>
         <input_file_ref idref="fl-b"/>
      </object_component>
      <object_component id="oc-114">
         <name>.debug_info</name>
         <load_address>0xc5ba</load_address>
         <run_address>0xc5ba</run_address>
         <size>0x28b</size>
         <input_file_ref idref="fl-c"/>
      </object_component>
      <object_component id="oc-16e">
         <name>.debug_info</name>
         <load_address>0xc845</load_address>
         <run_address>0xc845</run_address>
         <size>0x1f1</size>
         <input_file_ref idref="fl-d"/>
      </object_component>
      <object_component id="oc-162">
         <name>.debug_info</name>
         <load_address>0xca36</load_address>
         <run_address>0xca36</run_address>
         <size>0xce</size>
         <input_file_ref idref="fl-d"/>
      </object_component>
      <object_component id="oc-168">
         <name>.debug_info</name>
         <load_address>0xcb04</load_address>
         <run_address>0xcb04</run_address>
         <size>0xd0</size>
         <input_file_ref idref="fl-d"/>
      </object_component>
      <object_component id="oc-165">
         <name>.debug_info</name>
         <load_address>0xcbd4</load_address>
         <run_address>0xcbd4</run_address>
         <size>0xd2</size>
         <input_file_ref idref="fl-d"/>
      </object_component>
      <object_component id="oc-15f">
         <name>.debug_info</name>
         <load_address>0xcca6</load_address>
         <run_address>0xcca6</run_address>
         <size>0x15d</size>
         <input_file_ref idref="fl-d"/>
      </object_component>
      <object_component id="oc-16b">
         <name>.debug_info</name>
         <load_address>0xce03</load_address>
         <run_address>0xce03</run_address>
         <size>0xe7</size>
         <input_file_ref idref="fl-d"/>
      </object_component>
      <object_component id="oc-11e">
         <name>.debug_info</name>
         <load_address>0xceea</load_address>
         <run_address>0xceea</run_address>
         <size>0x1a6f</size>
         <input_file_ref idref="fl-d"/>
      </object_component>
      <object_component id="oc-29">
         <name>.debug_info</name>
         <load_address>0xe959</load_address>
         <run_address>0xe959</run_address>
         <size>0x160</size>
         <input_file_ref idref="fl-c3"/>
      </object_component>
      <object_component id="oc-89">
         <name>.debug_info</name>
         <load_address>0xeab9</load_address>
         <run_address>0xeab9</run_address>
         <size>0x293</size>
         <input_file_ref idref="fl-c4"/>
      </object_component>
      <object_component id="oc-16">
         <name>.debug_info</name>
         <load_address>0xed4c</load_address>
         <run_address>0xed4c</run_address>
         <size>0x245</size>
         <input_file_ref idref="fl-c4"/>
      </object_component>
      <object_component id="oc-31">
         <name>.debug_info</name>
         <load_address>0xef91</load_address>
         <run_address>0xef91</run_address>
         <size>0x60</size>
         <input_file_ref idref="fl-c4"/>
      </object_component>
      <object_component id="oc-84">
         <name>.debug_info</name>
         <load_address>0xeff1</load_address>
         <run_address>0xeff1</run_address>
         <size>0x46</size>
         <input_file_ref idref="fl-c4"/>
      </object_component>
      <object_component id="oc-46">
         <name>.debug_info</name>
         <load_address>0xf037</load_address>
         <run_address>0xf037</run_address>
         <size>0x2da</size>
         <input_file_ref idref="fl-c5"/>
      </object_component>
      <object_component id="oc-1b">
         <name>.debug_info</name>
         <load_address>0xf311</load_address>
         <run_address>0xf311</run_address>
         <size>0x1df</size>
         <input_file_ref idref="fl-c5"/>
      </object_component>
      <object_component id="oc-41">
         <name>.debug_info</name>
         <load_address>0xf4f0</load_address>
         <run_address>0xf4f0</run_address>
         <size>0x46</size>
         <input_file_ref idref="fl-c5"/>
      </object_component>
      <object_component id="oc-8b">
         <name>.debug_info</name>
         <load_address>0xf536</load_address>
         <run_address>0xf536</run_address>
         <size>0x2c</size>
         <input_file_ref idref="fl-c5"/>
      </object_component>
      <object_component id="oc-52">
         <name>.debug_info</name>
         <load_address>0xf562</load_address>
         <run_address>0xf562</run_address>
         <size>0x2c9</size>
         <input_file_ref idref="fl-c6"/>
      </object_component>
      <object_component id="oc-21">
         <name>.debug_info</name>
         <load_address>0xf82b</load_address>
         <run_address>0xf82b</run_address>
         <size>0x1aa</size>
         <input_file_ref idref="fl-c6"/>
      </object_component>
      <object_component id="oc-4d">
         <name>.debug_info</name>
         <load_address>0xf9d5</load_address>
         <run_address>0xf9d5</run_address>
         <size>0x46</size>
         <input_file_ref idref="fl-c6"/>
      </object_component>
      <object_component id="oc-93">
         <name>.debug_info</name>
         <load_address>0xfa1b</load_address>
         <run_address>0xfa1b</run_address>
         <size>0x2c</size>
         <input_file_ref idref="fl-c6"/>
      </object_component>
      <object_component id="oc-b3">
         <name>.debug_info</name>
         <load_address>0xfa47</load_address>
         <run_address>0xfa47</run_address>
         <size>0x3ce</size>
         <input_file_ref idref="fl-c7"/>
      </object_component>
      <object_component id="oc-ad">
         <name>.debug_info</name>
         <load_address>0xfe15</load_address>
         <run_address>0xfe15</run_address>
         <size>0x185</size>
         <input_file_ref idref="fl-c7"/>
      </object_component>
      <object_component id="oc-6d">
         <name>.debug_info</name>
         <load_address>0xff9a</load_address>
         <run_address>0xff9a</run_address>
         <size>0x214</size>
         <input_file_ref idref="fl-c7"/>
      </object_component>
      <object_component id="oc-3d">
         <name>.debug_info</name>
         <load_address>0x101ae</load_address>
         <run_address>0x101ae</run_address>
         <size>0x111</size>
         <input_file_ref idref="fl-c8"/>
      </object_component>
      <object_component id="oc-48">
         <name>.debug_info</name>
         <load_address>0x102bf</load_address>
         <run_address>0x102bf</run_address>
         <size>0x13f</size>
         <input_file_ref idref="fl-c9"/>
      </object_component>
      <object_component id="oc-54">
         <name>.debug_info</name>
         <load_address>0x103fe</load_address>
         <run_address>0x103fe</run_address>
         <size>0x138</size>
         <input_file_ref idref="fl-ca"/>
      </object_component>
      <object_component id="oc-5a">
         <name>.debug_info</name>
         <load_address>0x10536</load_address>
         <run_address>0x10536</run_address>
         <size>0x148</size>
         <input_file_ref idref="fl-cb"/>
      </object_component>
      <object_component id="oc-142">
         <name>.debug_info</name>
         <load_address>0x1067e</load_address>
         <run_address>0x1067e</run_address>
         <size>0x355</size>
         <input_file_ref idref="fl-cc"/>
      </object_component>
      <object_component id="oc-d4">
         <name>.debug_info</name>
         <load_address>0x109d3</load_address>
         <run_address>0x109d3</run_address>
         <size>0x2e4</size>
         <input_file_ref idref="fl-cc"/>
      </object_component>
      <object_component id="oc-1d8">
         <name>.debug_info</name>
         <load_address>0x10cb7</load_address>
         <run_address>0x10cb7</run_address>
         <size>0x2c</size>
         <input_file_ref idref="fl-cc"/>
      </object_component>
      <object_component id="oc-72">
         <name>.debug_info</name>
         <load_address>0x10ce3</load_address>
         <run_address>0x10ce3</run_address>
         <size>0x109</size>
         <input_file_ref idref="fl-cd"/>
      </object_component>
      <object_component id="oc-10b">
         <name>.debug_info</name>
         <load_address>0x10dec</load_address>
         <run_address>0x10dec</run_address>
         <size>0x2be</size>
         <input_file_ref idref="fl-ce"/>
      </object_component>
      <object_component id="oc-b0">
         <name>.debug_info</name>
         <load_address>0x110aa</load_address>
         <run_address>0x110aa</run_address>
         <size>0x113</size>
         <input_file_ref idref="fl-ce"/>
      </object_component>
      <object_component id="oc-104">
         <name>.debug_info</name>
         <load_address>0x111bd</load_address>
         <run_address>0x111bd</run_address>
         <size>0x21f</size>
         <input_file_ref idref="fl-ce"/>
      </object_component>
      <object_component id="oc-1cd">
         <name>.debug_info</name>
         <load_address>0x113dc</load_address>
         <run_address>0x113dc</run_address>
         <size>0x51f</size>
         <input_file_ref idref="fl-cf"/>
      </object_component>
      <object_component id="oc-13c">
         <name>.debug_info</name>
         <load_address>0x118fb</load_address>
         <run_address>0x118fb</run_address>
         <size>0x1543</size>
         <input_file_ref idref="fl-cf"/>
      </object_component>
      <object_component id="oc-1ce">
         <name>.debug_info</name>
         <load_address>0x12e3e</load_address>
         <run_address>0x12e3e</run_address>
         <size>0x86</size>
         <input_file_ref idref="fl-cf"/>
      </object_component>
      <object_component id="oc-214">
         <name>.debug_info</name>
         <load_address>0x12ec4</load_address>
         <run_address>0x12ec4</run_address>
         <size>0x46</size>
         <input_file_ref idref="fl-cf"/>
      </object_component>
      <object_component id="oc-1d3">
         <name>.debug_info</name>
         <load_address>0x12f0a</load_address>
         <run_address>0x12f0a</run_address>
         <size>0x39</size>
         <input_file_ref idref="fl-cf"/>
      </object_component>
      <object_component id="oc-ab">
         <name>.debug_info</name>
         <load_address>0x12f43</load_address>
         <run_address>0x12f43</run_address>
         <size>0x300</size>
         <input_file_ref idref="fl-d0"/>
      </object_component>
      <object_component id="oc-66">
         <name>.debug_info</name>
         <load_address>0x13243</load_address>
         <run_address>0x13243</run_address>
         <size>0x167</size>
         <input_file_ref idref="fl-d0"/>
      </object_component>
      <object_component id="oc-fc">
         <name>.debug_info</name>
         <load_address>0x133aa</load_address>
         <run_address>0x133aa</run_address>
         <size>0x5e</size>
         <input_file_ref idref="fl-d0"/>
      </object_component>
      <object_component id="oc-20f">
         <name>.debug_info</name>
         <load_address>0x13408</load_address>
         <run_address>0x13408</run_address>
         <size>0x2ae</size>
         <input_file_ref idref="fl-d1"/>
      </object_component>
      <object_component id="oc-1c1">
         <name>.debug_info</name>
         <load_address>0x136b6</load_address>
         <run_address>0x136b6</run_address>
         <size>0x171</size>
         <input_file_ref idref="fl-d1"/>
      </object_component>
      <object_component id="oc-a9">
         <name>.debug_info</name>
         <load_address>0x13827</load_address>
         <run_address>0x13827</run_address>
         <size>0x483</size>
         <input_file_ref idref="fl-d2"/>
      </object_component>
      <object_component id="oc-60">
         <name>.debug_info</name>
         <load_address>0x13caa</load_address>
         <run_address>0x13caa</run_address>
         <size>0x190</size>
         <input_file_ref idref="fl-d2"/>
      </object_component>
      <object_component id="oc-f0">
         <name>.debug_info</name>
         <load_address>0x13e3a</load_address>
         <run_address>0x13e3a</run_address>
         <size>0x39</size>
         <input_file_ref idref="fl-d2"/>
      </object_component>
      <object_component id="oc-151">
         <name>.debug_info</name>
         <load_address>0x13e73</load_address>
         <run_address>0x13e73</run_address>
         <size>0x39</size>
         <input_file_ref idref="fl-d2"/>
      </object_component>
      <object_component id="oc-f5">
         <name>.debug_info</name>
         <load_address>0x13eac</load_address>
         <run_address>0x13eac</run_address>
         <size>0xcd</size>
         <input_file_ref idref="fl-d2"/>
      </object_component>
      <object_component id="oc-ec">
         <name>.debug_info</name>
         <load_address>0x13f79</load_address>
         <run_address>0x13f79</run_address>
         <size>0x37a</size>
         <input_file_ref idref="fl-d3"/>
      </object_component>
      <object_component id="oc-9d">
         <name>.debug_info</name>
         <load_address>0x142f3</load_address>
         <run_address>0x142f3</run_address>
         <size>0x183</size>
         <input_file_ref idref="fl-d3"/>
      </object_component>
      <object_component id="oc-14c">
         <name>.debug_info</name>
         <load_address>0x14476</load_address>
         <run_address>0x14476</run_address>
         <size>0x2c</size>
         <input_file_ref idref="fl-d3"/>
      </object_component>
      <object_component id="oc-228">
         <name>.debug_info</name>
         <load_address>0x144a2</load_address>
         <run_address>0x144a2</run_address>
         <size>0xee</size>
         <input_file_ref idref="fl-d4"/>
      </object_component>
      <object_component id="oc-20c">
         <name>.debug_info</name>
         <load_address>0x14590</load_address>
         <run_address>0x14590</run_address>
         <size>0xfa</size>
         <input_file_ref idref="fl-d4"/>
      </object_component>
      <object_component id="oc-1ab">
         <name>.debug_info</name>
         <load_address>0x1468a</load_address>
         <run_address>0x1468a</run_address>
         <size>0x144</size>
         <input_file_ref idref="fl-d5"/>
      </object_component>
      <object_component id="oc-186">
         <name>.debug_info</name>
         <load_address>0x147ce</load_address>
         <run_address>0x147ce</run_address>
         <size>0x120</size>
         <input_file_ref idref="fl-d6"/>
      </object_component>
      <object_component id="oc-195">
         <name>.debug_info</name>
         <load_address>0x148ee</load_address>
         <run_address>0x148ee</run_address>
         <size>0x122</size>
         <input_file_ref idref="fl-d6"/>
      </object_component>
      <object_component id="oc-190">
         <name>.debug_info</name>
         <load_address>0x14a10</load_address>
         <run_address>0x14a10</run_address>
         <size>0x132</size>
         <input_file_ref idref="fl-d7"/>
      </object_component>
      <object_component id="oc-18b">
         <name>.debug_info</name>
         <load_address>0x14b42</load_address>
         <run_address>0x14b42</run_address>
         <size>0x132</size>
         <input_file_ref idref="fl-d8"/>
      </object_component>
      <object_component id="oc-19a">
         <name>.debug_info</name>
         <load_address>0x14c74</load_address>
         <run_address>0x14c74</run_address>
         <size>0x126</size>
         <input_file_ref idref="fl-d9"/>
      </object_component>
      <object_component id="oc-1a5">
         <name>.debug_info</name>
         <load_address>0x14d9a</load_address>
         <run_address>0x14d9a</run_address>
         <size>0x124</size>
         <input_file_ref idref="fl-da"/>
      </object_component>
      <object_component id="oc-1f4">
         <name>.debug_info</name>
         <load_address>0x14ebe</load_address>
         <run_address>0x14ebe</run_address>
         <size>0x2e6</size>
         <input_file_ref idref="fl-db"/>
      </object_component>
      <object_component id="oc-19f">
         <name>.debug_info</name>
         <load_address>0x151a4</load_address>
         <run_address>0x151a4</run_address>
         <size>0x1c2</size>
         <input_file_ref idref="fl-db"/>
      </object_component>
      <object_component id="oc-211">
         <name>.debug_info</name>
         <load_address>0x15366</load_address>
         <run_address>0x15366</run_address>
         <size>0x28b</size>
         <input_file_ref idref="fl-dc"/>
      </object_component>
      <object_component id="oc-1c8">
         <name>.debug_info</name>
         <load_address>0x155f1</load_address>
         <run_address>0x155f1</run_address>
         <size>0x1ab</size>
         <input_file_ref idref="fl-dc"/>
      </object_component>
      <object_component id="oc-1f8">
         <name>.debug_info</name>
         <load_address>0x1579c</load_address>
         <run_address>0x1579c</run_address>
         <size>0x2d9</size>
         <input_file_ref idref="fl-dd"/>
      </object_component>
      <object_component id="oc-1af">
         <name>.debug_info</name>
         <load_address>0x15a75</load_address>
         <run_address>0x15a75</run_address>
         <size>0x18a</size>
         <input_file_ref idref="fl-dd"/>
      </object_component>
      <object_component id="oc-1f9">
         <name>.debug_info</name>
         <load_address>0x15bff</load_address>
         <run_address>0x15bff</run_address>
         <size>0x2c</size>
         <input_file_ref idref="fl-dd"/>
      </object_component>
      <object_component id="oc-208">
         <name>.debug_info</name>
         <load_address>0x15c2b</load_address>
         <run_address>0x15c2b</run_address>
         <size>0x316</size>
         <input_file_ref idref="fl-de"/>
      </object_component>
      <object_component id="oc-1b5">
         <name>.debug_info</name>
         <load_address>0x15f41</load_address>
         <run_address>0x15f41</run_address>
         <size>0x1d5</size>
         <input_file_ref idref="fl-de"/>
      </object_component>
      <object_component id="oc-a4">
         <name>.debug_info</name>
         <load_address>0x16116</load_address>
         <run_address>0x16116</run_address>
         <size>0x145</size>
         <input_file_ref idref="fl-df"/>
      </object_component>
      <object_component id="oc-20a">
         <name>.debug_info</name>
         <load_address>0x1625b</load_address>
         <run_address>0x1625b</run_address>
         <size>0x28f</size>
         <input_file_ref idref="fl-e0"/>
      </object_component>
      <object_component id="oc-1bb">
         <name>.debug_info</name>
         <load_address>0x164ea</load_address>
         <run_address>0x164ea</run_address>
         <size>0x244</size>
         <input_file_ref idref="fl-e0"/>
      </object_component>
      <object_component id="oc-1ed">
         <name>.debug_info</name>
         <load_address>0x1672e</load_address>
         <run_address>0x1672e</run_address>
         <size>0x284</size>
         <input_file_ref idref="fl-e1"/>
      </object_component>
      <object_component id="oc-180">
         <name>.debug_info</name>
         <load_address>0x169b2</load_address>
         <run_address>0x169b2</run_address>
         <size>0x22a</size>
         <input_file_ref idref="fl-e1"/>
      </object_component>
      <object_component id="oc-17c">
         <name>.debug_info</name>
         <load_address>0x16bdc</load_address>
         <run_address>0x16bdc</run_address>
         <size>0x17d</size>
         <input_file_ref idref="fl-e2"/>
      </object_component>
      <object_component id="oc-205">
         <name>.debug_info</name>
         <load_address>0x16d59</load_address>
         <run_address>0x16d59</run_address>
         <size>0xf3</size>
         <input_file_ref idref="fl-e3"/>
      </object_component>
      <object_component id="oc-1ff">
         <name>.debug_info</name>
         <load_address>0x16e4c</load_address>
         <run_address>0x16e4c</run_address>
         <size>0x156</size>
         <input_file_ref idref="fl-e4"/>
      </object_component>
      <object_component id="oc-259">
         <name>.debug_info</name>
         <load_address>0x16fa2</load_address>
         <run_address>0x16fa2</run_address>
         <size>0x8f</size>
      </object_component>
      <object_component id="oc-12f">
         <name>.debug_line</name>
         <load_address>0x0</load_address>
         <run_address>0x0</run_address>
         <size>0x82</size>
         <input_file_ref idref="fl-2"/>
      </object_component>
      <object_component id="oc-149">
         <name>.debug_line</name>
         <load_address>0x82</load_address>
         <run_address>0x82</run_address>
         <size>0x2d</size>
         <input_file_ref idref="fl-2"/>
      </object_component>
      <object_component id="oc-12b">
         <name>.debug_line</name>
         <load_address>0xaf</load_address>
         <run_address>0xaf</run_address>
         <size>0x2d</size>
         <input_file_ref idref="fl-2"/>
      </object_component>
      <object_component id="oc-12d">
         <name>.debug_line</name>
         <load_address>0xdc</load_address>
         <run_address>0xdc</run_address>
         <size>0x2d</size>
         <input_file_ref idref="fl-2"/>
      </object_component>
      <object_component id="oc-7f">
         <name>.debug_line</name>
         <load_address>0x109</load_address>
         <run_address>0x109</run_address>
         <size>0x368</size>
         <input_file_ref idref="fl-2"/>
      </object_component>
      <object_component id="oc-138">
         <name>.debug_line</name>
         <load_address>0x471</load_address>
         <run_address>0x471</run_address>
         <size>0x55</size>
         <input_file_ref idref="fl-2"/>
      </object_component>
      <object_component id="oc-133">
         <name>.debug_line</name>
         <load_address>0x4c6</load_address>
         <run_address>0x4c6</run_address>
         <size>0x52</size>
         <input_file_ref idref="fl-2"/>
      </object_component>
      <object_component id="oc-e5">
         <name>.debug_line</name>
         <load_address>0x518</load_address>
         <run_address>0x518</run_address>
         <size>0x2d</size>
         <input_file_ref idref="fl-2"/>
      </object_component>
      <object_component id="oc-39">
         <name>.debug_line</name>
         <load_address>0x545</load_address>
         <run_address>0x545</run_address>
         <size>0x20</size>
         <input_file_ref idref="fl-2"/>
      </object_component>
      <object_component id="oc-e0">
         <name>.debug_line</name>
         <load_address>0x565</load_address>
         <run_address>0x565</run_address>
         <size>0x65</size>
         <input_file_ref idref="fl-2"/>
      </object_component>
      <object_component id="oc-146">
         <name>.debug_line</name>
         <load_address>0x5ca</load_address>
         <run_address>0x5ca</run_address>
         <size>0x65</size>
         <input_file_ref idref="fl-2"/>
      </object_component>
      <object_component id="oc-e8">
         <name>.debug_line</name>
         <load_address>0x62f</load_address>
         <run_address>0x62f</run_address>
         <size>0x40</size>
         <input_file_ref idref="fl-3"/>
      </object_component>
      <object_component id="oc-82">
         <name>.debug_line</name>
         <load_address>0x66f</load_address>
         <run_address>0x66f</run_address>
         <size>0x40</size>
         <input_file_ref idref="fl-3"/>
      </object_component>
      <object_component id="oc-79">
         <name>.debug_line</name>
         <load_address>0x6af</load_address>
         <run_address>0x6af</run_address>
         <size>0x71</size>
         <input_file_ref idref="fl-3"/>
      </object_component>
      <object_component id="oc-15a">
         <name>.debug_line</name>
         <load_address>0x720</load_address>
         <run_address>0x720</run_address>
         <size>0x3b</size>
         <input_file_ref idref="fl-4"/>
      </object_component>
      <object_component id="oc-bb">
         <name>.debug_line</name>
         <load_address>0x75b</load_address>
         <run_address>0x75b</run_address>
         <size>0x146</size>
         <input_file_ref idref="fl-4"/>
      </object_component>
      <object_component id="oc-d1">
         <name>.debug_line</name>
         <load_address>0x8a1</load_address>
         <run_address>0x8a1</run_address>
         <size>0x75</size>
         <input_file_ref idref="fl-a"/>
      </object_component>
      <object_component id="oc-174">
         <name>.debug_line</name>
         <load_address>0x916</load_address>
         <run_address>0x916</run_address>
         <size>0x41</size>
         <input_file_ref idref="fl-b"/>
      </object_component>
      <object_component id="oc-15d">
         <name>.debug_line</name>
         <load_address>0x957</load_address>
         <run_address>0x957</run_address>
         <size>0x2c</size>
         <input_file_ref idref="fl-b"/>
      </object_component>
      <object_component id="oc-170">
         <name>.debug_line</name>
         <load_address>0x983</load_address>
         <run_address>0x983</run_address>
         <size>0x2c</size>
         <input_file_ref idref="fl-b"/>
      </object_component>
      <object_component id="oc-172">
         <name>.debug_line</name>
         <load_address>0x9af</load_address>
         <run_address>0x9af</run_address>
         <size>0x2c</size>
         <input_file_ref idref="fl-b"/>
      </object_component>
      <object_component id="oc-c2">
         <name>.debug_line</name>
         <load_address>0x9db</load_address>
         <run_address>0x9db</run_address>
         <size>0x3fd</size>
         <input_file_ref idref="fl-b"/>
      </object_component>
      <object_component id="oc-178">
         <name>.debug_line</name>
         <load_address>0xdd8</load_address>
         <run_address>0xdd8</run_address>
         <size>0x52</size>
         <input_file_ref idref="fl-b"/>
      </object_component>
      <object_component id="oc-117">
         <name>.debug_line</name>
         <load_address>0xe2a</load_address>
         <run_address>0xe2a</run_address>
         <size>0xb5</size>
         <input_file_ref idref="fl-c"/>
      </object_component>
      <object_component id="oc-1ea">
         <name>.debug_line</name>
         <load_address>0xedf</load_address>
         <run_address>0xedf</run_address>
         <size>0x41</size>
         <input_file_ref idref="fl-d"/>
      </object_component>
      <object_component id="oc-1e2">
         <name>.debug_line</name>
         <load_address>0xf20</load_address>
         <run_address>0xf20</run_address>
         <size>0x2e</size>
         <input_file_ref idref="fl-d"/>
      </object_component>
      <object_component id="oc-1e6">
         <name>.debug_line</name>
         <load_address>0xf4e</load_address>
         <run_address>0xf4e</run_address>
         <size>0x2e</size>
         <input_file_ref idref="fl-d"/>
      </object_component>
      <object_component id="oc-1e4">
         <name>.debug_line</name>
         <load_address>0xf7c</load_address>
         <run_address>0xf7c</run_address>
         <size>0x2e</size>
         <input_file_ref idref="fl-d"/>
      </object_component>
      <object_component id="oc-1e0">
         <name>.debug_line</name>
         <load_address>0xfaa</load_address>
         <run_address>0xfaa</run_address>
         <size>0x31</size>
         <input_file_ref idref="fl-d"/>
      </object_component>
      <object_component id="oc-1e8">
         <name>.debug_line</name>
         <load_address>0xfdb</load_address>
         <run_address>0xfdb</run_address>
         <size>0x31</size>
         <input_file_ref idref="fl-d"/>
      </object_component>
      <object_component id="oc-120">
         <name>.debug_line</name>
         <load_address>0x100c</load_address>
         <run_address>0x100c</run_address>
         <size>0x629</size>
         <input_file_ref idref="fl-d"/>
      </object_component>
      <object_component id="oc-27">
         <name>.debug_line</name>
         <load_address>0x1635</load_address>
         <run_address>0x1635</run_address>
         <size>0x53</size>
         <input_file_ref idref="fl-c3"/>
      </object_component>
      <object_component id="oc-ea">
         <name>.debug_line</name>
         <load_address>0x1688</load_address>
         <run_address>0x1688</run_address>
         <size>0x20</size>
         <input_file_ref idref="fl-c4"/>
      </object_component>
      <object_component id="oc-19">
         <name>.debug_line</name>
         <load_address>0x16a8</load_address>
         <run_address>0x16a8</run_address>
         <size>0xa9</size>
         <input_file_ref idref="fl-c4"/>
      </object_component>
      <object_component id="oc-34">
         <name>.debug_line</name>
         <load_address>0x1751</load_address>
         <run_address>0x1751</run_address>
         <size>0x3a</size>
         <input_file_ref idref="fl-c4"/>
      </object_component>
      <object_component id="oc-87">
         <name>.debug_line</name>
         <load_address>0x178b</load_address>
         <run_address>0x178b</run_address>
         <size>0x8a</size>
         <input_file_ref idref="fl-c4"/>
      </object_component>
      <object_component id="oc-91">
         <name>.debug_line</name>
         <load_address>0x1815</load_address>
         <run_address>0x1815</run_address>
         <size>0x8a</size>
         <input_file_ref idref="fl-c5"/>
      </object_component>
      <object_component id="oc-1e">
         <name>.debug_line</name>
         <load_address>0x189f</load_address>
         <run_address>0x189f</run_address>
         <size>0x55</size>
         <input_file_ref idref="fl-c5"/>
      </object_component>
      <object_component id="oc-44">
         <name>.debug_line</name>
         <load_address>0x18f4</load_address>
         <run_address>0x18f4</run_address>
         <size>0x3a</size>
         <input_file_ref idref="fl-c5"/>
      </object_component>
      <object_component id="oc-8e">
         <name>.debug_line</name>
         <load_address>0x192e</load_address>
         <run_address>0x192e</run_address>
         <size>0x8a</size>
         <input_file_ref idref="fl-c5"/>
      </object_component>
      <object_component id="oc-99">
         <name>.debug_line</name>
         <load_address>0x19b8</load_address>
         <run_address>0x19b8</run_address>
         <size>0x8a</size>
         <input_file_ref idref="fl-c6"/>
      </object_component>
      <object_component id="oc-24">
         <name>.debug_line</name>
         <load_address>0x1a42</load_address>
         <run_address>0x1a42</run_address>
         <size>0x4f</size>
         <input_file_ref idref="fl-c6"/>
      </object_component>
      <object_component id="oc-50">
         <name>.debug_line</name>
         <load_address>0x1a91</load_address>
         <run_address>0x1a91</run_address>
         <size>0x34</size>
         <input_file_ref idref="fl-c6"/>
      </object_component>
      <object_component id="oc-96">
         <name>.debug_line</name>
         <load_address>0x1ac5</load_address>
         <run_address>0x1ac5</run_address>
         <size>0x8a</size>
         <input_file_ref idref="fl-c6"/>
      </object_component>
      <object_component id="oc-10e">
         <name>.debug_line</name>
         <load_address>0x1b4f</load_address>
         <run_address>0x1b4f</run_address>
         <size>0xf2</size>
         <input_file_ref idref="fl-c7"/>
      </object_component>
      <object_component id="oc-102">
         <name>.debug_line</name>
         <load_address>0x1c41</load_address>
         <run_address>0x1c41</run_address>
         <size>0x2a</size>
         <input_file_ref idref="fl-c7"/>
      </object_component>
      <object_component id="oc-70">
         <name>.debug_line</name>
         <load_address>0x1c6b</load_address>
         <run_address>0x1c6b</run_address>
         <size>0x86</size>
         <input_file_ref idref="fl-c7"/>
      </object_component>
      <object_component id="oc-3c">
         <name>.debug_line</name>
         <load_address>0x1cf1</load_address>
         <run_address>0x1cf1</run_address>
         <size>0x88</size>
         <input_file_ref idref="fl-c8"/>
      </object_component>
      <object_component id="oc-4b">
         <name>.debug_line</name>
         <load_address>0x1d79</load_address>
         <run_address>0x1d79</run_address>
         <size>0x79</size>
         <input_file_ref idref="fl-c9"/>
      </object_component>
      <object_component id="oc-57">
         <name>.debug_line</name>
         <load_address>0x1df2</load_address>
         <run_address>0x1df2</run_address>
         <size>0x3d</size>
         <input_file_ref idref="fl-ca"/>
      </object_component>
      <object_component id="oc-5d">
         <name>.debug_line</name>
         <load_address>0x1e2f</load_address>
         <run_address>0x1e2f</run_address>
         <size>0x40</size>
         <input_file_ref idref="fl-cb"/>
      </object_component>
      <object_component id="oc-1de">
         <name>.debug_line</name>
         <load_address>0x1e6f</load_address>
         <run_address>0x1e6f</run_address>
         <size>0x97</size>
         <input_file_ref idref="fl-cc"/>
      </object_component>
      <object_component id="oc-d7">
         <name>.debug_line</name>
         <load_address>0x1f06</load_address>
         <run_address>0x1f06</run_address>
         <size>0x83</size>
         <input_file_ref idref="fl-cc"/>
      </object_component>
      <object_component id="oc-1db">
         <name>.debug_line</name>
         <load_address>0x1f89</load_address>
         <run_address>0x1f89</run_address>
         <size>0x89</size>
         <input_file_ref idref="fl-cc"/>
      </object_component>
      <object_component id="oc-b6">
         <name>.debug_line</name>
         <load_address>0x2012</load_address>
         <run_address>0x2012</run_address>
         <size>0x33</size>
         <input_file_ref idref="fl-cd"/>
      </object_component>
      <object_component id="oc-158">
         <name>.debug_line</name>
         <load_address>0x2045</load_address>
         <run_address>0x2045</run_address>
         <size>0x20</size>
         <input_file_ref idref="fl-ce"/>
      </object_component>
      <object_component id="oc-10a">
         <name>.debug_line</name>
         <load_address>0x2065</load_address>
         <run_address>0x2065</run_address>
         <size>0x2b</size>
         <input_file_ref idref="fl-ce"/>
      </object_component>
      <object_component id="oc-107">
         <name>.debug_line</name>
         <load_address>0x2090</load_address>
         <run_address>0x2090</run_address>
         <size>0x68</size>
         <input_file_ref idref="fl-ce"/>
      </object_component>
      <object_component id="oc-213">
         <name>.debug_line</name>
         <load_address>0x20f8</load_address>
         <run_address>0x20f8</run_address>
         <size>0x16a</size>
         <input_file_ref idref="fl-cf"/>
      </object_component>
      <object_component id="oc-13f">
         <name>.debug_line</name>
         <load_address>0x2262</load_address>
         <run_address>0x2262</run_address>
         <size>0xc44</size>
         <input_file_ref idref="fl-cf"/>
      </object_component>
      <object_component id="oc-1d1">
         <name>.debug_line</name>
         <load_address>0x2ea6</load_address>
         <run_address>0x2ea6</run_address>
         <size>0x8a</size>
         <input_file_ref idref="fl-cf"/>
      </object_component>
      <object_component id="oc-217">
         <name>.debug_line</name>
         <load_address>0x2f30</load_address>
         <run_address>0x2f30</run_address>
         <size>0x8a</size>
         <input_file_ref idref="fl-cf"/>
      </object_component>
      <object_component id="oc-1d6">
         <name>.debug_line</name>
         <load_address>0x2fba</load_address>
         <run_address>0x2fba</run_address>
         <size>0x2e</size>
         <input_file_ref idref="fl-cf"/>
      </object_component>
      <object_component id="oc-fb">
         <name>.debug_line</name>
         <load_address>0x2fe8</load_address>
         <run_address>0x2fe8</run_address>
         <size>0x2b</size>
         <input_file_ref idref="fl-d0"/>
      </object_component>
      <object_component id="oc-69">
         <name>.debug_line</name>
         <load_address>0x3013</load_address>
         <run_address>0x3013</run_address>
         <size>0x4a</size>
         <input_file_ref idref="fl-d0"/>
      </object_component>
      <object_component id="oc-ff">
         <name>.debug_line</name>
         <load_address>0x305d</load_address>
         <run_address>0x305d</run_address>
         <size>0x2b</size>
         <input_file_ref idref="fl-d0"/>
      </object_component>
      <object_component id="oc-22a">
         <name>.debug_line</name>
         <load_address>0x3088</load_address>
         <run_address>0x3088</run_address>
         <size>0x89</size>
         <input_file_ref idref="fl-d1"/>
      </object_component>
      <object_component id="oc-1c4">
         <name>.debug_line</name>
         <load_address>0x3111</load_address>
         <run_address>0x3111</run_address>
         <size>0x63</size>
         <input_file_ref idref="fl-d1"/>
      </object_component>
      <object_component id="oc-ef">
         <name>.debug_line</name>
         <load_address>0x3174</load_address>
         <run_address>0x3174</run_address>
         <size>0xa9</size>
         <input_file_ref idref="fl-d2"/>
      </object_component>
      <object_component id="oc-63">
         <name>.debug_line</name>
         <load_address>0x321d</load_address>
         <run_address>0x321d</run_address>
         <size>0x8b</size>
         <input_file_ref idref="fl-d2"/>
      </object_component>
      <object_component id="oc-f3">
         <name>.debug_line</name>
         <load_address>0x32a8</load_address>
         <run_address>0x32a8</run_address>
         <size>0x2e</size>
         <input_file_ref idref="fl-d2"/>
      </object_component>
      <object_component id="oc-154">
         <name>.debug_line</name>
         <load_address>0x32d6</load_address>
         <run_address>0x32d6</run_address>
         <size>0x8a</size>
         <input_file_ref idref="fl-d2"/>
      </object_component>
      <object_component id="oc-f8">
         <name>.debug_line</name>
         <load_address>0x3360</load_address>
         <run_address>0x3360</run_address>
         <size>0x8b</size>
         <input_file_ref idref="fl-d2"/>
      </object_component>
      <object_component id="oc-14b">
         <name>.debug_line</name>
         <load_address>0x33eb</load_address>
         <run_address>0x33eb</run_address>
         <size>0x98</size>
         <input_file_ref idref="fl-d3"/>
      </object_component>
      <object_component id="oc-a0">
         <name>.debug_line</name>
         <load_address>0x3483</load_address>
         <run_address>0x3483</run_address>
         <size>0x68</size>
         <input_file_ref idref="fl-d3"/>
      </object_component>
      <object_component id="oc-14f">
         <name>.debug_line</name>
         <load_address>0x34eb</load_address>
         <run_address>0x34eb</run_address>
         <size>0x2e</size>
         <input_file_ref idref="fl-d3"/>
      </object_component>
      <object_component id="oc-22e">
         <name>.debug_line</name>
         <load_address>0x3519</load_address>
         <run_address>0x3519</run_address>
         <size>0x20</size>
         <input_file_ref idref="fl-d4"/>
      </object_component>
      <object_component id="oc-227">
         <name>.debug_line</name>
         <load_address>0x3539</load_address>
         <run_address>0x3539</run_address>
         <size>0x2b</size>
         <input_file_ref idref="fl-d4"/>
      </object_component>
      <object_component id="oc-1aa">
         <name>.debug_line</name>
         <load_address>0x3564</load_address>
         <run_address>0x3564</run_address>
         <size>0xd2</size>
         <input_file_ref idref="fl-d5"/>
      </object_component>
      <object_component id="oc-189">
         <name>.debug_line</name>
         <load_address>0x3636</load_address>
         <run_address>0x3636</run_address>
         <size>0x77</size>
         <input_file_ref idref="fl-d6"/>
      </object_component>
      <object_component id="oc-198">
         <name>.debug_line</name>
         <load_address>0x36ad</load_address>
         <run_address>0x36ad</run_address>
         <size>0x77</size>
         <input_file_ref idref="fl-d6"/>
      </object_component>
      <object_component id="oc-193">
         <name>.debug_line</name>
         <load_address>0x3724</load_address>
         <run_address>0x3724</run_address>
         <size>0xa8</size>
         <input_file_ref idref="fl-d7"/>
      </object_component>
      <object_component id="oc-18e">
         <name>.debug_line</name>
         <load_address>0x37cc</load_address>
         <run_address>0x37cc</run_address>
         <size>0x8e</size>
         <input_file_ref idref="fl-d8"/>
      </object_component>
      <object_component id="oc-19d">
         <name>.debug_line</name>
         <load_address>0x385a</load_address>
         <run_address>0x385a</run_address>
         <size>0x5a</size>
         <input_file_ref idref="fl-d9"/>
      </object_component>
      <object_component id="oc-1a8">
         <name>.debug_line</name>
         <load_address>0x38b4</load_address>
         <run_address>0x38b4</run_address>
         <size>0x50</size>
         <input_file_ref idref="fl-da"/>
      </object_component>
      <object_component id="oc-21c">
         <name>.debug_line</name>
         <load_address>0x3904</load_address>
         <run_address>0x3904</run_address>
         <size>0x8a</size>
         <input_file_ref idref="fl-db"/>
      </object_component>
      <object_component id="oc-1a2">
         <name>.debug_line</name>
         <load_address>0x398e</load_address>
         <run_address>0x398e</run_address>
         <size>0x66</size>
         <input_file_ref idref="fl-db"/>
      </object_component>
      <object_component id="oc-22c">
         <name>.debug_line</name>
         <load_address>0x39f4</load_address>
         <run_address>0x39f4</run_address>
         <size>0x20</size>
         <input_file_ref idref="fl-dc"/>
      </object_component>
      <object_component id="oc-1c7">
         <name>.debug_line</name>
         <load_address>0x3a14</load_address>
         <run_address>0x3a14</run_address>
         <size>0x48</size>
         <input_file_ref idref="fl-dc"/>
      </object_component>
      <object_component id="oc-21e">
         <name>.debug_line</name>
         <load_address>0x3a5c</load_address>
         <run_address>0x3a5c</run_address>
         <size>0x20</size>
         <input_file_ref idref="fl-dd"/>
      </object_component>
      <object_component id="oc-1b2">
         <name>.debug_line</name>
         <load_address>0x3a7c</load_address>
         <run_address>0x3a7c</run_address>
         <size>0x5e</size>
         <input_file_ref idref="fl-dd"/>
      </object_component>
      <object_component id="oc-1fc">
         <name>.debug_line</name>
         <load_address>0x3ada</load_address>
         <run_address>0x3ada</run_address>
         <size>0x8a</size>
         <input_file_ref idref="fl-dd"/>
      </object_component>
      <object_component id="oc-223">
         <name>.debug_line</name>
         <load_address>0x3b64</load_address>
         <run_address>0x3b64</run_address>
         <size>0x93</size>
         <input_file_ref idref="fl-de"/>
      </object_component>
      <object_component id="oc-1b8">
         <name>.debug_line</name>
         <load_address>0x3bf7</load_address>
         <run_address>0x3bf7</run_address>
         <size>0xa1</size>
         <input_file_ref idref="fl-de"/>
      </object_component>
      <object_component id="oc-a3">
         <name>.debug_line</name>
         <load_address>0x3c98</load_address>
         <run_address>0x3c98</run_address>
         <size>0x3c</size>
         <input_file_ref idref="fl-df"/>
      </object_component>
      <object_component id="oc-225">
         <name>.debug_line</name>
         <load_address>0x3cd4</load_address>
         <run_address>0x3cd4</run_address>
         <size>0x20</size>
         <input_file_ref idref="fl-e0"/>
      </object_component>
      <object_component id="oc-1be">
         <name>.debug_line</name>
         <load_address>0x3cf4</load_address>
         <run_address>0x3cf4</run_address>
         <size>0xa8</size>
         <input_file_ref idref="fl-e0"/>
      </object_component>
      <object_component id="oc-21a">
         <name>.debug_line</name>
         <load_address>0x3d9c</load_address>
         <run_address>0x3d9c</run_address>
         <size>0x20</size>
         <input_file_ref idref="fl-e1"/>
      </object_component>
      <object_component id="oc-183">
         <name>.debug_line</name>
         <load_address>0x3dbc</load_address>
         <run_address>0x3dbc</run_address>
         <size>0xaa</size>
         <input_file_ref idref="fl-e1"/>
      </object_component>
      <object_component id="oc-17b">
         <name>.debug_line</name>
         <load_address>0x3e66</load_address>
         <run_address>0x3e66</run_address>
         <size>0x118</size>
         <input_file_ref idref="fl-e2"/>
      </object_component>
      <object_component id="oc-221">
         <name>.debug_line</name>
         <load_address>0x3f7e</load_address>
         <run_address>0x3f7e</run_address>
         <size>0x2b</size>
         <input_file_ref idref="fl-e3"/>
      </object_component>
      <object_component id="oc-202">
         <name>.debug_line</name>
[...]
         <name>bgColorHighByte</name>
         <value>0x20000473</value>
         <object_component_ref idref="oc-15e"/>
      </symbol>
      <symbol id="sm-2ef">
         <name>drawCircle</name>
         <value>0x1edb</value>
         <object_component_ref idref="oc-11c"/>
      </symbol>
      <symbol id="sm-2f0">
         <name>drawImageLut</name>
         <value>0x1a15</value>
         <object_component_ref idref="oc-11c"/>
      </symbol>
      <symbol id="sm-2f1">
         <name>drawImage</name>
         <value>0x19fd</value>
         <object_component_ref idref="oc-11c"/>
      </symbol>
      <symbol id="sm-2f2">
         <name>font_11x16</name>
         <value>0x44d0</value>
         <object_component_ref idref="oc-164"/>
      </symbol>
      <symbol id="sm-2f3">
         <name>drawLine</name>
         <value>0x1c81</value>
         <object_component_ref idref="oc-11c"/>
      </symbol>
      <symbol id="sm-2f4">
         <name>font_8x12</name>
         <value>0x4cfa</value>
         <object_component_ref idref="oc-167"/>
      </symbol>
      <symbol id="sm-2f5">
         <name>drawCharMd</name>
         <value>0x17ed</value>
         <object_component_ref idref="oc-11c"/>
      </symbol>
      <symbol id="sm-2f6">
         <name>drawCharSmBkg</name>
         <value>0x1587</value>
         <object_component_ref idref="oc-11c"/>
      </symbol>
      <symbol id="sm-2f7">
         <name>drawCharLg</name>
         <value>0x1661</value>
         <object_component_ref idref="oc-11c"/>
      </symbol>
      <symbol id="sm-2f8">
         <name>drawCharSm</name>
         <value>0x14e1</value>
         <object_component_ref idref="oc-11c"/>
      </symbol>
      <symbol id="sm-2f9">
         <name>drawLogicLine</name>
         <value>0x1b41</value>
         <object_component_ref idref="oc-11c"/>
      </symbol>
      <symbol id="sm-2fa">
         <name>setBackgroundColor</name>
         <value>0x1243</value>
         <object_component_ref idref="oc-11c"/>
      </symbol>
      <symbol id="sm-2fb">
         <name>clearScreenBkg</name>
         <value>0x12ef</value>
         <object_component_ref idref="oc-11c"/>
      </symbol>
      <symbol id="sm-2fc">
         <name>fillCircle</name>
         <value>0x20f9</value>
         <object_component_ref idref="oc-11c"/>
      </symbol>
      <symbol id="sm-2fd">
         <name>fillRect</name>
         <value>0x205b</value>
         <object_component_ref idref="oc-11c"/>
      </symbol>
      <symbol id="sm-2fe">
         <name>drawString</name>
         <value>0x13a7</value>
         <object_component_ref idref="oc-11c"/>
      </symbol>
      <symbol id="sm-2ff">
         <name>clearScreen</name>
         <value>0x1261</value>
         <object_component_ref idref="oc-11c"/>
      </symbol>
      <symbol id="sm-300">
         <name>colorLowByte</name>
         <value>0x20000470</value>
         <object_component_ref idref="oc-15e"/>
      </symbol>
      <symbol id="sm-301">
         <name>drawCharMdBkg</name>
         <value>0x189b</value>
         <object_component_ref idref="oc-11c"/>
      </symbol>
      <symbol id="sm-302">
         <name>font_5x7</name>
         <value>0x516e</value>
         <object_component_ref idref="oc-161"/>
      </symbol>
      <symbol id="sm-303">
         <name>drawRect</name>
         <value>0x1e77</value>
         <object_component_ref idref="oc-11c"/>
      </symbol>
      <symbol id="sm-304">
         <name>colorHighByte</name>
         <value>0x20000471</value>
         <object_component_ref idref="oc-15e"/>
      </symbol>
      <symbol id="sm-305">
         <name>bgColorLowByte</name>
         <value>0x20000472</value>
         <object_component_ref idref="oc-15e"/>
      </symbol>
      <symbol id="sm-316">
         <name>_c_int00</name>
         <value>0x4211</value>
         <object_component_ref idref="oc-26"/>
      </symbol>
      <symbol id="sm-317">
         <name>__stack</name>
         <value>0x2000fe00</value>
         <object_component_ref idref="oc-2f"/>
      </symbol>
      <symbol id="sm-335">
         <name>__TI_decompress_lzss</name>
         <value>0x40e5</value>
         <object_component_ref idref="oc-14"/>
      </symbol>
      <symbol id="sm-34c">
         <name>__TI_decompress_none</name>
         <value>0x44a5</value>
         <object_component_ref idref="oc-1a"/>
      </symbol>
      <symbol id="sm-363">
         <name>__TI_zero_init</name>
         <value>0x44c1</value>
         <object_component_ref idref="oc-20"/>
      </symbol>
      <symbol id="sm-384">
         <name>C$$EXIT</name>
         <value>0x4265</value>
         <object_component_ref idref="oc-6b"/>
      </symbol>
      <symbol id="sm-385">
         <name>abort</name>
         <value>0x4269</value>
         <object_component_ref idref="oc-6b"/>
      </symbol>
      <symbol id="sm-386">
         <name>exit</name>
         <value>0x4271</value>
         <object_component_ref idref="oc-6b"/>
      </symbol>
      <symbol id="sm-387">
         <name>__TI_dtors_ptr</name>
         <value>0x20000448</value>
         <object_component_ref idref="oc-ac"/>
      </symbol>
      <symbol id="sm-388">
         <name>__TI_cleanup_ptr</name>
         <value>0x20000444</value>
         <object_component_ref idref="oc-ac"/>
      </symbol>
      <symbol id="sm-389">
         <name>__TI_enable_exit_profile_output</name>
         <value>0x2000044c</value>
         <object_component_ref idref="oc-ac"/>
      </symbol>
      <symbol id="sm-3a4">
         <name>memcpy</name>
         <value>0x3dd9</value>
         <object_component_ref idref="oc-3b"/>
      </symbol>
      <symbol id="sm-3a5">
         <name>__aeabi_memcpy</name>
         <value>0x3dd9</value>
         <object_component_ref idref="oc-3b"/>
      </symbol>
      <symbol id="sm-3a6">
         <name>__aeabi_memcpy8</name>
         <value>0x3dd9</value>
         <object_component_ref idref="oc-3b"/>
      </symbol>
      <symbol id="sm-3a7">
         <name>__aeabi_memcpy4</name>
         <value>0x3dd9</value>
         <object_component_ref idref="oc-3b"/>
      </symbol>
      <symbol id="sm-3b6">
         <name>__aeabi_memset</name>
         <value>0x3f83</value>
         <object_component_ref idref="oc-47"/>
      </symbol>
      <symbol id="sm-3b7">
         <name>memset</name>
         <value>0x3f89</value>
         <object_component_ref idref="oc-47"/>
      </symbol>
      <symbol id="sm-3b8">
         <name>__aeabi_memset8</name>
         <value>0x3f83</value>
         <object_component_ref idref="oc-47"/>
      </symbol>
      <symbol id="sm-3b9">
         <name>__aeabi_memset4</name>
         <value>0x3f83</value>
         <object_component_ref idref="oc-47"/>
      </symbol>
      <symbol id="sm-3ba">
         <name>__aeabi_memclr8</name>
         <value>0x3f81</value>
         <object_component_ref idref="oc-47"/>
      </symbol>
      <symbol id="sm-3bb">
         <name>__aeabi_memclr4</name>
         <value>0x3f81</value>
         <object_component_ref idref="oc-47"/>
      </symbol>
      <symbol id="sm-3bc">
         <name>__aeabi_memclr</name>
         <value>0x3f81</value>
         <object_component_ref idref="oc-47"/>
      </symbol>
      <symbol id="sm-3c6">
         <name>__mpu_init</name>
         <value>0x1223</value>
         <object_component_ref idref="oc-53"/>
      </symbol>
      <symbol id="sm-3d0">
         <name>_system_pre_init</name>
         <value>0x44cd</value>
         <object_component_ref idref="oc-59"/>
      </symbol>
      <symbol id="sm-3e9">
         <name>sprintf</name>
         <value>0x41b1</value>
         <object_component_ref idref="oc-d3"/>
      </symbol>
      <symbol id="sm-3f1">
         <name>main_func_sp</name>
         <value>0x20000478</value>
         <object_component_ref idref="oc-71"/>
      </symbol>
      <symbol id="sm-40a">
         <name>_nop</name>
         <value>0x4477</value>
         <object_component_ref idref="oc-103"/>
      </symbol>
      <symbol id="sm-40b">
         <name>_lock</name>
         <value>0x20000468</value>
         <object_component_ref idref="oc-af"/>
      </symbol>
      <symbol id="sm-40c">
         <name>_unlock</name>
         <value>0x2000046c</value>
         <object_component_ref idref="oc-af"/>
      </symbol>
      <symbol id="sm-40d">
         <name>_register_lock</name>
         <value>0x446f</value>
         <object_component_ref idref="oc-103"/>
      </symbol>
      <symbol id="sm-40e">
         <name>_register_unlock</name>
         <value>0x4469</value>
         <object_component_ref idref="oc-103"/>
      </symbol>
      <symbol id="sm-50f">
         <name>__TI_printfi</name>
         <value>0x929</value>
         <object_component_ref idref="oc-13b"/>
      </symbol>
      <symbol id="sm-523">
         <name>_args_main</name>
         <value>0x4439</value>
         <object_component_ref idref="oc-65"/>
      </symbol>
      <symbol id="sm-539">
         <name>atoi</name>
         <value>0x430d</value>
         <object_component_ref idref="oc-1c0"/>
      </symbol>
      <symbol id="sm-563">
         <name>__TI_auto_init</name>
         <value>0x4075</value>
         <object_component_ref idref="oc-5f"/>
      </symbol>
      <symbol id="sm-57d">
         <name>copy_in</name>
         <value>0x4359</value>
         <object_component_ref idref="oc-9c"/>
      </symbol>
      <symbol id="sm-588">
         <name>_ctypes_</name>
         <value>0x534e</value>
         <object_component_ref idref="oc-20b"/>
      </symbol>
      <symbol id="sm-59f">
         <name>__aeabi_dsub</name>
         <value>0x3769</value>
         <object_component_ref idref="oc-1a9"/>
      </symbol>
      <symbol id="sm-5a0">
         <name>__aeabi_dadd</name>
         <value>0x3773</value>
         <object_component_ref idref="oc-1a9"/>
      </symbol>
      <symbol id="sm-5c2">
         <name>__aeabi_cdcmpeq</name>
         <value>0x3e75</value>
         <object_component_ref idref="oc-185"/>
      </symbol>
      <symbol id="sm-5c3">
         <name>__aeabi_cdcmple</name>
         <value>0x3e75</value>
         <object_component_ref idref="oc-185"/>
      </symbol>
      <symbol id="sm-5c4">
         <name>__aeabi_cdrcmple</name>
         <value>0x3efb</value>
         <object_component_ref idref="oc-194"/>
      </symbol>
      <symbol id="sm-5d8">
         <name>__aeabi_ddiv</name>
         <value>0x3aa9</value>
         <object_component_ref idref="oc-18f"/>
      </symbol>
      <symbol id="sm-5e3">
         <name>__aeabi_dmul</name>
         <value>0x3bdf</value>
         <object_component_ref idref="oc-18a"/>
      </symbol>
      <symbol id="sm-5ed">
         <name>__aeabi_d2iz</name>
         <value>0x43a5</value>
         <object_component_ref idref="oc-199"/>
      </symbol>
      <symbol id="sm-5f7">
         <name>__aeabi_i2d</name>
         <value>0x43ed</value>
         <object_component_ref idref="oc-1a4"/>
      </symbol>
      <symbol id="sm-606">
         <name>ltoa</name>
         <value>0x42b9</value>
         <object_component_ref idref="oc-19e"/>
      </symbol>
      <symbol id="sm-616">
         <name>memccpy</name>
         <value>0x441b</value>
         <object_component_ref idref="oc-1c6"/>
      </symbol>
      <symbol id="sm-631">
         <name>frexpl</name>
         <value>0x414d</value>
         <object_component_ref idref="oc-1ae"/>
      </symbol>
      <symbol id="sm-632">
         <name>frexp</name>
         <value>0x414d</value>
         <object_component_ref idref="oc-1ae"/>
      </symbol>
      <symbol id="sm-64f">
         <name>scalbn</name>
         <value>0x3cdd</value>
         <object_component_ref idref="oc-1b4"/>
      </symbol>
      <symbol id="sm-650">
         <name>scalbnl</name>
         <value>0x3cdd</value>
         <object_component_ref idref="oc-1b4"/>
      </symbol>
      <symbol id="sm-651">
         <name>ldexpl</name>
         <value>0x3cdd</value>
         <object_component_ref idref="oc-1b4"/>
      </symbol>
      <symbol id="sm-652">
         <name>ldexp</name>
         <value>0x3cdd</value>
         <object_component_ref idref="oc-1b4"/>
      </symbol>
      <symbol id="sm-65c">
         <name>_system_post_cinit</name>
         <value>0x391f</value>
         <object_component_ref idref="oc-a2"/>
      </symbol>
      <symbol id="sm-66c">
         <name>strchr</name>
         <value>0x4451</value>
         <object_component_ref idref="oc-1ba"/>
      </symbol>
      <symbol id="sm-67a">
         <name>strlen</name>
         <value>0x4491</value>
         <object_component_ref idref="oc-17f"/>
      </symbol>
      <symbol id="sm-696">
         <name>__aeabi_uldivmod</name>
         <value>0x3575</value>
         <object_component_ref idref="oc-17a"/>
      </symbol>
      <symbol id="sm-69e">
         <name>errno</name>
         <value>0x20000474</value>
         <object_component_ref idref="oc-204"/>
      </symbol>
      <symbol id="sm-6a8">
         <name>copysign</name>
         <value>0x447d</value>
         <object_component_ref idref="oc-1fe"/>
      </symbol>
      <symbol id="sm-6a9">
         <name>copysignl</name>
         <value>0x447d</value>
         <object_component_ref idref="oc-1fe"/>
      </symbol>
      <symbol id="sm-6aa">
         <name>__TI_static_base__</name>
         <value>0x0</value>
      </symbol>
      <symbol id="sm-6ad">
         <name>SHT$$INIT_ARRAY$$Limit</name>
         <value>0x0</value>
      </symbol>
      <symbol id="sm-6ae">
         <name>SHT$$INIT_ARRAY$$Base</name>
         <value>0x0</value>
      </symbol>
      <symbol id="sm-6af">
         <name>NMI_Handler</name>
         <value>0x44bf</value>
      </symbol>
      <symbol id="sm-6b0">
         <name>HardFault_Handler</name>
         <value>0x44bf</value>
      </symbol>
      <symbol id="sm-6b1">
         <name>MemManage_Handler</name>
         <value>0x44bf</value>
      </symbol>
      <symbol id="sm-6b2">
         <name>BusFault_Handler</name>
         <value>0x44bf</value>
      </symbol>
      <symbol id="sm-6b3">
         <name>UsageFault_Handler</name>
         <value>0x44bf</value>
      </symbol>
      <symbol id="sm-6b4">
         <name>SVC_Handler</name>
         <value>0x44bf</value>
      </symbol>
      <symbol id="sm-6b5">
         <name>DebugMon_Handler</name>
         <value>0x44bf</value>
      </symbol>
      <symbol id="sm-6b6">
         <name>PendSV_Handler</name>
         <value>0x44bf</value>
      </symbol>
      <symbol id="sm-6b7">
         <name>SysTick_Handler</name>
         <value>0x44bf</value>
      </symbol>
      <symbol id="sm-6b8">
         <name>PSS_IRQHandler</name>
         <value>0x44bf</value>
      </symbol>
      <symbol id="sm-6b9">
         <name>CS_IRQHandler</name>
         <value>0x44bf</value>
      </symbol>
      <symbol id="sm-6ba">
         <name>PCM_IRQHandler</name>
         <value>0x44bf</value>
      </symbol>
      <symbol id="sm-6bb">
         <name>WDT_A_IRQHandler</name>
         <value>0x44bf</value>
      </symbol>
      <symbol id="sm-6bc">
         <name>FPU_IRQHandler</name>
         <value>0x44bf</value>
      </symbol>
      <symbol id="sm-6bd">
         <name>FLCTL_IRQHandler</name>
         <value>0x44bf</value>
      </symbol>
      <symbol id="sm-6be">
         <name>COMP_E0_IRQHandler</name>
         <value>0x44bf</value>
      </symbol>
      <symbol id="sm-6bf">
         <name>COMP_E1_IRQHandler</name>
         <value>0x44bf</value>
      </symbol>
      <symbol id="sm-6c0">
         <name>TA0_0_IRQHandler</name>
         <value>0x303b</value>
      </symbol>
      <symbol id="sm-6c1">
         <name>TA0_N_IRQHandler</name>
         <value>0x44bf</value>
      </symbol>
      <symbol id="sm-6c2">
         <name>TA1_0_IRQHandler</name>
         <value>0x44bf</value>
      </symbol>
      <symbol id="sm-6c3">
         <name>TA1_N_IRQHandler</name>
         <value>0x44bf</value>
      </symbol>
      <symbol id="sm-6c4">
         <name>TA2_0_IRQHandler</name>
         <value>0x44bf</value>
      </symbol>
      <symbol id="sm-6c5">
         <name>TA2_N_IRQHandler</name>
         <value>0x44bf</value>
      </symbol>
      <symbol id="sm-6c6">
         <name>TA3_0_IRQHandler</name>
         <value>0x44bf</value>
      </symbol>
      <symbol id="sm-6c7">
         <name>TA3_N_IRQHandler</name>
         <value>0x44bf</value>
      </symbol>
      <symbol id="sm-6c8">
         <name>EUSCIA0_IRQHandler</name>
         <value>0x44bf</value>
      </symbol>
      <symbol id="sm-6c9">
         <name>EUSCIA1_IRQHandler</name>
         <value>0x44bf</value>
      </symbol>
      <symbol id="sm-6ca">
         <name>EUSCIA2_IRQHandler</name>
         <value>0x3063</value>
      </symbol>
      <symbol id="sm-6cb">
         <name>EUSCIA3_IRQHandler</name>
         <value>0x44bf</value>
      </symbol>
      <symbol id="sm-6cc">
         <name>EUSCIB0_IRQHandler</name>
         <value>0x44bf</value>
      </symbol>
      <symbol id="sm-6cd">
         <name>EUSCIB1_IRQHandler</name>
         <value>0x44bf</value>
      </symbol>
      <symbol id="sm-6ce">
         <name>EUSCIB2_IRQHandler</name>
         <value>0x44bf</value>
      </symbol>
      <symbol id="sm-6cf">
         <name>EUSCIB3_IRQHandler</name>
         <value>0x44bf</value>
      </symbol>
      <symbol id="sm-6d0">
         <name>ADC14_IRQHandler</name>
         <value>0x44bf</value>
      </symbol>
      <symbol id="sm-6d1">
         <name>T32_INT1_IRQHandler</name>
         <value>0x44bf</value>
      </symbol>
      <symbol id="sm-6d2">
         <name>T32_INT2_IRQHandler</name>
         <value>0x44bf</value>
      </symbol>
      <symbol id="sm-6d3">
         <name>T32_INTC_IRQHandler</name>
         <value>0x44bf</value>
      </symbol>
      <symbol id="sm-6d4">
         <name>AES256_IRQHandler</name>
         <value>0x44bf</value>
      </symbol>
      <symbol id="sm-6d5">
         <name>RTC_C_IRQHandler</name>
         <value>0x44bf</value>
      </symbol>
      <symbol id="sm-6d6">
         <name>DMA_ERR_IRQHandler</name>
         <value>0x44bf</value>
      </symbol>
      <symbol id="sm-6d7">
         <name>DMA_INT3_IRQHandler</name>
         <value>0x44bf</value>
      </symbol>
      <symbol id="sm-6d8">
         <name>DMA_INT2_IRQHandler</name>
         <value>0x44bf</value>
      </symbol>
      <symbol id="sm-6d9">
         <name>DMA_INT1_IRQHandler</name>
         <value>0x44bf</value>
      </symbol>
      <symbol id="sm-6da">
         <name>DMA_INT0_IRQHandler</name>
         <value>0x44bf</value>
      </symbol>
      <symbol id="sm-6db">
         <name>PORT1_IRQHandler</name>
         <value>0x44bf</value>
      </symbol>
      <symbol id="sm-6dc">
         <name>PORT2_IRQHandler</name>
         <value>0x44bf</value>
      </symbol>
      <symbol id="sm-6dd">
         <name>PORT3_IRQHandler</name>
         <value>0x44bf</value>
      </symbol>
      <symbol id="sm-6de">
         <name>PORT4_IRQHandler</name>
         <value>0x44bf</value>
      </symbol>
      <symbol id="sm-6df">
         <name>PORT5_IRQHandler</name>
         <value>0x44bf</value>
      </symbol>
      <symbol id="sm-6e0">
         <name>PORT6_IRQHandler</name>
         <value>0x44bf</value>
      </symbol>
   </symbol_table>
   <title>Link successful</title>
</link_info>
