******************************************************************************
                  TI ARM Linker PC v16.9.3                     
******************************************************************************
>> Linked Fri Apr 20 13:03:01 2018

OUTPUT FILE NAME:   <P4.out>
ENTRY POINT SYMBOL: "_c_int00"  address: 00004341


MEMORY CONFIGURATION

         name            origin    length      used     unused   attr    fill
----------------------  --------  ---------  --------  --------  ----  --------
  MAIN                  00000000   00040000  00005607  0003a9f9  R  X
  INFO                  00200000   00004000  00000000  00004000  R  X
  SRAM_CODE             01000000   00010000  0000067f  0000f981  RW X
  SRAM_DATA             20000000   00010000  0000067f  0000f981  RW  


SEGMENT ALLOCATION MAP

run origin  load origin   length   init length attrs members
----------  ----------- ---------- ----------- ----- -------
00000000    00000000    00005608   00005608    r-x
  00000000    00000000    000000e4   000000e4    r-- .intvecs
  000000e4    000000e4    0000451c   0000451c    r-x .text
  00004600    00004600    00000f9f   00000f9f    r-- .const
  000055a0    000055a0    00000068   00000068    r-- .cinit
20000000    20000000    00000480   00000000    rw-
  20000000    20000000    00000423   00000000    rw- .bss
  20000424    20000424    0000005c   00000000    rw- .data
2000fe00    2000fe00    00000200   00000000    rw-
  2000fe00    2000fe00    00000200   00000000    rw- .stack


SECTION ALLOCATION MAP

 output                                  attributes/
section   page    origin      length       input sections
--------  ----  ----------  ----------   ----------------
.intvecs   0    00000000    000000e4     
                  00000000    000000e4     startup_msp432p401r_ccs.obj (.intvecs:retain)

.binit     0    00000000    00000000     

.text      0    000000e4    0000451c     
                  000000e4    0000113e     rtsv7M4_T_le_v4SPD16_eabi.lib : _printfi.obj (.text)
                  00001222    00000002                                   : mpu_init.obj (.text)
                  00001224    0000104c     lib_PAE2.lib : graphics.obj (.text)
                  00002270    000008a8                  : lcd.obj (.text)
                  00002b18    00000860     main.obj (.text)
                  00003378    0000032c     system_msp432p401r.obj (.text)
                  000036a4    000001f4     rtsv7M4_T_le_v4SPD16_eabi.lib : ull_div_t2.obj (.text)
                  00003898    000001b6                                   : fd_add_t2.obj (.text)
                  00003a4e    00000002                                   : startup.obj (.text)
                  00003a50    00000188     lib_PAE2.lib : msp_LCD.obj (.text)
                  00003bd8    00000136     rtsv7M4_T_le_v4SPD16_eabi.lib : fd_div_t2.obj (.text)
                  00003d0e    000000fc                                   : fd_mul_t2.obj (.text)
                  00003e0a    00000002     --HOLE-- [fill = 0]
                  00003e0c    000000fc                                   : s_scalbn.obj (.text)
                  00003f08    0000009c                                   : memcpy_t2.obj (.text)
                  00003fa4    00000086                                   : fd_cmp_t2.obj (.text:__aeabi_cdcmple)
                  0000402a    00000086                                   : fd_cmp_t2.obj (.text:__aeabi_cdrcmple)
                  000040b0    0000007a                                   : memset_t2.obj (.text)
                  0000412a    00000002     --HOLE-- [fill = 0]
                  0000412c    00000078     lib_PAE2.lib : Inicializacion.obj (.text)
                  000041a4    00000070     rtsv7M4_T_le_v4SPD16_eabi.lib : autoinit.obj (.text)
                  00004214    00000068                                   : copy_decompress_lzss.obj (.text:decompress:lzss)
                  0000427c    00000064                                   : s_frexp.obj (.text)
                  000042e0    00000060                                   : sprintf.obj (.text)
                  00004340    00000054                                   : boot.obj (.text)
                  00004394    00000054                                   : exit.obj (.text)
                  000043e8    00000054                                   : ltoa.obj (.text)
                  0000443c    0000004c                                   : atoi.obj (.text)
                  00004488    0000004c                                   : cpy_tbl.obj (.text)
                  000044d4    00000048                                   : fd_toi_t2.obj (.text)
                  0000451c    0000002e                                   : i_tofd_t2.obj (.text)
                  0000454a    0000001c                                   : memccpy.obj (.text)
                  00004566    00000002     --HOLE-- [fill = 0]
                  00004568    00000018                                   : args_main.obj (.text)
                  00004580    00000016                                   : strchr.obj (.text)
                  00004596    00000002     --HOLE-- [fill = 0]
                  00004598    00000014                                   : _lock.obj (.text)
                  000045ac    00000014                                   : s_copysign.obj (.text)
                  000045c0    00000014                                   : strlen.obj (.text)
                  000045d4    0000000e                                   : copy_decompress_none.obj (.text:decompress:none)
                  000045e2    0000000e     startup_msp432p401r_ccs.obj (.text)
                  000045f0    0000000c     rtsv7M4_T_le_v4SPD16_eabi.lib : copy_zero_init.obj (.text:decompress:ZI)
                  000045fc    00000004                                   : pre_init.obj (.text)

.const     0    00004600    00000f9f     
                  00004600    0000082a     lib_PAE2.lib : graphics.obj (.const:font_11x16)
                  00004e2a    00000474                  : graphics.obj (.const:font_8x12)
                  0000529e    000001e0                  : graphics.obj (.const:font_5x7)
                  0000547e    00000101     rtsv7M4_T_le_v4SPD16_eabi.lib : ctype.obj (.const:.string:_ctypes_)
                  0000557f    00000010     lib_PAE2.lib : lcd.obj (.const:.string:$P$T0$1)
                  0000558f    00000010                  : lcd.obj (.const:.string:$P$T1$2)

.cinit     0    000055a0    00000068     
                  000055a0    00000041     (.cinit..data.load) [load image, compression = lzss]
                  000055e1    00000003     --HOLE-- [fill = 0]
                  000055e4    0000000c     (__TI_handler_table)
                  000055f0    00000008     (.cinit..bss.load) [load image, compression = zero_init]
                  000055f8    00000010     (__TI_cinit_table)

.init_array 
*          0    00000000    00000000     UNINITIALIZED

.bss       0    20000000    00000423     UNINITIALIZED
                  20000000    00000400     lib_PAE2.lib : graphics.obj (.bss:g_pulConvertedPalette)
                  20000400    00000023     (.common:readPacket)

.data      0    20000424    0000005c     UNINITIALIZED
                  20000424    00000010     main.obj (.data:borrado)
                  20000434    00000010     main.obj (.data:saludo)
                  20000444    0000000c     rtsv7M4_T_le_v4SPD16_eabi.lib : exit.obj (.data:$O1$$)
                  20000450    0000000b     main.obj (.data)
                  2000045b    00000001     --HOLE--
                  2000045c    0000000a     lib_PAE2.lib : lcd.obj (.data)
                  20000466    00000002     --HOLE--
                  20000468    00000008     rtsv7M4_T_le_v4SPD16_eabi.lib : _lock.obj (.data:$O1$$)
                  20000470    00000004     lib_PAE2.lib : graphics.obj (.data)
                  20000474    00000004     rtsv7M4_T_le_v4SPD16_eabi.lib : errno.obj (.data)
                  20000478    00000004                                   : stkdepth_vars.obj (.data)
                  2000047c    00000004     system_msp432p401r.obj (.data)

.stack     0    2000fe00    00000200     UNINITIALIZED
                  2000fe00    00000200     --HOLE--

MODULE SUMMARY

       Module                        code    ro data   rw data
       ------                        ----    -------   -------
    .\
       main.obj                      2144    0         156    
       system_msp432p401r.obj        812     0         8      
       startup_msp432p401r_ccs.obj   14      228       0      
    +--+-----------------------------+-------+---------+---------+
       Total:                        2970    228       164    
                                                              
    ../lib_PAE2.lib
       graphics.obj                  4172    3710      2056   
       lcd.obj                       2216    32        20     
       msp_LCD.obj                   392     0         0      
       Inicializacion.obj            120     0         0      
    +--+-----------------------------+-------+---------+---------+
       Total:                        6900    3742      2076   
                                                              
    C:\ti\ccsv7\tools\compiler\ti-cgt-arm_16.9.3.LTS\lib\rtsv7M4_T_le_v4SPD16_eabi.lib
       _printfi.obj                  4414    0         0      
       ull_div_t2.obj                500     0         0      
       fd_add_t2.obj                 438     0         0      
       fd_div_t2.obj                 310     0         0      
       fd_cmp_t2.obj                 268     0         0      
       ctype.obj                     0       257       0      
       fd_mul_t2.obj                 252     0         0      
       s_scalbn.obj                  252     0         0      
       memcpy_t2.obj                 156     0         0      
       memset_t2.obj                 122     0         0      
       autoinit.obj                  112     0         0      
       exit.obj                      84      0         24     
       copy_decompress_lzss.obj      104     0         0      
       s_frexp.obj                   100     0         0      
       sprintf.obj                   96      0         0      
       boot.obj                      84      0         0      
       ltoa.obj                      84      0         0      
       atoi.obj                      76      0         0      
       cpy_tbl.obj                   76      0         0      
       fd_toi_t2.obj                 72      0         0      
       i_tofd_t2.obj                 46      0         0      
       _lock.obj                     20      0         16     
       memccpy.obj                   28      0         0      
       args_main.obj                 24      0         0      
       strchr.obj                    22      0         0      
       s_copysign.obj                20      0         0      
       strlen.obj                    20      0         0      
       copy_decompress_none.obj      14      0         0      
       copy_zero_init.obj            12      0         0      
       errno.obj                     0       0         8      
       stkdepth_vars.obj             0       0         8      
       pre_init.obj                  4       0         0      
       mpu_init.obj                  2       0         0      
       startup.obj                   2       0         0      
    +--+-----------------------------+-------+---------+---------+
       Total:                        7814    257       56     
                                                              
       Stack:                        0       0         1024   
       Linker Generated:             0       101       0      
    +--+-----------------------------+-------+---------+---------+
       Grand Total:                  17684   4328      3320   


LINKER GENERATED COPY TABLES

__TI_cinit_table @ 000055f8 records: 2, size/record: 8, table size: 16
	.data: load addr=000055a0, load size=00000041 bytes, run addr=20000424, run size=0000005c bytes, compression=lzss
	.bss: load addr=000055f0, load size=00000008 bytes, run addr=20000000, run size=00000423 bytes, compression=zero_init


LINKER GENERATED HANDLER TABLE

__TI_handler_table @ 000055e4 records: 3, size/record: 4, table size: 12
	index: 0, handler: __TI_decompress_lzss
	index: 1, handler: __TI_decompress_none
	index: 2, handler: __TI_zero_init


GLOBAL SYMBOLS: SORTED ALPHABETICALLY BY Name 

address   name                           
-------   ----                           
000045ef  ADC14_IRQHandler               
000045ef  AES256_IRQHandler              
000045ef  BusFault_Handler               
20000452  Byte_Recibido                  
00004395  C$$EXIT                        
000045ef  COMP_E0_IRQHandler             
000045ef  COMP_E1_IRQHandler             
000045ef  CS_IRQHandler                  
2000045e  Color_Fondo                    
20000462  Color_Fondo_Inv                
20000460  Color_Texto                    
20000464  Color_Texto_Inv                
000045ef  DMA_ERR_IRQHandler             
000045ef  DMA_INT0_IRQHandler            
000045ef  DMA_INT1_IRQHandler            
000045ef  DMA_INT2_IRQHandler            
000045ef  DMA_INT3_IRQHandler            
000045ef  DebugMon_Handler               
000045ef  Default_Handler                
000045ef  EUSCIA0_IRQHandler             
000045ef  EUSCIA1_IRQHandler             
000031f5  EUSCIA2_IRQHandler             
000031f5  EUSCIA2_IRQHandler             
000045ef  EUSCIA3_IRQHandler             
000045ef  EUSCIB0_IRQHandler             
000045ef  EUSCIB1_IRQHandler             
000045ef  EUSCIB2_IRQHandler             
000045ef  EUSCIB3_IRQHandler             
000045ef  FLCTL_IRQHandler               
000045ef  FPU_IRQHandler                 
2000045d  Fuente                         
000045ef  HardFault_Handler              
000045ef  MemManage_Handler              
000045ef  NMI_Handler                    
000045ef  PCM_IRQHandler                 
000045ef  PORT1_IRQHandler               
000045ef  PORT2_IRQHandler               
000045ef  PORT3_IRQHandler               
000045ef  PORT4_IRQHandler               
000045ef  PORT5_IRQHandler               
000045ef  PORT6_IRQHandler               
000045ef  PSS_IRQHandler                 
000045ef  PendSV_Handler                 
000045ef  RTC_C_IRQHandler               
000045e3  Reset_Handler                  
00002d09  RxPacket                       
UNDEFED   SHT$$INIT_ARRAY$$Base          
UNDEFED   SHT$$INIT_ARRAY$$Limit         
000045ef  SVC_Handler                    
00002ccb  Sentit_Dades_Rx                
00002cd7  Sentit_Dades_Tx                
000045ef  SysTick_Handler                
2000047c  SystemCoreClock                
00003379  SystemCoreClockUpdate          
000035ed  SystemInit                     
000045ef  T32_INT1_IRQHandler            
000045ef  T32_INT2_IRQHandler            
000045ef  T32_INTC_IRQHandler            
000031c7  TA0_0_IRQHandler               
000031c7  TA0_0_IRQHandler               
000045ef  TA0_N_IRQHandler               
000045ef  TA1_0_IRQHandler               
000045ef  TA1_N_IRQHandler               
000045ef  TA2_0_IRQHandler               
000045ef  TA2_N_IRQHandler               
000045ef  TA3_0_IRQHandler               
000045ef  TA3_N_IRQHandler               
00002ded  TxPacket                       
00002ed1  TxPacket2                      
00002d73  TxUAC2                         
00002dbf  TxUAC2_2                       
000045ef  UsageFault_Handler             
4000480c  WDTCTL_SYM                     
000045ef  WDT_A_IRQHandler               
20010000  __STACK_END                    
00000200  __STACK_SIZE                   
000055f8  __TI_CINIT_Base                
00005608  __TI_CINIT_Limit               
000055e4  __TI_Handler_Table_Base        
000055f0  __TI_Handler_Table_Limit       
000041a5  __TI_auto_init                 
20000444  __TI_cleanup_ptr               
00004215  __TI_decompress_lzss           
000045d5  __TI_decompress_none           
20000448  __TI_dtors_ptr                 
2000044c  __TI_enable_exit_profile_output
ffffffff  __TI_pprof_out_hndl            
00000929  __TI_printfi                   
ffffffff  __TI_prof_data_size            
ffffffff  __TI_prof_data_start           
00000000  __TI_static_base__             
000045f1  __TI_zero_init                 
00003fa5  __aeabi_cdcmpeq                
00003fa5  __aeabi_cdcmple                
0000402b  __aeabi_cdrcmple               
000044d5  __aeabi_d2iz                   
000038a3  __aeabi_dadd                   
00003bd9  __aeabi_ddiv                   
00003d0f  __aeabi_dmul                   
00003899  __aeabi_dsub                   
0000451d  __aeabi_i2d                    
000040b1  __aeabi_memclr                 
000040b1  __aeabi_memclr4                
000040b1  __aeabi_memclr8                
00003f09  __aeabi_memcpy                 
00003f09  __aeabi_memcpy4                
00003f09  __aeabi_memcpy8                
000040b3  __aeabi_memset                 
000040b3  __aeabi_memset4                
000040b3  __aeabi_memset8                
000036a5  __aeabi_uldivmod               
ffffffff  __binit__                      
ffffffff  __c_args__                     
00001223  __mpu_init                     
2000fe00  __stack                        
00004569  _args_main                     
00004341  _c_int00                       
0000547e  _ctypes_                       
20000468  _lock                          
000045a7  _nop                           
2000045c  _orientation                   
0000459f  _register_lock                 
00004599  _register_unlock               
00003a4f  _system_post_cinit             
000045fd  _system_pre_init               
2000046c  _unlock                        
00004399  abort                          
0000443d  atoi                           
20000473  bgColorHighByte                
20000472  bgColorLowByte                 
ffffffff  binit                          
20000424  borrado                        
00002be3  borrar                         
000026a1  cambiar_orientacion            
00001261  clearScreen                    
000012ef  clearScreenBkg                 
20000471  colorHighByte                  
20000470  colorLowByte                   
00004489  copy_in                        
000045ad  copysign                       
000045ad  copysignl                      
00003b75  delay                          
00002fed  delay_t                        
00001661  drawCharLg                     
00001709  drawCharLgBkg                  
000017ed  drawCharMd                     
0000189b  drawCharMdBkg                  
000014e1  drawCharSm                     
00001587  drawCharSmBkg                  
00001edb  drawCircle                     
000019fd  drawImage                      
00001a15  drawImageLut                   
00001b23  drawImageMono                  
00001c81  drawLine                       
00001b41  drawLogicLine                  
00001377  drawPixel                      
00001e77  drawRect                       
000013a7  drawString                     
20000474  errno                          
00002bf7  escribir                       
000043a1  exit                           
000020f9  fillCircle                     
0000205b  fillRect                       
00004600  font_11x16                     
0000529e  font_5x7                       
00004e2a  font_8x12                      
0000427d  frexp                          
0000427d  frexpl                         
0000231b  getAltura                      
000022c9  getColumna                     
00002277  getLinea                       
00002271  getOrientacion                 
000030c1  getPacket_Led                  
0000302d  getPacket_MoveServo            
00003089  getPacket_Ping                 
00002377  getScreenHeight                
00002361  getScreenWidth                 
00002831  halLcdClearLine                
000026cf  halLcdClearScreen              
000026f3  halLcdClearScreenBkg           
000029a5  halLcdDrawCircle               
00002aad  halLcdDrawImageLut             
000028f9  halLcdDrawLine                 
000028a7  halLcdDrawPixel                
0000294d  halLcdDrawRect                 
00002a51  halLcdFillCircle               
000029f5  halLcdFillRect                 
000026c3  halLcdInit                     
00002713  halLcdPrintLine                
00002793  halLcdPrintLineCol             
000024ed  initLCD                        
00002bd7  init_LCD                       
00002c59  init_UART                      
00002b19  init_interrupciones            
00003a51  init_spi_lcd_tactil            
00002c0d  init_timers                    
0000412d  init_ucs_16MHz                 
00004165  init_ucs_24MHz                 
00002b45  initializeReadPacket           
00000000  interruptVectors               
00003e0d  ldexp                          
00003e0d  ldexpl                         
20000450  linea                          
000043e9  ltoa                           
00003131  main                           
20000478  main_func_sp                   
0000454b  memccpy                        
00003f09  memcpy                         
000040b9  memset                         
00002b89  newDataPacket                  
00003105  printPacketOnLCD               
20000458  readIndex                      
20000400  readPacket                     
2000045a  readingProcessState            
20000434  saludo                         
00003e0d  scalbn                         
00003e0d  scalbnl                        
0000238d  setArea                        
00001243  setBackgroundColor             
00001225  setColor                       
00002ce3  setInterruptionActive          
00002633  setOrientation                 
000042e1  sprintf                        
00004581  strchr                         
000045c1  strlen                         
20000451  timer                          
20000459  toggleRead                     
20000456  velocidad_left                 
20000454  velocidad_right                
00003b4f  writeCommand                   
00003b29  writeData                      


GLOBAL SYMBOLS: SORTED BY Symbol Address 

address   name                           
-------   ----                           
00000000  __TI_static_base__             
00000000  interruptVectors               
00000200  __STACK_SIZE                   
00000929  __TI_printfi                   
00001223  __mpu_init                     
00001225  setColor                       
00001243  setBackgroundColor             
00001261  clearScreen                    
000012ef  clearScreenBkg                 
00001377  drawPixel                      
000013a7  drawString                     
000014e1  drawCharSm                     
00001587  drawCharSmBkg                  
00001661  drawCharLg                     
00001709  drawCharLgBkg                  
000017ed  drawCharMd                     
0000189b  drawCharMdBkg                  
000019fd  drawImage                      
00001a15  drawImageLut                   
00001b23  drawImageMono                  
00001b41  drawLogicLine                  
00001c81  drawLine                       
00001e77  drawRect                       
00001edb  drawCircle                     
0000205b  fillRect                       
000020f9  fillCircle                     
00002271  getOrientacion                 
00002277  getLinea                       
000022c9  getColumna                     
0000231b  getAltura                      
00002361  getScreenWidth                 
00002377  getScreenHeight                
0000238d  setArea                        
000024ed  initLCD                        
00002633  setOrientation                 
000026a1  cambiar_orientacion            
000026c3  halLcdInit                     
000026cf  halLcdClearScreen              
000026f3  halLcdClearScreenBkg           
00002713  halLcdPrintLine                
00002793  halLcdPrintLineCol             
00002831  halLcdClearLine                
000028a7  halLcdDrawPixel                
000028f9  halLcdDrawLine                 
0000294d  halLcdDrawRect                 
000029a5  halLcdDrawCircle               
000029f5  halLcdFillRect                 
00002a51  halLcdFillCircle               
00002aad  halLcdDrawImageLut             
00002b19  init_interrupciones            
00002b45  initializeReadPacket           
00002b89  newDataPacket                  
00002bd7  init_LCD                       
00002be3  borrar                         
00002bf7  escribir                       
00002c0d  init_timers                    
00002c59  init_UART                      
00002ccb  Sentit_Dades_Rx                
00002cd7  Sentit_Dades_Tx                
00002ce3  setInterruptionActive          
00002d09  RxPacket                       
00002d73  TxUAC2                         
00002dbf  TxUAC2_2                       
00002ded  TxPacket                       
00002ed1  TxPacket2                      
00002fed  delay_t                        
0000302d  getPacket_MoveServo            
00003089  getPacket_Ping                 
000030c1  getPacket_Led                  
00003105  printPacketOnLCD               
00003131  main                           
000031c7  TA0_0_IRQHandler               
000031c7  TA0_0_IRQHandler               
000031f5  EUSCIA2_IRQHandler             
000031f5  EUSCIA2_IRQHandler             
00003379  SystemCoreClockUpdate          
000035ed  SystemInit                     
000036a5  __aeabi_uldivmod               
00003899  __aeabi_dsub                   
000038a3  __aeabi_dadd                   
00003a4f  _system_post_cinit             
00003a51  init_spi_lcd_tactil            
00003b29  writeData                      
00003b4f  writeCommand                   
00003b75  delay                          
00003bd9  __aeabi_ddiv                   
00003d0f  __aeabi_dmul                   
00003e0d  ldexp                          
00003e0d  ldexpl                         
00003e0d  scalbn                         
00003e0d  scalbnl                        
00003f09  __aeabi_memcpy                 
00003f09  __aeabi_memcpy4                
00003f09  __aeabi_memcpy8                
00003f09  memcpy                         
00003fa5  __aeabi_cdcmpeq                
00003fa5  __aeabi_cdcmple                
0000402b  __aeabi_cdrcmple               
000040b1  __aeabi_memclr                 
000040b1  __aeabi_memclr4                
000040b1  __aeabi_memclr8                
000040b3  __aeabi_memset                 
000040b3  __aeabi_memset4                
000040b3  __aeabi_memset8                
000040b9  memset                         
0000412d  init_ucs_16MHz                 
00004165  init_ucs_24MHz                 
000041a5  __TI_auto_init                 
00004215  __TI_decompress_lzss           
0000427d  frexp                          
0000427d  frexpl                         
000042e1  sprintf                        
00004341  _c_int00                       
00004395  C$$EXIT                        
00004399  abort                          
000043a1  exit                           
000043e9  ltoa                           
0000443d  atoi                           
00004489  copy_in                        
000044d5  __aeabi_d2iz                   
0000451d  __aeabi_i2d                    
0000454b  memccpy                        
00004569  _args_main                     
00004581  strchr                         
00004599  _register_unlock               
0000459f  _register_lock                 
000045a7  _nop                           
000045ad  copysign                       
000045ad  copysignl                      
000045c1  strlen                         
000045d5  __TI_decompress_none           
000045e3  Reset_Handler                  
000045ef  ADC14_IRQHandler               
000045ef  AES256_IRQHandler              
000045ef  BusFault_Handler               
000045ef  COMP_E0_IRQHandler             
000045ef  COMP_E1_IRQHandler             
000045ef  CS_IRQHandler                  
000045ef  DMA_ERR_IRQHandler             
000045ef  DMA_INT0_IRQHandler            
000045ef  DMA_INT1_IRQHandler            
000045ef  DMA_INT2_IRQHandler            
000045ef  DMA_INT3_IRQHandler            
000045ef  DebugMon_Handler               
000045ef  Default_Handler                
000045ef  EUSCIA0_IRQHandler             
000045ef  EUSCIA1_IRQHandler             
000045ef  EUSCIA3_IRQHandler             
000045ef  EUSCIB0_IRQHandler             
000045ef  EUSCIB1_IRQHandler             
000045ef  EUSCIB2_IRQHandler             
000045ef  EUSCIB3_IRQHandler             
000045ef  FLCTL_IRQHandler               
000045ef  FPU_IRQHandler                 
000045ef  HardFault_Handler              
000045ef  MemManage_Handler              
000045ef  NMI_Handler                    
000045ef  PCM_IRQHandler                 
000045ef  PORT1_IRQHandler               
000045ef  PORT2_IRQHandler               
000045ef  PORT3_IRQHandler               
000045ef  PORT4_IRQHandler               
000045ef  PORT5_IRQHandler               
000045ef  PORT6_IRQHandler               
000045ef  PSS_IRQHandler                 
000045ef  PendSV_Handler                 
000045ef  RTC_C_IRQHandler               
000045ef  SVC_Handler                    
000045ef  SysTick_Handler                
000045ef  T32_INT1_IRQHandler            
000045ef  T32_INT2_IRQHandler            
000045ef  T32_INTC_IRQHandler            
000045ef  TA0_N_IRQHandler               
000045ef  TA1_0_IRQHandler               
000045ef  TA1_N_IRQHandler               
000045ef  TA2_0_IRQHandler               
000045ef  TA2_N_IRQHandler               
000045ef  TA3_0_IRQHandler               
000045ef  TA3_N_IRQHandler               
000045ef  UsageFault_Handler             
000045ef  WDT_A_IRQHandler               
000045f1  __TI_zero_init                 
000045fd  _system_pre_init               
00004600  font_11x16                     
00004e2a  font_8x12                      
0000529e  font_5x7                       
0000547e  _ctypes_                       
000055e4  __TI_Handler_Table_Base        
000055f0  __TI_Handler_Table_Limit       
000055f8  __TI_CINIT_Base                
00005608  __TI_CINIT_Limit               
20000400  readPacket                     
20000424  borrado                        
20000434  saludo                         
20000444  __TI_cleanup_ptr               
20000448  __TI_dtors_ptr                 
2000044c  __TI_enable_exit_profile_output
20000450  linea                          
20000451  timer                          
20000452  Byte_Recibido                  
20000454  velocidad_right                
20000456  velocidad_left                 
20000458  readIndex                      
20000459  toggleRead                     
2000045a  readingProcessState            
2000045c  _orientation                   
2000045d  Fuente                         
2000045e  Color_Fondo                    
20000460  Color_Texto                    
20000462  Color_Fondo_Inv                
20000464  Color_Texto_Inv                
20000468  _lock                          
2000046c  _unlock                        
20000470  colorLowByte                   
20000471  colorHighByte                  
20000472  bgColorLowByte                 
20000473  bgColorHighByte                
20000474  errno                          
20000478  main_func_sp                   
2000047c  SystemCoreClock                
2000fe00  __stack                        
20010000  __STACK_END                    
4000480c  WDTCTL_SYM                     
ffffffff  __TI_pprof_out_hndl            
ffffffff  __TI_prof_data_size            
ffffffff  __TI_prof_data_start           
ffffffff  __binit__                      
ffffffff  __c_args__                     
ffffffff  binit                          
UNDEFED   SHT$$INIT_ARRAY$$Base          
UNDEFED   SHT$$INIT_ARRAY$$Limit         

[231 symbols]
