******************************************************************************
                  TI ARM Linker PC v16.9.3                     
******************************************************************************
>> Linked Fri Apr 27 12:26:26 2018

OUTPUT FILE NAME:   <P4.out>
ENTRY POINT SYMBOL: "_c_int00"  address: 00004285


MEMORY CONFIGURATION

         name            origin    length      used     unused   attr    fill
----------------------  --------  ---------  --------  --------  ----  --------
  MAIN                  00000000   00040000  0000554b  0003aab5  R  X
  INFO                  00200000   00004000  00000000  00004000  R  X
  SRAM_CODE             01000000   00010000  00000700  0000f900  RW X
  SRAM_DATA             20000000   00010000  00000700  0000f900  RW  


SEGMENT ALLOCATION MAP

run origin  load origin   length   init length attrs members
----------  ----------- ---------- ----------- ----- -------
00000000    00000000    00005550   00005550    r-x
  00000000    00000000    000000e4   000000e4    r-- .intvecs
  000000e4    000000e4    00004460   00004460    r-x .text
  00004544    00004544    00000f9f   00000f9f    r-- .const
  000054e8    000054e8    00000068   00000068    r-- .cinit
20000000    20000000    00000500   00000000    rw-
  20000000    20000000    000004a4   00000000    rw- .bss
  200004a4    200004a4    0000005c   00000000    rw- .data
2000fe00    2000fe00    00000200   00000000    rw-
  2000fe00    2000fe00    00000200   00000000    rw- .stack


SECTION ALLOCATION MAP

 output                                  attributes/
section   page    origin      length       input sections
--------  ----  ----------  ----------   ----------------
.intvecs   0    00000000    000000e4     
                  00000000    000000e4     startup_msp432p401r_ccs.obj (.intvecs:retain)

.binit     0    00000000    00000000     

.text      0    000000e4    00004460     
                  000000e4    0000113e     rtsv7M4_T_le_v4SPD16_eabi.lib : _printfi.obj (.text)
                  00001222    00000002                                   : mpu_init.obj (.text)
                  00001224    0000104c     lib_PAE2.lib : graphics.obj (.text)
                  00002270    000008a8                  : lcd.obj (.text)
                  00002b18    000007a4     main.obj (.text)
                  000032bc    0000032c     system_msp432p401r.obj (.text)
                  000035e8    000001f4     rtsv7M4_T_le_v4SPD16_eabi.lib : ull_div_t2.obj (.text)
                  000037dc    000001b6                                   : fd_add_t2.obj (.text)
                  00003992    00000002                                   : startup.obj (.text)
                  00003994    00000188     lib_PAE2.lib : msp_LCD.obj (.text)
                  00003b1c    00000136     rtsv7M4_T_le_v4SPD16_eabi.lib : fd_div_t2.obj (.text)
                  00003c52    000000fc                                   : fd_mul_t2.obj (.text)
                  00003d4e    00000002     --HOLE-- [fill = 0]
                  00003d50    000000fc                                   : s_scalbn.obj (.text)
                  00003e4c    0000009c                                   : memcpy_t2.obj (.text)
                  00003ee8    00000086                                   : fd_cmp_t2.obj (.text:__aeabi_cdcmple)
                  00003f6e    00000086                                   : fd_cmp_t2.obj (.text:__aeabi_cdrcmple)
                  00003ff4    0000007a                                   : memset_t2.obj (.text)
                  0000406e    00000002     --HOLE-- [fill = 0]
                  00004070    00000078     lib_PAE2.lib : Inicializacion.obj (.text)
                  000040e8    00000070     rtsv7M4_T_le_v4SPD16_eabi.lib : autoinit.obj (.text)
                  00004158    00000068                                   : copy_decompress_lzss.obj (.text:decompress:lzss)
                  000041c0    00000064                                   : s_frexp.obj (.text)
                  00004224    00000060                                   : sprintf.obj (.text)
                  00004284    00000054                                   : boot.obj (.text)
                  000042d8    00000054                                   : exit.obj (.text)
                  0000432c    00000054                                   : ltoa.obj (.text)
                  00004380    0000004c                                   : atoi.obj (.text)
                  000043cc    0000004c                                   : cpy_tbl.obj (.text)
                  00004418    00000048                                   : fd_toi_t2.obj (.text)
                  00004460    0000002e                                   : i_tofd_t2.obj (.text)
                  0000448e    0000001c                                   : memccpy.obj (.text)
                  000044aa    00000002     --HOLE-- [fill = 0]
                  000044ac    00000018                                   : args_main.obj (.text)
                  000044c4    00000016                                   : strchr.obj (.text)
                  000044da    00000002     --HOLE-- [fill = 0]
                  000044dc    00000014                                   : _lock.obj (.text)
                  000044f0    00000014                                   : s_copysign.obj (.text)
                  00004504    00000014                                   : strlen.obj (.text)
                  00004518    0000000e                                   : copy_decompress_none.obj (.text:decompress:none)
                  00004526    0000000e     startup_msp432p401r_ccs.obj (.text)
                  00004534    0000000c     rtsv7M4_T_le_v4SPD16_eabi.lib : copy_zero_init.obj (.text:decompress:ZI)
                  00004540    00000004                                   : pre_init.obj (.text)

.const     0    00004544    00000f9f     
                  00004544    0000082a     lib_PAE2.lib : graphics.obj (.const:font_11x16)
                  00004d6e    00000474                  : graphics.obj (.const:font_8x12)
                  000051e2    000001e0                  : graphics.obj (.const:font_5x7)
                  000053c2    00000101     rtsv7M4_T_le_v4SPD16_eabi.lib : ctype.obj (.const:.string:_ctypes_)
                  000054c3    00000010     lib_PAE2.lib : lcd.obj (.const:.string:$P$T0$1)
                  000054d3    00000010                  : lcd.obj (.const:.string:$P$T1$2)

.cinit     0    000054e8    00000068     
                  000054e8    00000040     (.cinit..data.load) [load image, compression = lzss]
                  00005528    0000000c     (__TI_handler_table)
                  00005534    00000004     --HOLE-- [fill = 0]
                  00005538    00000008     (.cinit..bss.load) [load image, compression = zero_init]
                  00005540    00000010     (__TI_cinit_table)

.init_array 
*          0    00000000    00000000     UNINITIALIZED

.bss       0    20000000    000004a4     UNINITIALIZED
                  20000000    00000400     lib_PAE2.lib : graphics.obj (.bss:g_pulConvertedPalette)
                  20000400    00000081     (.common:readData)
                  20000481    00000023     (.common:readPacket)

.data      0    200004a4    0000005c     UNINITIALIZED
                  200004a4    00000010     main.obj (.data:borrado)
                  200004b4    00000010     main.obj (.data:saludo)
                  200004c4    0000000c     rtsv7M4_T_le_v4SPD16_eabi.lib : exit.obj (.data:$O1$$)
                  200004d0    0000000b     main.obj (.data)
                  200004db    00000001     --HOLE--
                  200004dc    0000000a     lib_PAE2.lib : lcd.obj (.data)
                  200004e6    00000002     --HOLE--
                  200004e8    00000008     rtsv7M4_T_le_v4SPD16_eabi.lib : _lock.obj (.data:$O1$$)
                  200004f0    00000004     lib_PAE2.lib : graphics.obj (.data)
                  200004f4    00000004     rtsv7M4_T_le_v4SPD16_eabi.lib : errno.obj (.data)
                  200004f8    00000004                                   : stkdepth_vars.obj (.data)
                  200004fc    00000004     system_msp432p401r.obj (.data)

.stack     0    2000fe00    00000200     UNINITIALIZED
                  2000fe00    00000200     --HOLE--

MODULE SUMMARY

       Module                        code    ro data   rw data
       ------                        ----    -------   -------
    .\
       main.obj                      1956    0         414    
       system_msp432p401r.obj        812     0         8      
       startup_msp432p401r_ccs.obj   14      228       0      
    +--+-----------------------------+-------+---------+---------+
       Total:                        2782    228       422    
                                                              
    ../lib_PAE2.lib
       graphics.obj                  4172    3710      2056   
       lcd.obj                       2216    32        20     
       msp_LCD.obj                   392     0         0      
       Inicializacion.obj            120     0         0      
    +--+-----------------------------+-------+---------+---------+
       Total:                        6900    3742      2076   
                                                              
    C:\ti\ccsv7\tools\compiler\ti-cgt-arm_16.9.3.LTS\lib\rtsv7M4_T_le_v4SPD16_eabi.lib
       _printfi.obj                  4414    0         0      
       ull_div_t2.obj                500     0         0      
       fd_add_t2.obj                 438     0         0      
       fd_div_t2.obj                 310     0         0      
       fd_cmp_t2.obj                 268     0         0      
       ctype.obj                     0       257       0      
       fd_mul_t2.obj                 252     0         0      
       s_scalbn.obj                  252     0         0      
       memcpy_t2.obj                 156     0         0      
       memset_t2.obj                 122     0         0      
       autoinit.obj                  112     0         0      
       exit.obj                      84      0         24     
       copy_decompress_lzss.obj      104     0         0      
       s_frexp.obj                   100     0         0      
       sprintf.obj                   96      0         0      
       boot.obj                      84      0         0      
       ltoa.obj                      84      0         0      
       atoi.obj                      76      0         0      
       cpy_tbl.obj                   76      0         0      
       fd_toi_t2.obj                 72      0         0      
       i_tofd_t2.obj                 46      0         0      
       _lock.obj                     20      0         16     
       memccpy.obj                   28      0         0      
       args_main.obj                 24      0         0      
       strchr.obj                    22      0         0      
       s_copysign.obj                20      0         0      
       strlen.obj                    20      0         0      
       copy_decompress_none.obj      14      0         0      
       copy_zero_init.obj            12      0         0      
       errno.obj                     0       0         8      
       stkdepth_vars.obj             0       0         8      
       pre_init.obj                  4       0         0      
       mpu_init.obj                  2       0         0      
       startup.obj                   2       0         0      
    +--+-----------------------------+-------+---------+---------+
       Total:                        7814    257       56     
                                                              
       Stack:                        0       0         1024   
       Linker Generated:             0       100       0      
    +--+-----------------------------+-------+---------+---------+
       Grand Total:                  17496   4327      3578   


LINKER GENERATED COPY TABLES

__TI_cinit_table @ 00005540 records: 2, size/record: 8, table size: 16
	.data: load addr=000054e8, load size=00000040 bytes, run addr=200004a4, run size=0000005c bytes, compression=lzss
	.bss: load addr=00005538, load size=00000008 bytes, run addr=20000000, run size=000004a4 bytes, compression=zero_init


LINKER GENERATED HANDLER TABLE

__TI_handler_table @ 00005528 records: 3, size/record: 4, table size: 12
	index: 0, handler: __TI_decompress_lzss
	index: 1, handler: __TI_decompress_none
	index: 2, handler: __TI_zero_init


GLOBAL SYMBOLS: SORTED ALPHABETICALLY BY Name 

address   name                           
-------   ----                           
00004533  ADC14_IRQHandler               
00004533  AES256_IRQHandler              
00004533  BusFault_Handler               
200004d2  Byte_Recibido                  
000042d9  C$$EXIT                        
00004533  COMP_E0_IRQHandler             
00004533  COMP_E1_IRQHandler             
00004533  CS_IRQHandler                  
200004de  Color_Fondo                    
200004e2  Color_Fondo_Inv                
200004e0  Color_Texto                    
200004e4  Color_Texto_Inv                
00004533  DMA_ERR_IRQHandler             
00004533  DMA_INT0_IRQHandler            
00004533  DMA_INT1_IRQHandler            
00004533  DMA_INT2_IRQHandler            
00004533  DMA_INT3_IRQHandler            
00004533  DebugMon_Handler               
00004533  Default_Handler                
00004533  EUSCIA0_IRQHandler             
00004533  EUSCIA1_IRQHandler             
0000325d  EUSCIA2_IRQHandler             
0000325d  EUSCIA2_IRQHandler             
00004533  EUSCIA3_IRQHandler             
00004533  EUSCIB0_IRQHandler             
00004533  EUSCIB1_IRQHandler             
00004533  EUSCIB2_IRQHandler             
00004533  EUSCIB3_IRQHandler             
00004533  FLCTL_IRQHandler               
00004533  FPU_IRQHandler                 
200004dd  Fuente                         
00004533  HardFault_Handler              
00004533  MemManage_Handler              
00004533  NMI_Handler                    
00004533  PCM_IRQHandler                 
00004533  PORT1_IRQHandler               
00004533  PORT2_IRQHandler               
00004533  PORT3_IRQHandler               
00004533  PORT4_IRQHandler               
00004533  PORT5_IRQHandler               
00004533  PORT6_IRQHandler               
00004533  PSS_IRQHandler                 
00004533  PendSV_Handler                 
00004533  RTC_C_IRQHandler               
00004527  Reset_Handler                  
00002d25  RxPacket                       
UNDEFED   SHT$$INIT_ARRAY$$Base          
UNDEFED   SHT$$INIT_ARRAY$$Limit         
00004533  SVC_Handler                    
00002ccb  Sentit_Dades_Rx                
00002cd7  Sentit_Dades_Tx                
00004533  SysTick_Handler                
200004fc  SystemCoreClock                
000032bd  SystemCoreClockUpdate          
00003531  SystemInit                     
00004533  T32_INT1_IRQHandler            
00004533  T32_INT2_IRQHandler            
00004533  T32_INTC_IRQHandler            
00003235  TA0_0_IRQHandler               
00003235  TA0_0_IRQHandler               
00004533  TA0_N_IRQHandler               
00004533  TA1_0_IRQHandler               
00004533  TA1_N_IRQHandler               
00004533  TA2_0_IRQHandler               
00004533  TA2_N_IRQHandler               
00004533  TA3_0_IRQHandler               
00004533  TA3_N_IRQHandler               
00002eb5  TxPacket                       
00002e31  TxUAC2                         
00002e7d  TxUAC2_2                       
00004533  UsageFault_Handler             
4000480c  WDTCTL_SYM                     
00004533  WDT_A_IRQHandler               
20010000  __STACK_END                    
00000200  __STACK_SIZE                   
00005540  __TI_CINIT_Base                
00005550  __TI_CINIT_Limit               
00005528  __TI_Handler_Table_Base        
00005534  __TI_Handler_Table_Limit       
000040e9  __TI_auto_init                 
200004c4  __TI_cleanup_ptr               
00004159  __TI_decompress_lzss           
00004519  __TI_decompress_none           
200004c8  __TI_dtors_ptr                 
200004cc  __TI_enable_exit_profile_output
ffffffff  __TI_pprof_out_hndl            
00000929  __TI_printfi                   
ffffffff  __TI_prof_data_size            
ffffffff  __TI_prof_data_start           
00000000  __TI_static_base__             
00004535  __TI_zero_init                 
00003ee9  __aeabi_cdcmpeq                
00003ee9  __aeabi_cdcmple                
00003f6f  __aeabi_cdrcmple               
00004419  __aeabi_d2iz                   
000037e7  __aeabi_dadd                   
00003b1d  __aeabi_ddiv                   
00003c53  __aeabi_dmul                   
000037dd  __aeabi_dsub                   
00004461  __aeabi_i2d                    
00003ff5  __aeabi_memclr                 
00003ff5  __aeabi_memclr4                
00003ff5  __aeabi_memclr8                
00003e4d  __aeabi_memcpy                 
00003e4d  __aeabi_memcpy4                
00003e4d  __aeabi_memcpy8                
00003ff7  __aeabi_memset                 
00003ff7  __aeabi_memset4                
00003ff7  __aeabi_memset8                
000035e9  __aeabi_uldivmod               
ffffffff  __binit__                      
ffffffff  __c_args__                     
00001223  __mpu_init                     
2000fe00  __stack                        
000044ad  _args_main                     
00004285  _c_int00                       
000053c2  _ctypes_                       
200004e8  _lock                          
000044eb  _nop                           
200004dc  _orientation                   
000044e3  _register_lock                 
000044dd  _register_unlock               
00003993  _system_post_cinit             
00004541  _system_pre_init               
200004ec  _unlock                        
000042dd  abort                          
00004381  atoi                           
200004f3  bgColorHighByte                
200004f2  bgColorLowByte                 
ffffffff  binit                          
200004a4  borrado                        
00002be3  borrar                         
000026a1  cambiar_orientacion            
00001261  clearScreen                    
000012ef  clearScreenBkg                 
200004f1  colorHighByte                  
200004f0  colorLowByte                   
000043cd  copy_in                        
000044f1  copysign                       
000044f1  copysignl                      
00003ab9  delay                          
00003005  delay_t                        
00003113  doPing                         
00001661  drawCharLg                     
00001709  drawCharLgBkg                  
000017ed  drawCharMd                     
0000189b  drawCharMdBkg                  
000014e1  drawCharSm                     
00001587  drawCharSmBkg                  
00001edb  drawCircle                     
000019fd  drawImage                      
00001a15  drawImageLut                   
00001b23  drawImageMono                  
00001c81  drawLine                       
00001b41  drawLogicLine                  
00001377  drawPixel                      
00001e77  drawRect                       
000013a7  drawString                     
200004f4  errno                          
00002bf7  escribir                       
000042e5  exit                           
000020f9  fillCircle                     
0000205b  fillRect                       
00004544  font_11x16                     
000051e2  font_5x7                       
00004d6e  font_8x12                      
000041c1  frexp                          
000041c1  frexpl                         
0000231b  getAltura                      
000022c9  getColumna                     
00002277  getLinea                       
00002271  getOrientacion                 
000030d9  getPacket_Led                  
00003045  getPacket_MoveServo            
000030a1  getPacket_Ping                 
0000317d  getReadData                    
00002377  getScreenHeight                
00002361  getScreenWidth                 
00002831  halLcdClearLine                
000026cf  halLcdClearScreen              
000026f3  halLcdClearScreenBkg           
000029a5  halLcdDrawCircle               
00002aad  halLcdDrawImageLut             
000028f9  halLcdDrawLine                 
000028a7  halLcdDrawPixel                
0000294d  halLcdDrawRect                 
00002a51  halLcdFillCircle               
000029f5  halLcdFillRect                 
000026c3  halLcdInit                     
00002713  halLcdPrintLine                
00002793  halLcdPrintLineCol             
000024ed  initLCD                        
00002bd7  init_LCD                       
00002c59  init_UART                      
00002b19  init_interrupciones            
00003995  init_spi_lcd_tactil            
00002c0d  init_timers                    
00004071  init_ucs_16MHz                 
000040a9  init_ucs_24MHz                 
00002b45  initializeReadPacket           
00000000  interruptVectors               
00003d51  ldexp                          
00003d51  ldexpl                         
200004d0  linea                          
0000432d  ltoa                           
00003195  main                           
200004f8  main_func_sp                   
0000448f  memccpy                        
00003e4d  memcpy                         
00003ffd  memset                         
00002b89  newDataPacket                  
00003153  printPacketOnLCD               
20000400  readData                       
200004d8  readIndex                      
20000481  readPacket                     
200004da  readingProcessState            
200004b4  saludo                         
00003d51  scalbn                         
00003d51  scalbnl                        
00002f99  sendPacket                     
0000238d  setArea                        
00001243  setBackgroundColor             
00001225  setColor                       
00002ce3  setInterruptionActive          
00002633  setOrientation                 
00004225  sprintf                        
000044c5  strchr                         
00004505  strlen                         
200004d1  timer                          
200004d9  toggleRead                     
200004d6  velocidad_left                 
200004d4  velocidad_right                
00002d09  waitForIndex                   
00003a93  writeCommand                   
00003a6d  writeData                      


GLOBAL SYMBOLS: SORTED BY Symbol Address 

address   name                           
-------   ----                           
00000000  __TI_static_base__             
00000000  interruptVectors               
00000200  __STACK_SIZE                   
00000929  __TI_printfi                   
00001223  __mpu_init                     
00001225  setColor                       
00001243  setBackgroundColor             
00001261  clearScreen                    
000012ef  clearScreenBkg                 
00001377  drawPixel                      
000013a7  drawString                     
000014e1  drawCharSm                     
00001587  drawCharSmBkg                  
00001661  drawCharLg                     
00001709  drawCharLgBkg                  
000017ed  drawCharMd                     
0000189b  drawCharMdBkg                  
000019fd  drawImage                      
00001a15  drawImageLut                   
00001b23  drawImageMono                  
00001b41  drawLogicLine                  
00001c81  drawLine                       
00001e77  drawRect                       
00001edb  drawCircle                     
0000205b  fillRect                       
000020f9  fillCircle                     
00002271  getOrientacion                 
00002277  getLinea                       
000022c9  getColumna                     
0000231b  getAltura                      
00002361  getScreenWidth                 
00002377  getScreenHeight                
0000238d  setArea                        
000024ed  initLCD                        
00002633  setOrientation                 
000026a1  cambiar_orientacion            
000026c3  halLcdInit                     
000026cf  halLcdClearScreen              
000026f3  halLcdClearScreenBkg           
00002713  halLcdPrintLine                
00002793  halLcdPrintLineCol             
00002831  halLcdClearLine                
000028a7  halLcdDrawPixel                
000028f9  halLcdDrawLine                 
0000294d  halLcdDrawRect                 
000029a5  halLcdDrawCircle               
000029f5  halLcdFillRect                 
00002a51  halLcdFillCircle               
00002aad  halLcdDrawImageLut             
00002b19  init_interrupciones            
00002b45  initializeReadPacket           
00002b89  newDataPacket                  
00002bd7  init_LCD                       
00002be3  borrar                         
00002bf7  escribir                       
00002c0d  init_timers                    
00002c59  init_UART                      
00002ccb  Sentit_Dades_Rx                
00002cd7  Sentit_Dades_Tx                
00002ce3  setInterruptionActive          
00002d09  waitForIndex                   
00002d25  RxPacket                       
00002e31  TxUAC2                         
00002e7d  TxUAC2_2                       
00002eb5  TxPacket                       
00002f99  sendPacket                     
00003005  delay_t                        
00003045  getPacket_MoveServo            
000030a1  getPacket_Ping                 
000030d9  getPacket_Led                  
00003113  doPing                         
00003153  printPacketOnLCD               
0000317d  getReadData                    
00003195  main                           
00003235  TA0_0_IRQHandler               
00003235  TA0_0_IRQHandler               
0000325d  EUSCIA2_IRQHandler             
0000325d  EUSCIA2_IRQHandler             
000032bd  SystemCoreClockUpdate          
00003531  SystemInit                     
000035e9  __aeabi_uldivmod               
000037dd  __aeabi_dsub                   
000037e7  __aeabi_dadd                   
00003993  _system_post_cinit             
00003995  init_spi_lcd_tactil            
00003a6d  writeData                      
00003a93  writeCommand                   
00003ab9  delay                          
00003b1d  __aeabi_ddiv                   
00003c53  __aeabi_dmul                   
00003d51  ldexp                          
00003d51  ldexpl                         
00003d51  scalbn                         
00003d51  scalbnl                        
00003e4d  __aeabi_memcpy                 
00003e4d  __aeabi_memcpy4                
00003e4d  __aeabi_memcpy8                
00003e4d  memcpy                         
00003ee9  __aeabi_cdcmpeq                
00003ee9  __aeabi_cdcmple                
00003f6f  __aeabi_cdrcmple               
00003ff5  __aeabi_memclr                 
00003ff5  __aeabi_memclr4                
00003ff5  __aeabi_memclr8                
00003ff7  __aeabi_memset                 
00003ff7  __aeabi_memset4                
00003ff7  __aeabi_memset8                
00003ffd  memset                         
00004071  init_ucs_16MHz                 
000040a9  init_ucs_24MHz                 
000040e9  __TI_auto_init                 
00004159  __TI_decompress_lzss           
000041c1  frexp                          
000041c1  frexpl                         
00004225  sprintf                        
00004285  _c_int00                       
000042d9  C$$EXIT                        
000042dd  abort                          
000042e5  exit                           
0000432d  ltoa                           
00004381  atoi                           
000043cd  copy_in                        
00004419  __aeabi_d2iz                   
00004461  __aeabi_i2d                    
0000448f  memccpy                        
000044ad  _args_main                     
000044c5  strchr                         
000044dd  _register_unlock               
000044e3  _register_lock                 
000044eb  _nop                           
000044f1  copysign                       
000044f1  copysignl                      
00004505  strlen                         
00004519  __TI_decompress_none           
00004527  Reset_Handler                  
00004533  ADC14_IRQHandler               
00004533  AES256_IRQHandler              
00004533  BusFault_Handler               
00004533  COMP_E0_IRQHandler             
00004533  COMP_E1_IRQHandler             
00004533  CS_IRQHandler                  
00004533  DMA_ERR_IRQHandler             
00004533  DMA_INT0_IRQHandler            
00004533  DMA_INT1_IRQHandler            
00004533  DMA_INT2_IRQHandler            
00004533  DMA_INT3_IRQHandler            
00004533  DebugMon_Handler               
00004533  Default_Handler                
00004533  EUSCIA0_IRQHandler             
00004533  EUSCIA1_IRQHandler             
00004533  EUSCIA3_IRQHandler             
00004533  EUSCIB0_IRQHandler             
00004533  EUSCIB1_IRQHandler             
00004533  EUSCIB2_IRQHandler             
00004533  EUSCIB3_IRQHandler             
00004533  FLCTL_IRQHandler               
00004533  FPU_IRQHandler                 
00004533  HardFault_Handler              
00004533  MemManage_Handler              
00004533  NMI_Handler                    
00004533  PCM_IRQHandler                 
00004533  PORT1_IRQHandler               
00004533  PORT2_IRQHandler               
00004533  PORT3_IRQHandler               
00004533  PORT4_IRQHandler               
00004533  PORT5_IRQHandler               
00004533  PORT6_IRQHandler               
00004533  PSS_IRQHandler                 
00004533  PendSV_Handler                 
00004533  RTC_C_IRQHandler               
00004533  SVC_Handler                    
00004533  SysTick_Handler                
00004533  T32_INT1_IRQHandler            
00004533  T32_INT2_IRQHandler            
00004533  T32_INTC_IRQHandler            
00004533  TA0_N_IRQHandler               
00004533  TA1_0_IRQHandler               
00004533  TA1_N_IRQHandler               
00004533  TA2_0_IRQHandler               
00004533  TA2_N_IRQHandler               
00004533  TA3_0_IRQHandler               
00004533  TA3_N_IRQHandler               
00004533  UsageFault_Handler             
00004533  WDT_A_IRQHandler               
00004535  __TI_zero_init                 
00004541  _system_pre_init               
00004544  font_11x16                     
00004d6e  font_8x12                      
000051e2  font_5x7                       
000053c2  _ctypes_                       
00005528  __TI_Handler_Table_Base        
00005534  __TI_Handler_Table_Limit       
00005540  __TI_CINIT_Base                
00005550  __TI_CINIT_Limit               
20000400  readData                       
20000481  readPacket                     
200004a4  borrado                        
200004b4  saludo                         
200004c4  __TI_cleanup_ptr               
200004c8  __TI_dtors_ptr                 
200004cc  __TI_enable_exit_profile_output
200004d0  linea                          
200004d1  timer                          
200004d2  Byte_Recibido                  
200004d4  velocidad_right                
200004d6  velocidad_left                 
200004d8  readIndex                      
200004d9  toggleRead                     
200004da  readingProcessState            
200004dc  _orientation                   
200004dd  Fuente                         
200004de  Color_Fondo                    
200004e0  Color_Texto                    
200004e2  Color_Fondo_Inv                
200004e4  Color_Texto_Inv                
200004e8  _lock                          
200004ec  _unlock                        
200004f0  colorLowByte                   
200004f1  colorHighByte                  
200004f2  bgColorLowByte                 
200004f3  bgColorHighByte                
200004f4  errno                          
200004f8  main_func_sp                   
200004fc  SystemCoreClock                
2000fe00  __stack                        
20010000  __STACK_END                    
4000480c  WDTCTL_SYM                     
ffffffff  __TI_pprof_out_hndl            
ffffffff  __TI_prof_data_size            
ffffffff  __TI_prof_data_start           
ffffffff  __binit__                      
ffffffff  __c_args__                     
ffffffff  binit                          
UNDEFED   SHT$$INIT_ARRAY$$Base          
UNDEFED   SHT$$INIT_ARRAY$$Limit         

[235 symbols]
