******************************************************************************
                  TI ARM Linker PC v16.9.3                     
******************************************************************************
>> Linked Fri Mar 02 13:05:15 2018

OUTPUT FILE NAME:   <Practica2.out>
ENTRY POINT SYMBOL: "_c_int00"  address: 000040e5


MEMORY CONFIGURATION

         name            origin    length      used     unused   attr    fill
----------------------  --------  ---------  --------  --------  ----  --------
  MAIN                  00000000   00040000  000053ab  0003ac55  R  X
  INFO                  00200000   00004000  00000000  00004000  R  X
  SRAM_CODE             01000000   00010000  00000674  0000f98c  RW X
  SRAM_DATA             20000000   00010000  00000674  0000f98c  RW  


SEGMENT ALLOCATION MAP

run origin  load origin   length   init length attrs members
----------  ----------- ---------- ----------- ----- -------
00000000    00000000    000053b0   000053b0    r-x
  00000000    00000000    000000e4   000000e4    r-- .intvecs
  000000e4    000000e4    000042c0   000042c0    r-x .text
  000043a4    000043a4    00000f9f   00000f9f    r-- .const
  00005348    00005348    00000068   00000068    r-- .cinit
20000000    20000000    00000474   00000000    rw-
  20000000    20000000    00000410   00000000    rw- .bss
  20000410    20000410    00000064   00000000    rw- .data
2000fe00    2000fe00    00000200   00000000    rw-
  2000fe00    2000fe00    00000200   00000000    rw- .stack


SECTION ALLOCATION MAP

 output                                  attributes/
section   page    origin      length       input sections
--------  ----  ----------  ----------   ----------------
.intvecs   0    00000000    000000e4     
                  00000000    000000e4     startup_msp432p401r_ccs.obj (.intvecs:retain)

.binit     0    00000000    00000000     

.text      0    000000e4    000042c0     
                  000000e4    0000113e     rtsv7M4_T_le_v4SPD16_eabi.lib : _printfi.obj (.text)
                  00001222    00000002                                   : mpu_init.obj (.text)
                  00001224    0000104c     lib_PAE2.lib : graphics.obj (.text)
                  00002270    000008a8                  : lcd.obj (.text)
                  00002b18    00000604     Practica_02 PAE_Alumnes.obj (.text)
                  0000311c    0000032c     system_msp432p401r.obj (.text)
                  00003448    000001f4     rtsv7M4_T_le_v4SPD16_eabi.lib : ull_div_t2.obj (.text)
                  0000363c    000001b6                                   : fd_add_t2.obj (.text)
                  000037f2    00000002                                   : startup.obj (.text)
                  000037f4    00000188     lib_PAE2.lib : msp_LCD.obj (.text)
                  0000397c    00000136     rtsv7M4_T_le_v4SPD16_eabi.lib : fd_div_t2.obj (.text)
                  00003ab2    000000fc                                   : fd_mul_t2.obj (.text)
                  00003bae    00000002     --HOLE-- [fill = 0]
                  00003bb0    000000fc                                   : s_scalbn.obj (.text)
                  00003cac    0000009c                                   : memcpy_t2.obj (.text)
                  00003d48    00000086                                   : fd_cmp_t2.obj (.text:__aeabi_cdcmple)
                  00003dce    00000086                                   : fd_cmp_t2.obj (.text:__aeabi_cdrcmple)
                  00003e54    0000007a                                   : memset_t2.obj (.text)
                  00003ece    00000002     --HOLE-- [fill = 0]
                  00003ed0    00000078     lib_PAE2.lib : Inicializacion.obj (.text)
                  00003f48    00000070     rtsv7M4_T_le_v4SPD16_eabi.lib : autoinit.obj (.text)
                  00003fb8    00000068                                   : copy_decompress_lzss.obj (.text:decompress:lzss)
                  00004020    00000064                                   : s_frexp.obj (.text)
                  00004084    00000060                                   : sprintf.obj (.text)
                  000040e4    00000054                                   : boot.obj (.text)
                  00004138    00000054                                   : exit.obj (.text)
                  0000418c    00000054                                   : ltoa.obj (.text)
                  000041e0    0000004c                                   : atoi.obj (.text)
                  0000422c    0000004c                                   : cpy_tbl.obj (.text)
                  00004278    00000048                                   : fd_toi_t2.obj (.text)
                  000042c0    0000002e                                   : i_tofd_t2.obj (.text)
                  000042ee    0000001c                                   : memccpy.obj (.text)
                  0000430a    00000002     --HOLE-- [fill = 0]
                  0000430c    00000018                                   : args_main.obj (.text)
                  00004324    00000016                                   : strchr.obj (.text)
                  0000433a    00000002     --HOLE-- [fill = 0]
                  0000433c    00000014                                   : _lock.obj (.text)
                  00004350    00000014                                   : s_copysign.obj (.text)
                  00004364    00000014                                   : strlen.obj (.text)
                  00004378    0000000e                                   : copy_decompress_none.obj (.text:decompress:none)
                  00004386    0000000e     startup_msp432p401r_ccs.obj (.text)
                  00004394    0000000c     rtsv7M4_T_le_v4SPD16_eabi.lib : copy_zero_init.obj (.text:decompress:ZI)
                  000043a0    00000004                                   : pre_init.obj (.text)

.const     0    000043a4    00000f9f     
                  000043a4    0000082a     lib_PAE2.lib : graphics.obj (.const:font_11x16)
                  00004bce    00000474                  : graphics.obj (.const:font_8x12)
                  00005042    000001e0                  : graphics.obj (.const:font_5x7)
                  00005222    00000101     rtsv7M4_T_le_v4SPD16_eabi.lib : ctype.obj (.const:.string:_ctypes_)
                  00005323    00000010     lib_PAE2.lib : lcd.obj (.const:.string:$P$T0$1)
                  00005333    00000010                  : lcd.obj (.const:.string:$P$T1$2)

.cinit     0    00005348    00000068     
                  00005348    00000041     (.cinit..data.load) [load image, compression = lzss]
                  00005389    00000003     --HOLE-- [fill = 0]
                  0000538c    0000000c     (__TI_handler_table)
                  00005398    00000008     (.cinit..bss.load) [load image, compression = zero_init]
                  000053a0    00000010     (__TI_cinit_table)

.init_array 
*          0    00000000    00000000     UNINITIALIZED

.bss       0    20000000    00000410     UNINITIALIZED
                  20000000    00000400     lib_PAE2.lib : graphics.obj (.bss:g_pulConvertedPalette)
                  20000400    00000010     (.common:cadena)

.data      0    20000410    00000064     UNINITIALIZED
                  20000410    00000014     Practica_02 PAE_Alumnes.obj (.data)
                  20000424    00000010     Practica_02 PAE_Alumnes.obj (.data:borrado)
                  20000434    00000010     Practica_02 PAE_Alumnes.obj (.data:saludo)
                  20000444    0000000c     rtsv7M4_T_le_v4SPD16_eabi.lib : exit.obj (.data:$O1$$)
                  20000450    0000000a     lib_PAE2.lib : lcd.obj (.data)
                  2000045a    00000002     --HOLE--
                  2000045c    00000008     rtsv7M4_T_le_v4SPD16_eabi.lib : _lock.obj (.data:$O1$$)
                  20000464    00000004     lib_PAE2.lib : graphics.obj (.data)
                  20000468    00000004     rtsv7M4_T_le_v4SPD16_eabi.lib : errno.obj (.data)
                  2000046c    00000004                                   : stkdepth_vars.obj (.data)
                  20000470    00000004     system_msp432p401r.obj (.data)

.stack     0    2000fe00    00000200     UNINITIALIZED
                  2000fe00    00000200     --HOLE--

MODULE SUMMARY

       Module                        code    ro data   rw data
       ------                        ----    -------   -------
    .\
       Practica_02 PAE_Alumnes.obj   1540    0         136    
       system_msp432p401r.obj        812     0         8      
       startup_msp432p401r_ccs.obj   14      228       0      
    +--+-----------------------------+-------+---------+---------+
       Total:                        2366    228       144    
                                                              
    ../lib_PAE2.lib
       graphics.obj                  4172    3710      2056   
       lcd.obj                       2216    32        20     
       msp_LCD.obj                   392     0         0      
       Inicializacion.obj            120     0         0      
    +--+-----------------------------+-------+---------+---------+
       Total:                        6900    3742      2076   
                                                              
    C:\ti\ccsv7\tools\compiler\ti-cgt-arm_16.9.3.LTS\lib\rtsv7M4_T_le_v4SPD16_eabi.lib
       _printfi.obj                  4414    0         0      
       ull_div_t2.obj                500     0         0      
       fd_add_t2.obj                 438     0         0      
       fd_div_t2.obj                 310     0         0      
       fd_cmp_t2.obj                 268     0         0      
       ctype.obj                     0       257       0      
       fd_mul_t2.obj                 252     0         0      
       s_scalbn.obj                  252     0         0      
       memcpy_t2.obj                 156     0         0      
       memset_t2.obj                 122     0         0      
       autoinit.obj                  112     0         0      
       exit.obj                      84      0         24     
       copy_decompress_lzss.obj      104     0         0      
       s_frexp.obj                   100     0         0      
       sprintf.obj                   96      0         0      
       boot.obj                      84      0         0      
       ltoa.obj                      84      0         0      
       atoi.obj                      76      0         0      
       cpy_tbl.obj                   76      0         0      
       fd_toi_t2.obj                 72      0         0      
       i_tofd_t2.obj                 46      0         0      
       _lock.obj                     20      0         16     
       memccpy.obj                   28      0         0      
       args_main.obj                 24      0         0      
       strchr.obj                    22      0         0      
       s_copysign.obj                20      0         0      
       strlen.obj                    20      0         0      
       copy_decompress_none.obj      14      0         0      
       copy_zero_init.obj            12      0         0      
       errno.obj                     0       0         8      
       stkdepth_vars.obj             0       0         8      
       pre_init.obj                  4       0         0      
       mpu_init.obj                  2       0         0      
       startup.obj                   2       0         0      
    +--+-----------------------------+-------+---------+---------+
       Total:                        7814    257       56     
                                                              
       Stack:                        0       0         1024   
       Linker Generated:             0       101       0      
    +--+-----------------------------+-------+---------+---------+
       Grand Total:                  17080   4328      3300   


LINKER GENERATED COPY TABLES

__TI_cinit_table @ 000053a0 records: 2, size/record: 8, table size: 16
	.data: load addr=00005348, load size=00000041 bytes, run addr=20000410, run size=00000064 bytes, compression=lzss
	.bss: load addr=00005398, load size=00000008 bytes, run addr=20000000, run size=00000410 bytes, compression=zero_init


LINKER GENERATED HANDLER TABLE

__TI_handler_table @ 0000538c records: 3, size/record: 4, table size: 12
	index: 0, handler: __TI_decompress_lzss
	index: 1, handler: __TI_decompress_none
	index: 2, handler: __TI_zero_init


GLOBAL SYMBOLS: SORTED ALPHABETICALLY BY Name 

address   name                           
-------   ----                           
00004393  ADC14_IRQHandler               
00004393  AES256_IRQHandler              
00004393  BusFault_Handler               
00004139  C$$EXIT                        
00004393  COMP_E0_IRQHandler             
00004393  COMP_E1_IRQHandler             
00004393  CS_IRQHandler                  
20000452  Color_Fondo                    
20000456  Color_Fondo_Inv                
20000454  Color_Texto                    
20000458  Color_Texto_Inv                
00004393  DMA_ERR_IRQHandler             
00004393  DMA_INT0_IRQHandler            
00004393  DMA_INT1_IRQHandler            
00004393  DMA_INT2_IRQHandler            
00004393  DMA_INT3_IRQHandler            
00004393  DebugMon_Handler               
00004393  Default_Handler                
00004393  EUSCIA0_IRQHandler             
00004393  EUSCIA1_IRQHandler             
00004393  EUSCIA2_IRQHandler             
00004393  EUSCIA3_IRQHandler             
00004393  EUSCIB0_IRQHandler             
00004393  EUSCIB1_IRQHandler             
00004393  EUSCIB2_IRQHandler             
00004393  EUSCIB3_IRQHandler             
00004393  FLCTL_IRQHandler               
00004393  FPU_IRQHandler                 
20000451  Fuente                         
00004393  HardFault_Handler              
00004393  MemManage_Handler              
00004393  NMI_Handler                    
00004393  PCM_IRQHandler                 
00004393  PORT1_IRQHandler               
00004393  PORT2_IRQHandler               
00002fd1  PORT3_IRQHandler               
00002fd1  PORT3_IRQHandler               
00003021  PORT4_IRQHandler               
00003021  PORT4_IRQHandler               
00003099  PORT5_IRQHandler               
00003099  PORT5_IRQHandler               
00004393  PORT6_IRQHandler               
00004393  PSS_IRQHandler                 
00004393  PendSV_Handler                 
00004393  RTC_C_IRQHandler               
00004387  Reset_Handler                  
UNDEFED   SHT$$INIT_ARRAY$$Base          
UNDEFED   SHT$$INIT_ARRAY$$Limit         
00004393  SVC_Handler                    
00004393  SysTick_Handler                
20000470  SystemCoreClock                
0000311d  SystemCoreClockUpdate          
00003391  SystemInit                     
00004393  T32_INT1_IRQHandler            
00004393  T32_INT2_IRQHandler            
00004393  T32_INTC_IRQHandler            
00004393  TA0_0_IRQHandler               
00004393  TA0_N_IRQHandler               
00004393  TA1_0_IRQHandler               
00004393  TA1_N_IRQHandler               
00004393  TA2_0_IRQHandler               
00004393  TA2_N_IRQHandler               
00004393  TA3_0_IRQHandler               
00004393  TA3_N_IRQHandler               
00004393  UsageFault_Handler             
4000480c  WDTCTL_SYM                     
00004393  WDT_A_IRQHandler               
20010000  __STACK_END                    
00000200  __STACK_SIZE                   
000053a0  __TI_CINIT_Base                
000053b0  __TI_CINIT_Limit               
0000538c  __TI_Handler_Table_Base        
00005398  __TI_Handler_Table_Limit       
00003f49  __TI_auto_init                 
20000444  __TI_cleanup_ptr               
00003fb9  __TI_decompress_lzss           
00004379  __TI_decompress_none           
20000448  __TI_dtors_ptr                 
2000044c  __TI_enable_exit_profile_output
ffffffff  __TI_pprof_out_hndl            
00000929  __TI_printfi                   
ffffffff  __TI_prof_data_size            
ffffffff  __TI_prof_data_start           
00000000  __TI_static_base__             
00004395  __TI_zero_init                 
00003d49  __aeabi_cdcmpeq                
00003d49  __aeabi_cdcmple                
00003dcf  __aeabi_cdrcmple               
00004279  __aeabi_d2iz                   
00003647  __aeabi_dadd                   
0000397d  __aeabi_ddiv                   
00003ab3  __aeabi_dmul                   
0000363d  __aeabi_dsub                   
000042c1  __aeabi_i2d                    
00003e55  __aeabi_memclr                 
00003e55  __aeabi_memclr4                
00003e55  __aeabi_memclr8                
00003cad  __aeabi_memcpy                 
00003cad  __aeabi_memcpy4                
00003cad  __aeabi_memcpy8                
00003e57  __aeabi_memset                 
00003e57  __aeabi_memset4                
00003e57  __aeabi_memset8                
00003449  __aeabi_uldivmod               
ffffffff  __binit__                      
ffffffff  __c_args__                     
00001223  __mpu_init                     
2000fe00  __stack                        
0000430d  _args_main                     
000040e5  _c_int00                       
00005222  _ctypes_                       
2000045c  _lock                          
0000434b  _nop                           
20000450  _orientation                   
00004343  _register_lock                 
0000433d  _register_unlock               
000037f3  _system_post_cinit             
000043a1  _system_pre_init               
20000460  _unlock                        
0000413d  abort                          
000041e1  atoi                           
20000420  augmentTemps                   
20000467  bgColorHighByte                
20000466  bgColorLowByte                 
ffffffff  binit                          
20000424  borrado                        
00002b65  borrar                         
20000400  cadena                         
000026a1  cambiar_orientacion            
00001261  clearScreen                    
000012ef  clearScreenBkg                 
20000465  colorHighByte                  
20000464  colorLowByte                   
00002cf9  config_P7_LEDS                 
0000422d  copy_in                        
00004351  copysign                       
00004351  copysignl                      
00003919  delay                          
00002cd5  delay_t                        
00001661  drawCharLg                     
00001709  drawCharLgBkg                  
000017ed  drawCharMd                     
0000189b  drawCharMdBkg                  
000014e1  drawCharSm                     
00001587  drawCharSmBkg                  
00001edb  drawCircle                     
000019fd  drawImage                      
00001a15  drawImageLut                   
00001b23  drawImageMono                  
00001c81  drawLine                       
00001b41  drawLogicLine                  
00001377  drawPixel                      
00001e77  drawRect                       
000013a7  drawString                     
20000468  errno                          
00002b79  escribir                       
20000411  estado                         
20000412  estado_anterior                
20000413  estatSeq                       
20000414  estatSeqAnterior               
00004145  exit                           
000020f9  fillCircle                     
0000205b  fillRect                       
000043a4  font_11x16                     
00005042  font_5x7                       
00004bce  font_8x12                      
00004021  frexp                          
00004021  frexpl                         
0000231b  getAltura                      
000022c9  getColumna                     
00002277  getLinea                       
00002271  getOrientacion                 
00002377  getScreenHeight                
00002361  getScreenWidth                 
00002831  halLcdClearLine                
000026cf  halLcdClearScreen              
000026f3  halLcdClearScreenBkg           
000029a5  halLcdDrawCircle               
00002aad  halLcdDrawImageLut             
000028f9  halLcdDrawLine                 
000028a7  halLcdDrawPixel                
0000294d  halLcdDrawRect                 
00002a51  halLcdFillCircle               
000029f5  halLcdFillRect                 
000026c3  halLcdInit                     
00002713  halLcdPrintLine                
00002793  halLcdPrintLineCol             
000024ed  initLCD                        
00002b59  init_LCD                       
00002b8f  init_botons                    
00002b19  init_interrupciones            
000037f5  init_spi_lcd_tactil            
00003ed1  init_ucs_16MHz                 
00003f09  init_ucs_24MHz                 
00000000  interruptVectors               
00003bb1  ldexp                          
00003bb1  ldexpl                         
20000410  linea                          
0000418d  ltoa                           
00002d31  main                           
2000046c  main_func_sp                   
000042ef  memccpy                        
00003cad  memcpy                         
00003e5d  memset                         
20000418  retraso                        
20000434  saludo                         
00003bb1  scalbn                         
00003bb1  scalbnl                        
00002f91  seq_dreta                      
00002f35  seq_esquerra                   
0000238d  setArea                        
00001243  setBackgroundColor             
00001225  setColor                       
00002633  setOrientation                 
00004085  sprintf                        
00004325  strchr                         
00004365  strlen                         
2000041c  temps                          
000038f3  writeCommand                   
000038cd  writeData                      


GLOBAL SYMBOLS: SORTED BY Symbol Address 

address   name                           
-------   ----                           
00000000  __TI_static_base__             
00000000  interruptVectors               
00000200  __STACK_SIZE                   
00000929  __TI_printfi                   
00001223  __mpu_init                     
00001225  setColor                       
00001243  setBackgroundColor             
00001261  clearScreen                    
000012ef  clearScreenBkg                 
00001377  drawPixel                      
000013a7  drawString                     
000014e1  drawCharSm                     
00001587  drawCharSmBkg                  
00001661  drawCharLg                     
00001709  drawCharLgBkg                  
000017ed  drawCharMd                     
0000189b  drawCharMdBkg                  
000019fd  drawImage                      
00001a15  drawImageLut                   
00001b23  drawImageMono                  
00001b41  drawLogicLine                  
00001c81  drawLine                       
00001e77  drawRect                       
00001edb  drawCircle                     
0000205b  fillRect                       
000020f9  fillCircle                     
00002271  getOrientacion                 
00002277  getLinea                       
000022c9  getColumna                     
0000231b  getAltura                      
00002361  getScreenWidth                 
00002377  getScreenHeight                
0000238d  setArea                        
000024ed  initLCD                        
00002633  setOrientation                 
000026a1  cambiar_orientacion            
000026c3  halLcdInit                     
000026cf  halLcdClearScreen              
000026f3  halLcdClearScreenBkg           
00002713  halLcdPrintLine                
00002793  halLcdPrintLineCol             
00002831  halLcdClearLine                
000028a7  halLcdDrawPixel                
000028f9  halLcdDrawLine                 
0000294d  halLcdDrawRect                 
000029a5  halLcdDrawCircle               
000029f5  halLcdFillRect                 
00002a51  halLcdFillCircle               
00002aad  halLcdDrawImageLut             
00002b19  init_interrupciones            
00002b59  init_LCD                       
00002b65  borrar                         
00002b79  escribir                       
00002b8f  init_botons                    
00002cd5  delay_t                        
00002cf9  config_P7_LEDS                 
00002d31  main                           
00002f35  seq_esquerra                   
00002f91  seq_dreta                      
00002fd1  PORT3_IRQHandler               
00002fd1  PORT3_IRQHandler               
00003021  PORT4_IRQHandler               
00003021  PORT4_IRQHandler               
00003099  PORT5_IRQHandler               
00003099  PORT5_IRQHandler               
0000311d  SystemCoreClockUpdate          
00003391  SystemInit                     
00003449  __aeabi_uldivmod               
0000363d  __aeabi_dsub                   
00003647  __aeabi_dadd                   
000037f3  _system_post_cinit             
000037f5  init_spi_lcd_tactil            
000038cd  writeData                      
000038f3  writeCommand                   
00003919  delay                          
0000397d  __aeabi_ddiv                   
00003ab3  __aeabi_dmul                   
00003bb1  ldexp                          
00003bb1  ldexpl                         
00003bb1  scalbn                         
00003bb1  scalbnl                        
00003cad  __aeabi_memcpy                 
00003cad  __aeabi_memcpy4                
00003cad  __aeabi_memcpy8                
00003cad  memcpy                         
00003d49  __aeabi_cdcmpeq                
00003d49  __aeabi_cdcmple                
00003dcf  __aeabi_cdrcmple               
00003e55  __aeabi_memclr                 
00003e55  __aeabi_memclr4                
00003e55  __aeabi_memclr8                
00003e57  __aeabi_memset                 
00003e57  __aeabi_memset4                
00003e57  __aeabi_memset8                
00003e5d  memset                         
00003ed1  init_ucs_16MHz                 
00003f09  init_ucs_24MHz                 
00003f49  __TI_auto_init                 
00003fb9  __TI_decompress_lzss           
00004021  frexp                          
00004021  frexpl                         
00004085  sprintf                        
000040e5  _c_int00                       
00004139  C$$EXIT                        
0000413d  abort                          
00004145  exit                           
0000418d  ltoa                           
000041e1  atoi                           
0000422d  copy_in                        
00004279  __aeabi_d2iz                   
000042c1  __aeabi_i2d                    
000042ef  memccpy                        
0000430d  _args_main                     
00004325  strchr                         
0000433d  _register_unlock               
00004343  _register_lock                 
0000434b  _nop                           
00004351  copysign                       
00004351  copysignl                      
00004365  strlen                         
00004379  __TI_decompress_none           
00004387  Reset_Handler                  
00004393  ADC14_IRQHandler               
00004393  AES256_IRQHandler              
00004393  BusFault_Handler               
00004393  COMP_E0_IRQHandler             
00004393  COMP_E1_IRQHandler             
00004393  CS_IRQHandler                  
00004393  DMA_ERR_IRQHandler             
00004393  DMA_INT0_IRQHandler            
00004393  DMA_INT1_IRQHandler            
00004393  DMA_INT2_IRQHandler            
00004393  DMA_INT3_IRQHandler            
00004393  DebugMon_Handler               
00004393  Default_Handler                
00004393  EUSCIA0_IRQHandler             
00004393  EUSCIA1_IRQHandler             
00004393  EUSCIA2_IRQHandler             
00004393  EUSCIA3_IRQHandler             
00004393  EUSCIB0_IRQHandler             
00004393  EUSCIB1_IRQHandler             
00004393  EUSCIB2_IRQHandler             
00004393  EUSCIB3_IRQHandler             
00004393  FLCTL_IRQHandler               
00004393  FPU_IRQHandler                 
00004393  HardFault_Handler              
00004393  MemManage_Handler              
00004393  NMI_Handler                    
00004393  PCM_IRQHandler                 
00004393  PORT1_IRQHandler               
00004393  PORT2_IRQHandler               
00004393  PORT6_IRQHandler               
00004393  PSS_IRQHandler                 
00004393  PendSV_Handler                 
00004393  RTC_C_IRQHandler               
00004393  SVC_Handler                    
00004393  SysTick_Handler                
00004393  T32_INT1_IRQHandler            
00004393  T32_INT2_IRQHandler            
00004393  T32_INTC_IRQHandler            
00004393  TA0_0_IRQHandler               
00004393  TA0_N_IRQHandler               
00004393  TA1_0_IRQHandler               
00004393  TA1_N_IRQHandler               
00004393  TA2_0_IRQHandler               
00004393  TA2_N_IRQHandler               
00004393  TA3_0_IRQHandler               
00004393  TA3_N_IRQHandler               
00004393  UsageFault_Handler             
00004393  WDT_A_IRQHandler               
00004395  __TI_zero_init                 
000043a1  _system_pre_init               
000043a4  font_11x16                     
00004bce  font_8x12                      
00005042  font_5x7                       
00005222  _ctypes_                       
0000538c  __TI_Handler_Table_Base        
00005398  __TI_Handler_Table_Limit       
000053a0  __TI_CINIT_Base                
000053b0  __TI_CINIT_Limit               
20000400  cadena                         
20000410  linea                          
20000411  estado                         
20000412  estado_anterior                
20000413  estatSeq                       
20000414  estatSeqAnterior               
20000418  retraso                        
2000041c  temps                          
20000420  augmentTemps                   
20000424  borrado                        
20000434  saludo                         
20000444  __TI_cleanup_ptr               
20000448  __TI_dtors_ptr                 
2000044c  __TI_enable_exit_profile_output
20000450  _orientation                   
20000451  Fuente                         
20000452  Color_Fondo                    
20000454  Color_Texto                    
20000456  Color_Fondo_Inv                
20000458  Color_Texto_Inv                
2000045c  _lock                          
20000460  _unlock                        
20000464  colorLowByte                   
20000465  colorHighByte                  
20000466  bgColorLowByte                 
20000467  bgColorHighByte                
20000468  errno                          
2000046c  main_func_sp                   
20000470  SystemCoreClock                
2000fe00  __stack                        
20010000  __STACK_END                    
4000480c  WDTCTL_SYM                     
ffffffff  __TI_pprof_out_hndl            
ffffffff  __TI_prof_data_size            
ffffffff  __TI_prof_data_start           
ffffffff  __binit__                      
ffffffff  __c_args__                     
ffffffff  binit                          
UNDEFED   SHT$$INIT_ARRAY$$Base          
UNDEFED   SHT$$INIT_ARRAY$$Limit         

[220 symbols]
