******************************************************************************
                  TI ARM Linker PC v16.9.3                     
******************************************************************************
>> Linked Fri Mar 09 13:06:06 2018

OUTPUT FILE NAME:   <P3.out>
ENTRY POINT SYMBOL: "_c_int00"  address: 00004135


MEMORY CONFIGURATION

         name            origin    length      used     unused   attr    fill
----------------------  --------  ---------  --------  --------  ----  --------
  MAIN                  00000000   00040000  000053fb  0003ac05  R  X
  INFO                  00200000   00004000  00000000  00004000  R  X
  SRAM_CODE             01000000   00010000  00000678  0000f988  RW X
  SRAM_DATA             20000000   00010000  00000678  0000f988  RW  


SEGMENT ALLOCATION MAP

run origin  load origin   length   init length attrs members
----------  ----------- ---------- ----------- ----- -------
00000000    00000000    00005400   00005400    r-x
  00000000    00000000    000000e4   000000e4    r-- .intvecs
  000000e4    000000e4    00004310   00004310    r-x .text
  000043f4    000043f4    00000f9f   00000f9f    r-- .const
  00005398    00005398    00000068   00000068    r-- .cinit
20000000    20000000    00000478   00000000    rw-
  20000000    20000000    00000410   00000000    rw- .bss
  20000410    20000410    00000068   00000000    rw- .data
2000fe00    2000fe00    00000200   00000000    rw-
  2000fe00    2000fe00    00000200   00000000    rw- .stack


SECTION ALLOCATION MAP

 output                                  attributes/
section   page    origin      length       input sections
--------  ----  ----------  ----------   ----------------
.intvecs   0    00000000    000000e4     
                  00000000    000000e4     startup_msp432p401r_ccs.obj (.intvecs:retain)

.binit     0    00000000    00000000     

.text      0    000000e4    00004310     
                  000000e4    0000113e     rtsv7M4_T_le_v4SPD16_eabi.lib : _printfi.obj (.text)
                  00001222    00000002                                   : mpu_init.obj (.text)
                  00001224    0000104c     lib_PAE2.lib : graphics.obj (.text)
                  00002270    000008a8                  : lcd.obj (.text)
                  00002b18    00000654     main.obj (.text)
                  0000316c    0000032c     system_msp432p401r.obj (.text)
                  00003498    000001f4     rtsv7M4_T_le_v4SPD16_eabi.lib : ull_div_t2.obj (.text)
                  0000368c    000001b6                                   : fd_add_t2.obj (.text)
                  00003842    00000002                                   : startup.obj (.text)
                  00003844    00000188     lib_PAE2.lib : msp_LCD.obj (.text)
                  000039cc    00000136     rtsv7M4_T_le_v4SPD16_eabi.lib : fd_div_t2.obj (.text)
                  00003b02    000000fc                                   : fd_mul_t2.obj (.text)
                  00003bfe    00000002     --HOLE-- [fill = 0]
                  00003c00    000000fc                                   : s_scalbn.obj (.text)
                  00003cfc    0000009c                                   : memcpy_t2.obj (.text)
                  00003d98    00000086                                   : fd_cmp_t2.obj (.text:__aeabi_cdcmple)
                  00003e1e    00000086                                   : fd_cmp_t2.obj (.text:__aeabi_cdrcmple)
                  00003ea4    0000007a                                   : memset_t2.obj (.text)
                  00003f1e    00000002     --HOLE-- [fill = 0]
                  00003f20    00000078     lib_PAE2.lib : Inicializacion.obj (.text)
                  00003f98    00000070     rtsv7M4_T_le_v4SPD16_eabi.lib : autoinit.obj (.text)
                  00004008    00000068                                   : copy_decompress_lzss.obj (.text:decompress:lzss)
                  00004070    00000064                                   : s_frexp.obj (.text)
                  000040d4    00000060                                   : sprintf.obj (.text)
                  00004134    00000054                                   : boot.obj (.text)
                  00004188    00000054                                   : exit.obj (.text)
                  000041dc    00000054                                   : ltoa.obj (.text)
                  00004230    0000004c                                   : atoi.obj (.text)
                  0000427c    0000004c                                   : cpy_tbl.obj (.text)
                  000042c8    00000048                                   : fd_toi_t2.obj (.text)
                  00004310    0000002e                                   : i_tofd_t2.obj (.text)
                  0000433e    0000001c                                   : memccpy.obj (.text)
                  0000435a    00000002     --HOLE-- [fill = 0]
                  0000435c    00000018                                   : args_main.obj (.text)
                  00004374    00000016                                   : strchr.obj (.text)
                  0000438a    00000002     --HOLE-- [fill = 0]
                  0000438c    00000014                                   : _lock.obj (.text)
                  000043a0    00000014                                   : s_copysign.obj (.text)
                  000043b4    00000014                                   : strlen.obj (.text)
                  000043c8    0000000e                                   : copy_decompress_none.obj (.text:decompress:none)
                  000043d6    0000000e     startup_msp432p401r_ccs.obj (.text)
                  000043e4    0000000c     rtsv7M4_T_le_v4SPD16_eabi.lib : copy_zero_init.obj (.text:decompress:ZI)
                  000043f0    00000004                                   : pre_init.obj (.text)

.const     0    000043f4    00000f9f     
                  000043f4    0000082a     lib_PAE2.lib : graphics.obj (.const:font_11x16)
                  00004c1e    00000474                  : graphics.obj (.const:font_8x12)
                  00005092    000001e0                  : graphics.obj (.const:font_5x7)
                  00005272    00000101     rtsv7M4_T_le_v4SPD16_eabi.lib : ctype.obj (.const:.string:_ctypes_)
                  00005373    00000010     lib_PAE2.lib : lcd.obj (.const:.string:$P$T0$1)
                  00005383    00000010                  : lcd.obj (.const:.string:$P$T1$2)

.cinit     0    00005398    00000068     
                  00005398    00000042     (.cinit..data.load) [load image, compression = lzss]
                  000053da    00000002     --HOLE-- [fill = 0]
                  000053dc    0000000c     (__TI_handler_table)
                  000053e8    00000008     (.cinit..bss.load) [load image, compression = zero_init]
                  000053f0    00000010     (__TI_cinit_table)

.init_array 
*          0    00000000    00000000     UNINITIALIZED

.bss       0    20000000    00000410     UNINITIALIZED
                  20000000    00000400     lib_PAE2.lib : graphics.obj (.bss:g_pulConvertedPalette)
                  20000400    00000010     (.common:cadena)

.data      0    20000410    00000068     UNINITIALIZED
                  20000410    00000018     main.obj (.data)
                  20000428    00000010     main.obj (.data:borrado)
                  20000438    00000010     main.obj (.data:saludo)
                  20000448    0000000c     rtsv7M4_T_le_v4SPD16_eabi.lib : exit.obj (.data:$O1$$)
                  20000454    0000000a     lib_PAE2.lib : lcd.obj (.data)
                  2000045e    00000002     --HOLE--
                  20000460    00000008     rtsv7M4_T_le_v4SPD16_eabi.lib : _lock.obj (.data:$O1$$)
                  20000468    00000004     lib_PAE2.lib : graphics.obj (.data)
                  2000046c    00000004     rtsv7M4_T_le_v4SPD16_eabi.lib : errno.obj (.data)
                  20000470    00000004                                   : stkdepth_vars.obj (.data)
                  20000474    00000004     system_msp432p401r.obj (.data)

.stack     0    2000fe00    00000200     UNINITIALIZED
                  2000fe00    00000200     --HOLE--

MODULE SUMMARY

       Module                        code    ro data   rw data
       ------                        ----    -------   -------
    .\
       main.obj                      1620    0         144    
       system_msp432p401r.obj        812     0         8      
       startup_msp432p401r_ccs.obj   14      228       0      
    +--+-----------------------------+-------+---------+---------+
       Total:                        2446    228       152    
                                                              
    ../lib_PAE2.lib
       graphics.obj                  4172    3710      2056   
       lcd.obj                       2216    32        20     
       msp_LCD.obj                   392     0         0      
       Inicializacion.obj            120     0         0      
    +--+-----------------------------+-------+---------+---------+
       Total:                        6900    3742      2076   
                                                              
    C:\ti\ccsv7\tools\compiler\ti-cgt-arm_16.9.3.LTS\lib\rtsv7M4_T_le_v4SPD16_eabi.lib
       _printfi.obj                  4414    0         0      
       ull_div_t2.obj                500     0         0      
       fd_add_t2.obj                 438     0         0      
       fd_div_t2.obj                 310     0         0      
       fd_cmp_t2.obj                 268     0         0      
       ctype.obj                     0       257       0      
       fd_mul_t2.obj                 252     0         0      
       s_scalbn.obj                  252     0         0      
       memcpy_t2.obj                 156     0         0      
       memset_t2.obj                 122     0         0      
       autoinit.obj                  112     0         0      
       exit.obj                      84      0         24     
       copy_decompress_lzss.obj      104     0         0      
       s_frexp.obj                   100     0         0      
       sprintf.obj                   96      0         0      
       boot.obj                      84      0         0      
       ltoa.obj                      84      0         0      
       atoi.obj                      76      0         0      
       cpy_tbl.obj                   76      0         0      
       fd_toi_t2.obj                 72      0         0      
       i_tofd_t2.obj                 46      0         0      
       _lock.obj                     20      0         16     
       memccpy.obj                   28      0         0      
       args_main.obj                 24      0         0      
       strchr.obj                    22      0         0      
       s_copysign.obj                20      0         0      
       strlen.obj                    20      0         0      
       copy_decompress_none.obj      14      0         0      
       copy_zero_init.obj            12      0         0      
       errno.obj                     0       0         8      
       stkdepth_vars.obj             0       0         8      
       pre_init.obj                  4       0         0      
       mpu_init.obj                  2       0         0      
       startup.obj                   2       0         0      
    +--+-----------------------------+-------+---------+---------+
       Total:                        7814    257       56     
                                                              
       Stack:                        0       0         1024   
       Linker Generated:             0       102       0      
    +--+-----------------------------+-------+---------+---------+
       Grand Total:                  17160   4329      3308   


LINKER GENERATED COPY TABLES

__TI_cinit_table @ 000053f0 records: 2, size/record: 8, table size: 16
	.data: load addr=00005398, load size=00000042 bytes, run addr=20000410, run size=00000068 bytes, compression=lzss
	.bss: load addr=000053e8, load size=00000008 bytes, run addr=20000000, run size=00000410 bytes, compression=zero_init


LINKER GENERATED HANDLER TABLE

__TI_handler_table @ 000053dc records: 3, size/record: 4, table size: 12
	index: 0, handler: __TI_decompress_lzss
	index: 1, handler: __TI_decompress_none
	index: 2, handler: __TI_zero_init


GLOBAL SYMBOLS: SORTED ALPHABETICALLY BY Name 

address   name                           
-------   ----                           
000043e3  ADC14_IRQHandler               
000043e3  AES256_IRQHandler              
000043e3  BusFault_Handler               
00004189  C$$EXIT                        
000043e3  COMP_E0_IRQHandler             
000043e3  COMP_E1_IRQHandler             
000043e3  CS_IRQHandler                  
20000456  Color_Fondo                    
2000045a  Color_Fondo_Inv                
20000458  Color_Texto                    
2000045c  Color_Texto_Inv                
000043e3  DMA_ERR_IRQHandler             
000043e3  DMA_INT0_IRQHandler            
000043e3  DMA_INT1_IRQHandler            
000043e3  DMA_INT2_IRQHandler            
000043e3  DMA_INT3_IRQHandler            
000043e3  DebugMon_Handler               
000043e3  Default_Handler                
000043e3  EUSCIA0_IRQHandler             
000043e3  EUSCIA1_IRQHandler             
000043e3  EUSCIA2_IRQHandler             
000043e3  EUSCIA3_IRQHandler             
000043e3  EUSCIB0_IRQHandler             
000043e3  EUSCIB1_IRQHandler             
000043e3  EUSCIB2_IRQHandler             
000043e3  EUSCIB3_IRQHandler             
000043e3  FLCTL_IRQHandler               
000043e3  FPU_IRQHandler                 
20000455  Fuente                         
000043e3  HardFault_Handler              
000043e3  MemManage_Handler              
000043e3  NMI_Handler                    
000043e3  PCM_IRQHandler                 
000043e3  PORT1_IRQHandler               
000043e3  PORT2_IRQHandler               
00002fe9  PORT3_IRQHandler               
00002fe9  PORT3_IRQHandler               
00003039  PORT4_IRQHandler               
00003039  PORT4_IRQHandler               
000030a9  PORT5_IRQHandler               
000030a9  PORT5_IRQHandler               
000043e3  PORT6_IRQHandler               
000043e3  PSS_IRQHandler                 
000043e3  PendSV_Handler                 
000043e3  RTC_C_IRQHandler               
000043d7  Reset_Handler                  
UNDEFED   SHT$$INIT_ARRAY$$Base          
UNDEFED   SHT$$INIT_ARRAY$$Limit         
000043e3  SVC_Handler                    
000043e3  SysTick_Handler                
20000474  SystemCoreClock                
0000316d  SystemCoreClockUpdate          
000033e1  SystemInit                     
000043e3  T32_INT1_IRQHandler            
000043e3  T32_INT2_IRQHandler            
000043e3  T32_INTC_IRQHandler            
0000311d  TA0_0_IRQHandler               
0000311d  TA0_0_IRQHandler               
000043e3  TA0_N_IRQHandler               
000043e3  TA1_0_IRQHandler               
000043e3  TA1_N_IRQHandler               
000043e3  TA2_0_IRQHandler               
000043e3  TA2_N_IRQHandler               
000043e3  TA3_0_IRQHandler               
000043e3  TA3_N_IRQHandler               
000043e3  UsageFault_Handler             
4000480c  WDTCTL_SYM                     
000043e3  WDT_A_IRQHandler               
20010000  __STACK_END                    
00000200  __STACK_SIZE                   
000053f0  __TI_CINIT_Base                
00005400  __TI_CINIT_Limit               
000053dc  __TI_Handler_Table_Base        
000053e8  __TI_Handler_Table_Limit       
00003f99  __TI_auto_init                 
20000448  __TI_cleanup_ptr               
00004009  __TI_decompress_lzss           
000043c9  __TI_decompress_none           
2000044c  __TI_dtors_ptr                 
20000450  __TI_enable_exit_profile_output
ffffffff  __TI_pprof_out_hndl            
00000929  __TI_printfi                   
ffffffff  __TI_prof_data_size            
ffffffff  __TI_prof_data_start           
00000000  __TI_static_base__             
000043e5  __TI_zero_init                 
00003d99  __aeabi_cdcmpeq                
00003d99  __aeabi_cdcmple                
00003e1f  __aeabi_cdrcmple               
000042c9  __aeabi_d2iz                   
00003697  __aeabi_dadd                   
000039cd  __aeabi_ddiv                   
00003b03  __aeabi_dmul                   
0000368d  __aeabi_dsub                   
00004311  __aeabi_i2d                    
00003ea5  __aeabi_memclr                 
00003ea5  __aeabi_memclr4                
00003ea5  __aeabi_memclr8                
00003cfd  __aeabi_memcpy                 
00003cfd  __aeabi_memcpy4                
00003cfd  __aeabi_memcpy8                
00003ea7  __aeabi_memset                 
00003ea7  __aeabi_memset4                
00003ea7  __aeabi_memset8                
00003499  __aeabi_uldivmod               
ffffffff  __binit__                      
ffffffff  __c_args__                     
00001223  __mpu_init                     
2000fe00  __stack                        
0000435d  _args_main                     
00004135  _c_int00                       
00005272  _ctypes_                       
20000460  _lock                          
0000439b  _nop                           
20000454  _orientation                   
00004393  _register_lock                 
0000438d  _register_unlock               
00003843  _system_post_cinit             
000043f1  _system_pre_init               
20000464  _unlock                        
0000418d  abort                          
00004231  atoi                           
20000420  augmentTemps                   
00002d25  augmentarTemps                 
2000046b  bgColorHighByte                
2000046a  bgColorLowByte                 
ffffffff  binit                          
20000428  borrado                        
00002b79  borrar                         
20000400  cadena                         
000026a1  cambiar_orientacion            
00001261  clearScreen                    
000012ef  clearScreenBkg                 
20000469  colorHighByte                  
20000468  colorLowByte                   
00002d4d  config_P7_LEDS                 
0000427d  copy_in                        
000043a1  copysign                       
000043a1  copysignl                      
20000424  counter                        
00003969  delay                          
00002d01  delay_t                        
00002d33  disminuirTemps                 
00001661  drawCharLg                     
00001709  drawCharLgBkg                  
000017ed  drawCharMd                     
0000189b  drawCharMdBkg                  
000014e1  drawCharSm                     
00001587  drawCharSmBkg                  
00001edb  drawCircle                     
000019fd  drawImage                      
00001a15  drawImageLut                   
00001b23  drawImageMono                  
00001c81  drawLine                       
00001b41  drawLogicLine                  
00001377  drawPixel                      
00001e77  drawRect                       
000013a7  drawString                     
2000046c  errno                          
00002b8d  escribir                       
20000411  estado                         
20000412  estado_anterior                
20000413  estatSeq                       
20000414  estatSeqAnterior               
00004195  exit                           
000020f9  fillCircle                     
0000205b  fillRect                       
000043f4  font_11x16                     
00005092  font_5x7                       
00004c1e  font_8x12                      
00004071  frexp                          
00004071  frexpl                         
0000231b  getAltura                      
000022c9  getColumna                     
00002277  getLinea                       
00002271  getOrientacion                 
00002377  getScreenHeight                
00002361  getScreenWidth                 
00002831  halLcdClearLine                
000026cf  halLcdClearScreen              
000026f3  halLcdClearScreenBkg           
000029a5  halLcdDrawCircle               
00002aad  halLcdDrawImageLut             
000028f9  halLcdDrawLine                 
000028a7  halLcdDrawPixel                
0000294d  halLcdDrawRect                 
00002a51  halLcdFillCircle               
000029f5  halLcdFillRect                 
000026c3  halLcdInit                     
00002713  halLcdPrintLine                
00002793  halLcdPrintLineCol             
000024ed  initLCD                        
00002b6d  init_LCD                       
00002ba3  init_botons                    
00002b19  init_interrupciones            
00003845  init_spi_lcd_tactil            
00002ce9  init_timer                     
00003f21  init_ucs_16MHz                 
00003f59  init_ucs_24MHz                 
00000000  interruptVectors               
00003c01  ldexp                          
00003c01  ldexpl                         
20000410  linea                          
000041dd  ltoa                           
00002d7d  main                           
20000470  main_func_sp                   
0000433f  memccpy                        
00003cfd  memcpy                         
00003ead  memset                         
20000418  retraso                        
20000438  saludo                         
00003c01  scalbn                         
00003c01  scalbnl                        
00002f99  seq_dreta                      
00002f45  seq_esquerra                   
0000238d  setArea                        
00001243  setBackgroundColor             
00001225  setColor                       
00002633  setOrientation                 
000040d5  sprintf                        
00004375  strchr                         
000043b5  strlen                         
2000041c  temps                          
00003943  writeCommand                   
0000391d  writeData                      


GLOBAL SYMBOLS: SORTED BY Symbol Address 

address   name                           
-------   ----                           
00000000  __TI_static_base__             
00000000  interruptVectors               
00000200  __STACK_SIZE                   
00000929  __TI_printfi                   
00001223  __mpu_init                     
00001225  setColor                       
00001243  setBackgroundColor             
00001261  clearScreen                    
000012ef  clearScreenBkg                 
00001377  drawPixel                      
000013a7  drawString                     
000014e1  drawCharSm                     
00001587  drawCharSmBkg                  
00001661  drawCharLg                     
00001709  drawCharLgBkg                  
000017ed  drawCharMd                     
0000189b  drawCharMdBkg                  
000019fd  drawImage                      
00001a15  drawImageLut                   
00001b23  drawImageMono                  
00001b41  drawLogicLine                  
00001c81  drawLine                       
00001e77  drawRect                       
00001edb  drawCircle                     
0000205b  fillRect                       
000020f9  fillCircle                     
00002271  getOrientacion                 
00002277  getLinea                       
000022c9  getColumna                     
0000231b  getAltura                      
00002361  getScreenWidth                 
00002377  getScreenHeight                
0000238d  setArea                        
000024ed  initLCD                        
00002633  setOrientation                 
000026a1  cambiar_orientacion            
000026c3  halLcdInit                     
000026cf  halLcdClearScreen              
000026f3  halLcdClearScreenBkg           
00002713  halLcdPrintLine                
00002793  halLcdPrintLineCol             
00002831  halLcdClearLine                
000028a7  halLcdDrawPixel                
000028f9  halLcdDrawLine                 
0000294d  halLcdDrawRect                 
000029a5  halLcdDrawCircle               
000029f5  halLcdFillRect                 
00002a51  halLcdFillCircle               
00002aad  halLcdDrawImageLut             
00002b19  init_interrupciones            
00002b6d  init_LCD                       
00002b79  borrar                         
00002b8d  escribir                       
00002ba3  init_botons                    
00002ce9  init_timer                     
00002d01  delay_t                        
00002d25  augmentarTemps                 
00002d33  disminuirTemps                 
00002d4d  config_P7_LEDS                 
00002d7d  main                           
00002f45  seq_esquerra                   
00002f99  seq_dreta                      
00002fe9  PORT3_IRQHandler               
00002fe9  PORT3_IRQHandler               
00003039  PORT4_IRQHandler               
00003039  PORT4_IRQHandler               
000030a9  PORT5_IRQHandler               
000030a9  PORT5_IRQHandler               
0000311d  TA0_0_IRQHandler               
0000311d  TA0_0_IRQHandler               
0000316d  SystemCoreClockUpdate          
000033e1  SystemInit                     
00003499  __aeabi_uldivmod               
0000368d  __aeabi_dsub                   
00003697  __aeabi_dadd                   
00003843  _system_post_cinit             
00003845  init_spi_lcd_tactil            
0000391d  writeData                      
00003943  writeCommand                   
00003969  delay                          
000039cd  __aeabi_ddiv                   
00003b03  __aeabi_dmul                   
00003c01  ldexp                          
00003c01  ldexpl                         
00003c01  scalbn                         
00003c01  scalbnl                        
00003cfd  __aeabi_memcpy                 
00003cfd  __aeabi_memcpy4                
00003cfd  __aeabi_memcpy8                
00003cfd  memcpy                         
00003d99  __aeabi_cdcmpeq                
00003d99  __aeabi_cdcmple                
00003e1f  __aeabi_cdrcmple               
00003ea5  __aeabi_memclr                 
00003ea5  __aeabi_memclr4                
00003ea5  __aeabi_memclr8                
00003ea7  __aeabi_memset                 
00003ea7  __aeabi_memset4                
00003ea7  __aeabi_memset8                
00003ead  memset                         
00003f21  init_ucs_16MHz                 
00003f59  init_ucs_24MHz                 
00003f99  __TI_auto_init                 
00004009  __TI_decompress_lzss           
00004071  frexp                          
00004071  frexpl                         
000040d5  sprintf                        
00004135  _c_int00                       
00004189  C$$EXIT                        
0000418d  abort                          
00004195  exit                           
000041dd  ltoa                           
00004231  atoi                           
0000427d  copy_in                        
000042c9  __aeabi_d2iz                   
00004311  __aeabi_i2d                    
0000433f  memccpy                        
0000435d  _args_main                     
00004375  strchr                         
0000438d  _register_unlock               
00004393  _register_lock                 
0000439b  _nop                           
000043a1  copysign                       
000043a1  copysignl                      
000043b5  strlen                         
000043c9  __TI_decompress_none           
000043d7  Reset_Handler                  
000043e3  ADC14_IRQHandler               
000043e3  AES256_IRQHandler              
000043e3  BusFault_Handler               
000043e3  COMP_E0_IRQHandler             
000043e3  COMP_E1_IRQHandler             
000043e3  CS_IRQHandler                  
000043e3  DMA_ERR_IRQHandler             
000043e3  DMA_INT0_IRQHandler            
000043e3  DMA_INT1_IRQHandler            
000043e3  DMA_INT2_IRQHandler            
000043e3  DMA_INT3_IRQHandler            
000043e3  DebugMon_Handler               
000043e3  Default_Handler                
000043e3  EUSCIA0_IRQHandler             
000043e3  EUSCIA1_IRQHandler             
000043e3  EUSCIA2_IRQHandler             
000043e3  EUSCIA3_IRQHandler             
000043e3  EUSCIB0_IRQHandler             
000043e3  EUSCIB1_IRQHandler             
000043e3  EUSCIB2_IRQHandler             
000043e3  EUSCIB3_IRQHandler             
000043e3  FLCTL_IRQHandler               
000043e3  FPU_IRQHandler                 
000043e3  HardFault_Handler              
000043e3  MemManage_Handler              
000043e3  NMI_Handler                    
000043e3  PCM_IRQHandler                 
000043e3  PORT1_IRQHandler               
000043e3  PORT2_IRQHandler               
000043e3  PORT6_IRQHandler               
000043e3  PSS_IRQHandler                 
000043e3  PendSV_Handler                 
000043e3  RTC_C_IRQHandler               
000043e3  SVC_Handler                    
000043e3  SysTick_Handler                
000043e3  T32_INT1_IRQHandler            
000043e3  T32_INT2_IRQHandler            
000043e3  T32_INTC_IRQHandler            
000043e3  TA0_N_IRQHandler               
000043e3  TA1_0_IRQHandler               
000043e3  TA1_N_IRQHandler               
000043e3  TA2_0_IRQHandler               
000043e3  TA2_N_IRQHandler               
000043e3  TA3_0_IRQHandler               
000043e3  TA3_N_IRQHandler               
000043e3  UsageFault_Handler             
000043e3  WDT_A_IRQHandler               
000043e5  __TI_zero_init                 
000043f1  _system_pre_init               
000043f4  font_11x16                     
00004c1e  font_8x12                      
00005092  font_5x7                       
00005272  _ctypes_                       
000053dc  __TI_Handler_Table_Base        
000053e8  __TI_Handler_Table_Limit       
000053f0  __TI_CINIT_Base                
00005400  __TI_CINIT_Limit               
20000400  cadena                         
20000410  linea                          
20000411  estado                         
20000412  estado_anterior                
20000413  estatSeq                       
20000414  estatSeqAnterior               
20000418  retraso                        
2000041c  temps                          
20000420  augmentTemps                   
20000424  counter                        
20000428  borrado                        
20000438  saludo                         
20000448  __TI_cleanup_ptr               
2000044c  __TI_dtors_ptr                 
20000450  __TI_enable_exit_profile_output
20000454  _orientation                   
20000455  Fuente                         
20000456  Color_Fondo                    
20000458  Color_Texto                    
2000045a  Color_Fondo_Inv                
2000045c  Color_Texto_Inv                
20000460  _lock                          
20000464  _unlock                        
20000468  colorLowByte                   
20000469  colorHighByte                  
2000046a  bgColorLowByte                 
2000046b  bgColorHighByte                
2000046c  errno                          
20000470  main_func_sp                   
20000474  SystemCoreClock                
2000fe00  __stack                        
20010000  __STACK_END                    
4000480c  WDTCTL_SYM                     
ffffffff  __TI_pprof_out_hndl            
ffffffff  __TI_prof_data_size            
ffffffff  __TI_prof_data_start           
ffffffff  __binit__                      
ffffffff  __c_args__                     
ffffffff  binit                          
UNDEFED   SHT$$INIT_ARRAY$$Base          
UNDEFED   SHT$$INIT_ARRAY$$Limit         

[225 symbols]
